******************************************************************************
             TMS320C2000 Linker PC v6.1.3                      
******************************************************************************
>> Linked Wed Jun 03 16:18:14 2015

OUTPUT FILE NAME:   <./ReleaseMW/Batman_Code.out>
ENTRY POINT SYMBOL: "code_start"  address: 00000000


MEMORY CONFIGURATION

         name            origin    length      used     unused   attr    fill
----------------------  --------  ---------  --------  --------  ----  --------
PAGE 0:
  BEGINRAM              00000000   00000002  00000002  00000000  RWIX
  RAMM0                 00000002   000003fe  00000000  000003fe  RWIX
  RAML0L3               00008000   00004000  0000209d  00001f63  RWIX
  FLASH                 00300000   0003fff6  00000000  0003fff6  RWIX
  BEGINFLASH            0033fff6   00000002  00000000  00000002  RWIX
  ADC_CAL               00380080   00000009  00000007  00000002  RWIX
  OTP                   00380400   00000400  00000000  00000400  RWIX
  CSM_PWL               003f7ff8   00000008  00000000  00000008  RWIX
  IQTABLES              003fe000   00000b50  00000000  00000b50  RWIX
  IQTABLES2             003feb50   0000008c  00000000  0000008c  RWIX
  FPUTABLES             003febdc   000006a0  00000000  000006a0  RWIX
  ROM                   003ff27c   00000d44  00000000  00000d44  RWIX
  RESET                 003fffc0   00000002  00000000  00000002  RWIX
  VECTORS               003fffc2   0000003e  00000000  0000003e  RWIX

PAGE 1:
  RAMM1                 00000400   00000400  00000258  000001a8  RWIX
  DEV_EMU               00000880   00000180  000000d0  000000b0  RWIX
  FLASH_REGS            00000a80   00000060  00000008  00000058  RWIX
  CSM                   00000ae0   00000010  00000010  00000000  RWIX
  ADC_MIRROR            00000b00   00000010  00000010  00000000  RWIX
  XINTF                 00000b20   00000020  0000001e  00000002  RWIX
  CPU_TIMER0            00000c00   00000008  00000008  00000000  RWIX
  CPU_TIMER1            00000c08   00000008  00000008  00000000  RWIX
  CPU_TIMER2            00000c10   00000008  00000008  00000000  RWIX
  PIE_CTRL              00000ce0   00000020  0000001a  00000006  RWIX
  PIE_VECT              00000d00   00000100  00000100  00000000  RWIX
  DMA                   00001000   00000200  000000e0  00000120  RWIX
  MCBSPA                00005000   00000040  00000025  0000001b  RWIX
  MCBSPB                00005040   00000040  00000025  0000001b  RWIX
  ECANA                 00006000   00000040  00000034  0000000c  RWIX
  ECANA_LAM             00006040   00000040  00000040  00000000  RWIX
  ECANA_MOTS            00006080   00000040  00000040  00000000  RWIX
  ECANA_MOTO            000060c0   00000040  00000040  00000000  RWIX
  ECANA_MBOX            00006100   00000100  00000100  00000000  RWIX
  ECANB                 00006200   00000040  00000034  0000000c  RWIX
  ECANB_LAM             00006240   00000040  00000040  00000000  RWIX
  ECANB_MOTS            00006280   00000040  00000040  00000000  RWIX
  ECANB_MOTO            000062c0   00000040  00000040  00000000  RWIX
  ECANB_MBOX            00006300   00000100  00000100  00000000  RWIX
  EPWM1                 00006800   00000022  00000022  00000000  RWIX
  EPWM2                 00006840   00000022  00000022  00000000  RWIX
  EPWM3                 00006880   00000022  00000022  00000000  RWIX
  EPWM4                 000068c0   00000022  00000022  00000000  RWIX
  EPWM5                 00006900   00000022  00000022  00000000  RWIX
  EPWM6                 00006940   00000022  00000022  00000000  RWIX
  ECAP1                 00006a00   00000020  00000020  00000000  RWIX
  ECAP2                 00006a20   00000020  00000020  00000000  RWIX
  ECAP3                 00006a40   00000020  00000020  00000000  RWIX
  ECAP4                 00006a60   00000020  00000020  00000000  RWIX
  ECAP5                 00006a80   00000020  00000020  00000000  RWIX
  ECAP6                 00006aa0   00000020  00000020  00000000  RWIX
  EQEP1                 00006b00   00000040  00000040  00000000  RWIX
  EQEP2                 00006b40   00000040  00000040  00000000  RWIX
  GPIOCTRL              00006f80   00000040  0000002e  00000012  RWIX
  GPIODAT               00006fc0   00000020  00000020  00000000  RWIX
  GPIOINT               00006fe0   00000020  0000000a  00000016  RWIX
  SYSTEM                00007010   00000020  00000020  00000000  RWIX
  SPIA                  00007040   00000010  00000010  00000000  RWIX
  SCIA                  00007050   00000010  00000010  00000000  RWIX
  XINTRUPT              00007070   00000010  00000010  00000000  RWIX
  ADC                   00007100   00000020  0000001e  00000002  RWIX
  SCIB                  00007750   00000010  00000010  00000000  RWIX
  SCIC                  00007770   00000010  00000010  00000000  RWIX
  I2CA                  00007900   00000040  00000022  0000001e  RWIX
  RAML4L7               0000c000   00004000  000002d9  00003d27  RWIX
  CSM_PWL               0033fff8   00000008  00000008  00000000  RWIX


SECTION ALLOCATION MAP

 output                                  attributes/
section   page    origin      length       input sections
--------  ----  ----------  ----------   ----------------
.pinit     0    00008000    00000000     UNINITIALIZED

codestart 
*          0    00000000    00000002     
                  00000000    00000002     DSP2833x_CodeStartBranch.obj (codestart)

.text      0    00008000    00001dba     
                  00008000    00000893     Batman_Code.obj (.text)
                  00008893    000004b7     F28335DSPCommunication.obj (.text)
                  00008d4a    000003a3     DSP2833x_DMA.obj (.text)
                  000090ed    00000316     DSP2833x_DefaultIsr.obj (.text:retain)
                  00009403    0000018c     MW_c28xx_csl.obj (.text:retain)
                  0000958f    0000017c     MW_c28xx_pwm.obj (.text)
                  0000970b    00000127     MW_c28xx_board.obj (.text)
                  00009832    000000f9     DSP2833x_SysCtrl.obj (.text)
                  0000992b    000000e3     MW_c28xx_can.obj (.text)
                  00009a0e    00000088     rts2800_fpu32.lib : fs_div.obj (.text)
                  00009a96    00000078     Batman_Code_main.obj (.text)
                  00009b0e    00000063     MW_c28xx_csl.obj (.text)
                  00009b71    0000005c     DSP2833x_CpuTimers.obj (.text)
                  00009bcd    0000004f     rt_nonfinite.obj (.text)
                  00009c1c    00000046     rts2800_fpu32.lib : boot.obj (.text)
                  00009c62    00000035     F28335DSPCommunication.obj (.text:retain)
                  00009c97    00000032     rts2800_fpu32.lib : fmod.obj (.text)
                  00009cc9    00000028     DSP2833x_PieCtrl.obj (.text)
                  00009cf1    00000022     rts2800_fpu32.lib : i_div.obj (.text)
                  00009d13    0000001c     rtGetInf.obj (.text)
                  00009d2f    0000001a     rts2800_fpu32.lib : modf.obj (.text)
                  00009d49    00000019                       : args_main.obj (.text)
                  00009d62    00000019                       : exit.obj (.text)
                  00009d7b    00000011     DSP2833x_PieVect.obj (.text)
                  00009d8c    0000000f     DSP2833x_MemCopy.obj (.text)
                  00009d9b    0000000e     rtGetNaN.obj (.text)
                  00009da9    00000009     rts2800_fpu32.lib : _lock.obj (.text)
                  00009db2    00000008     DSP2833x_CodeStartBranch.obj (.text)

dmcfuncs   0    00009dba    0000021a     
                  00009dba    0000021a     sfcn_lnc_wrapper.obj (dmcfuncs)

.cinit     0    00009fd4    000000a8     
                  00009fd4    00000080     F28335DSPCommunication.obj (.cinit)
                  0000a054    0000000e     Batman_Code_main.obj (.cinit)
                  0000a062    0000000a     rts2800_fpu32.lib : _lock.obj (.cinit)
                  0000a06c    0000000a                       : exit.obj (.cinit)
                  0000a076    00000004     Batman_Code.obj (.cinit)
                  0000a07a    00000002     --HOLE-- [fill = 0]

ramfuncs   0    0000a07c    00000021     
                  0000a07c    0000001d     DSP2833x_SysCtrl.obj (ramfuncs)
                  0000a099    00000004     DSP2833x_usDelay.obj (ramfuncs)

.adc_cal   0    00380080    00000007     NOLOAD SECTION
                  00380080    00000007     DSP2833x_ADC_cal.obj (.adc_cal)

.reset     0    003fffc0    00000002     DSECT
                  003fffc0    00000002     rts2800_fpu32.lib : boot.obj (.reset)

.stack     1    00000400    00000258     UNINITIALIZED
                  00000400    00000258     --HOLE--

DevEmuRegsFile 
*          1    00000880    000000d0     UNINITIALIZED
                  00000880    000000d0     DSP2833x_GlobalVariableDefs.obj (DevEmuRegsFile)

FlashRegsFile 
*          1    00000a80    00000008     UNINITIALIZED
                  00000a80    00000008     DSP2833x_GlobalVariableDefs.obj (FlashRegsFile)

CsmRegsFile 
*          1    00000ae0    00000010     UNINITIALIZED
                  00000ae0    00000010     DSP2833x_GlobalVariableDefs.obj (CsmRegsFile)

AdcMirrorFile 
*          1    00000b00    00000010     UNINITIALIZED
                  00000b00    00000010     DSP2833x_GlobalVariableDefs.obj (AdcMirrorFile)

XintfRegsFile 
*          1    00000b20    0000001e     UNINITIALIZED
                  00000b20    0000001e     DSP2833x_GlobalVariableDefs.obj (XintfRegsFile)

CpuTimer0RegsFile 
*          1    00000c00    00000008     UNINITIALIZED
                  00000c00    00000008     DSP2833x_GlobalVariableDefs.obj (CpuTimer0RegsFile)

CpuTimer1RegsFile 
*          1    00000c08    00000008     UNINITIALIZED
                  00000c08    00000008     DSP2833x_GlobalVariableDefs.obj (CpuTimer1RegsFile)

CpuTimer2RegsFile 
*          1    00000c10    00000008     UNINITIALIZED
                  00000c10    00000008     DSP2833x_GlobalVariableDefs.obj (CpuTimer2RegsFile)

PieCtrlRegsFile 
*          1    00000ce0    0000001a     UNINITIALIZED
                  00000ce0    0000001a     DSP2833x_GlobalVariableDefs.obj (PieCtrlRegsFile)

PieVectTableFile 
*          1    00000d00    00000100     UNINITIALIZED
                  00000d00    00000100     DSP2833x_GlobalVariableDefs.obj (PieVectTableFile)

DmaRegsFile 
*          1    00001000    000000e0     UNINITIALIZED
                  00001000    000000e0     DSP2833x_GlobalVariableDefs.obj (DmaRegsFile)

McbspaRegsFile 
*          1    00005000    00000025     UNINITIALIZED
                  00005000    00000025     DSP2833x_GlobalVariableDefs.obj (McbspaRegsFile)

McbspbRegsFile 
*          1    00005040    00000025     UNINITIALIZED
                  00005040    00000025     DSP2833x_GlobalVariableDefs.obj (McbspbRegsFile)

ECanaRegsFile 
*          1    00006000    00000034     UNINITIALIZED
                  00006000    00000034     DSP2833x_GlobalVariableDefs.obj (ECanaRegsFile)

ECanaLAMRegsFile 
*          1    00006040    00000040     UNINITIALIZED
                  00006040    00000040     DSP2833x_GlobalVariableDefs.obj (ECanaLAMRegsFile)

ECanaMOTSRegsFile 
*          1    00006080    00000040     UNINITIALIZED
                  00006080    00000040     DSP2833x_GlobalVariableDefs.obj (ECanaMOTSRegsFile)

ECanaMOTORegsFile 
*          1    000060c0    00000040     UNINITIALIZED
                  000060c0    00000040     DSP2833x_GlobalVariableDefs.obj (ECanaMOTORegsFile)

ECanaMboxesFile 
*          1    00006100    00000100     UNINITIALIZED
                  00006100    00000100     DSP2833x_GlobalVariableDefs.obj (ECanaMboxesFile)

ECanbRegsFile 
*          1    00006200    00000034     UNINITIALIZED
                  00006200    00000034     DSP2833x_GlobalVariableDefs.obj (ECanbRegsFile)

ECanbLAMRegsFile 
*          1    00006240    00000040     UNINITIALIZED
                  00006240    00000040     DSP2833x_GlobalVariableDefs.obj (ECanbLAMRegsFile)

ECanbMOTSRegsFile 
*          1    00006280    00000040     UNINITIALIZED
                  00006280    00000040     DSP2833x_GlobalVariableDefs.obj (ECanbMOTSRegsFile)

ECanbMOTORegsFile 
*          1    000062c0    00000040     UNINITIALIZED
                  000062c0    00000040     DSP2833x_GlobalVariableDefs.obj (ECanbMOTORegsFile)

ECanbMboxesFile 
*          1    00006300    00000100     UNINITIALIZED
                  00006300    00000100     DSP2833x_GlobalVariableDefs.obj (ECanbMboxesFile)

EPwm1RegsFile 
*          1    00006800    00000022     UNINITIALIZED
                  00006800    00000022     DSP2833x_GlobalVariableDefs.obj (EPwm1RegsFile)

EPwm2RegsFile 
*          1    00006840    00000022     UNINITIALIZED
                  00006840    00000022     DSP2833x_GlobalVariableDefs.obj (EPwm2RegsFile)

EPwm3RegsFile 
*          1    00006880    00000022     UNINITIALIZED
                  00006880    00000022     DSP2833x_GlobalVariableDefs.obj (EPwm3RegsFile)

EPwm4RegsFile 
*          1    000068c0    00000022     UNINITIALIZED
                  000068c0    00000022     DSP2833x_GlobalVariableDefs.obj (EPwm4RegsFile)

EPwm5RegsFile 
*          1    00006900    00000022     UNINITIALIZED
                  00006900    00000022     DSP2833x_GlobalVariableDefs.obj (EPwm5RegsFile)

EPwm6RegsFile 
*          1    00006940    00000022     UNINITIALIZED
                  00006940    00000022     DSP2833x_GlobalVariableDefs.obj (EPwm6RegsFile)

ECap1RegsFile 
*          1    00006a00    00000020     UNINITIALIZED
                  00006a00    00000020     DSP2833x_GlobalVariableDefs.obj (ECap1RegsFile)

ECap2RegsFile 
*          1    00006a20    00000020     UNINITIALIZED
                  00006a20    00000020     DSP2833x_GlobalVariableDefs.obj (ECap2RegsFile)

ECap3RegsFile 
*          1    00006a40    00000020     UNINITIALIZED
                  00006a40    00000020     DSP2833x_GlobalVariableDefs.obj (ECap3RegsFile)

ECap4RegsFile 
*          1    00006a60    00000020     UNINITIALIZED
                  00006a60    00000020     DSP2833x_GlobalVariableDefs.obj (ECap4RegsFile)

ECap5RegsFile 
*          1    00006a80    00000020     UNINITIALIZED
                  00006a80    00000020     DSP2833x_GlobalVariableDefs.obj (ECap5RegsFile)

ECap6RegsFile 
*          1    00006aa0    00000020     UNINITIALIZED
                  00006aa0    00000020     DSP2833x_GlobalVariableDefs.obj (ECap6RegsFile)

EQep1RegsFile 
*          1    00006b00    00000040     UNINITIALIZED
                  00006b00    00000040     DSP2833x_GlobalVariableDefs.obj (EQep1RegsFile)

EQep2RegsFile 
*          1    00006b40    00000040     UNINITIALIZED
                  00006b40    00000040     DSP2833x_GlobalVariableDefs.obj (EQep2RegsFile)

GpioCtrlRegsFile 
*          1    00006f80    0000002e     UNINITIALIZED
                  00006f80    0000002e     DSP2833x_GlobalVariableDefs.obj (GpioCtrlRegsFile)

GpioDataRegsFile 
*          1    00006fc0    00000020     UNINITIALIZED
                  00006fc0    00000020     DSP2833x_GlobalVariableDefs.obj (GpioDataRegsFile)

GpioIntRegsFile 
*          1    00006fe0    0000000a     UNINITIALIZED
                  00006fe0    0000000a     DSP2833x_GlobalVariableDefs.obj (GpioIntRegsFile)

SysCtrlRegsFile 
*          1    00007010    00000020     UNINITIALIZED
                  00007010    00000020     DSP2833x_GlobalVariableDefs.obj (SysCtrlRegsFile)

SpiaRegsFile 
*          1    00007040    00000010     UNINITIALIZED
                  00007040    00000010     DSP2833x_GlobalVariableDefs.obj (SpiaRegsFile)

SciaRegsFile 
*          1    00007050    00000010     UNINITIALIZED
                  00007050    00000010     DSP2833x_GlobalVariableDefs.obj (SciaRegsFile)

XIntruptRegsFile 
*          1    00007070    00000010     UNINITIALIZED
                  00007070    00000010     DSP2833x_GlobalVariableDefs.obj (XIntruptRegsFile)

AdcRegsFile 
*          1    00007100    0000001e     UNINITIALIZED
                  00007100    0000001e     DSP2833x_GlobalVariableDefs.obj (AdcRegsFile)

ScibRegsFile 
*          1    00007750    00000010     UNINITIALIZED
                  00007750    00000010     DSP2833x_GlobalVariableDefs.obj (ScibRegsFile)

ScicRegsFile 
*          1    00007770    00000010     UNINITIALIZED
                  00007770    00000010     DSP2833x_GlobalVariableDefs.obj (ScicRegsFile)

I2caRegsFile 
*          1    00007900    00000022     UNINITIALIZED
                  00007900    00000022     DSP2833x_GlobalVariableDefs.obj (I2caRegsFile)

.bss       1    0000c000    00000000     UNINITIALIZED

.ebss      1    0000c000    000001d4     UNINITIALIZED
                  0000c000    0000011e     Batman_Code.obj (.ebss)
                  0000c11e    00000018     DSP2833x_CpuTimers.obj (.ebss)
                  0000c136    00000005     Batman_Code_main.obj (.ebss)
                  0000c13b    00000001     --HOLE--
                  0000c13c    00000004     rts2800_fpu32.lib : _lock.obj (.ebss)
                  0000c140    00000073     F28335DSPCommunication.obj (.ebss)
                  0000c1b3    00000001     --HOLE--
                  0000c1b4    0000000c     rt_nonfinite.obj (.ebss)
                  0000c1c0    00000010     can_datatype_ground.obj (.ebss)
                  0000c1d0    00000004     rts2800_fpu32.lib : exit.obj (.ebss)

.data      1    0000c000    00000000     UNINITIALIZED

.econst    1    0000c1d4    00000105     
                  0000c1d4    00000100     DSP2833x_PieVect.obj (.econst)
                  0000c2d4    00000002     Batman_Code.obj (.econst)
                  0000c2d6    00000002     rtGetNaN.obj (.econst)
                  0000c2d8    00000001     Batman_Code_data.obj (.econst)

CsmPwlFile 
*          1    0033fff8    00000008     UNINITIALIZED
                  0033fff8    00000008     DSP2833x_GlobalVariableDefs.obj (CsmPwlFile)


GLOBAL SYMBOLS: SORTED ALPHABETICALLY BY Name 

address    name
--------   ----
0000c000   .bss
0000c000   .data
00008000   .text
00009d62   C$$EXIT
00009a0e   FS$$DIV
00009cf1   I$$DIV
00009d02   I$$MOD
000093f9   _ADCINT_ISR
00380080   _ADC_cal
00000b00   _AdcMirror
00007100   _AdcRegs
0000c040   _Batman_Code_B
0000c2d8   _Batman_Code_ConstB
0000c0c0   _Batman_Code_DWork
0000c2d4   _Batman_Code_M
0000c002   _Batman_Code_M_
0000888b   _Batman_Code_SetEventsForThisBaseStep
000086b2   _Batman_Code_initialize
000086a8   _Batman_Code_step
000086a0   _Batman_Code_step0
0000869b   _Batman_Code_step1
0000869a   _Batman_Code_terminate
0000c1c0   _CAN_DATATYPE_GROUND
0000c148   _ComMode
00008c41   _CommunicationTrigger
00009bac   _ConfigCpuTimer
0000c12e   _CpuTimer0
00000c00   _CpuTimer0Regs
0000c11e   _CpuTimer1
00000c08   _CpuTimer1Regs
0000c126   _CpuTimer2
00000c10   _CpuTimer2Regs
0033fff8   _CsmPwl
00000ae0   _CsmRegs
000098fd   _CsmUnlock
000093ef   _DATALOG_ISR
000093e5   _DINTCH1_ISR
000093db   _DINTCH2_ISR
000093d1   _DINTCH3_ISR
000093c7   _DINTCH4_ISR
000093bd   _DINTCH5_ISR
000093b3   _DINTCH6_ISR
000090e3   _DMACH1AddrConfig
000090da   _DMACH1BurstConfig
00009071   _DMACH1ModeConfig
00009068   _DMACH1TransferConfig
0000905e   _DMACH1WrapConfig
00009054   _DMACH2AddrConfig
0000904b   _DMACH2BurstConfig
00008fe2   _DMACH2ModeConfig
00008fd9   _DMACH2TransferConfig
00008fcf   _DMACH2WrapConfig
00008fc5   _DMACH3AddrConfig
00008fbc   _DMACH3BurstConfig
00008f53   _DMACH3ModeConfig
00008f4a   _DMACH3TransferConfig
00008f40   _DMACH3WrapConfig
00008f36   _DMACH4AddrConfig
00008f2d   _DMACH4BurstConfig
00008ebf   _DMACH4ModeConfig
00008eb6   _DMACH4TransferConfig
00008eac   _DMACH4WrapConfig
00008ea2   _DMACH5AddrConfig
00008e99   _DMACH5BurstConfig
00008e2b   _DMACH5ModeConfig
00008e22   _DMACH5TransferConfig
00008e18   _DMACH5WrapConfig
00008e0e   _DMACH6AddrConfig
00008e05   _DMACH6BurstConfig
00008d97   _DMACH6ModeConfig
00008d8e   _DMACH6TransferConfig
00008d84   _DMACH6WrapConfig
00008d7a   _DMAInitialize
0000a099   _DSP28x_usDelay
00000880   _DevEmuRegs
0000983c   _DisableDog
00001000   _DmaRegs
000093a9   _ECAN0INTA_ISR
0000939f   _ECAN0INTB_ISR
00009395   _ECAN1INTA_ISR
0000950b   _ECAN1INTA_isr
0000938b   _ECAN1INTB_ISR
00009381   _ECAP1_INT_ISR
00009377   _ECAP2_INT_ISR
0000936d   _ECAP3_INT_ISR
00009363   _ECAP4_INT_ISR
00009359   _ECAP5_INT_ISR
0000934f   _ECAP6_INT_ISR
00006040   _ECanaLAMRegs
000060c0   _ECanaMOTORegs
00006080   _ECanaMOTSRegs
00006100   _ECanaMboxes
00006000   _ECanaRegs
00006240   _ECanbLAMRegs
000062c0   _ECanbMOTORegs
00006280   _ECanbMOTSRegs
00006300   _ECanbMboxes
00006200   _ECanbRegs
00006a00   _ECap1Regs
00006a20   _ECap2Regs
00006a40   _ECap3Regs
00006a60   _ECap4Regs
00006a80   _ECap5Regs
00006aa0   _ECap6Regs
00009345   _EMUINT_ISR
0000933b   _EPWM1_INT_ISR
00009331   _EPWM1_TZINT_ISR
00009327   _EPWM2_INT_ISR
0000931d   _EPWM2_TZINT_ISR
00009313   _EPWM3_INT_ISR
000094be   _EPWM3_INT_isr
00009309   _EPWM3_TZINT_ISR
000092ff   _EPWM4_INT_ISR
00009488   _EPWM4_INT_isr
000092f5   _EPWM4_TZINT_ISR
000092eb   _EPWM5_INT_ISR
00009452   _EPWM5_INT_isr
000092e1   _EPWM5_TZINT_ISR
000092d7   _EPWM6_INT_ISR
000092cd   _EPWM6_TZINT_ISR
00006800   _EPwm1Regs
00006840   _EPwm2Regs
00006880   _EPwm3Regs
000068c0   _EPwm4Regs
00006900   _EPwm5Regs
00006940   _EPwm6Regs
000092c3   _EQEP1_INT_ISR
000092b9   _EQEP2_INT_ISR
00006b00   _EQep1Regs
00006b40   _EQep2Regs
00009ce8   _EnableInterrupts
00000a80   _FlashRegs
00006f80   _GpioCtrlRegs
00006fc0   _GpioDataRegs
00006fe0   _GpioIntRegs
000092af   _I2CINT1A_ISR
000092a5   _I2CINT2A_ISR
00007900   _I2caRegs
0000929b   _ILLEGAL_ISR
00009291   _INT13_ISR
00009287   _INT14_ISR
00008d1f   _InitCPUTimer2
00009b71   _InitCpuTimers
0000a07c   _InitFlash
0000988e   _InitPeripheralClocks
00009cc9   _InitPieCtrl
00009d7b   _InitPieVectTable
00009844   _InitPll
000098f4   _InitSysCtrl
00008c84   _InitUARTCommunication
0000970b   _InitXintf16Gpio
0000c155   _InputChannel1
0000c145   _InputChannel10
0000c154   _InputChannel2
0000c156   _InputChannel3
0000c15b   _InputChannel4
0000c15a   _InputChannel5
0000c157   _InputChannel6
0000c158   _InputChannel7
0000c159   _InputChannel8
0000c146   _InputChannel9
0000c136   _IsrOverrun
0000c000   _LNInitModel
0000927d   _LUF_ISR
00009273   _LVF_ISR
0000c147   _LastComMode
00009269   _MRINTA_ISR
0000925f   _MRINTB_ISR
00009255   _MXINTA_ISR
0000924b   _MXINTB_ISR
00005000   _McbspaRegs
00005040   _McbspbRegs
00009d8c   _MemCopy
00009241   _NMI_ISR
00009237   _PIE_RESERVED
000088b7   _PackageChecksum
0000c151   _PackageCounter
00000ce0   _PieCtrlRegs
00000d00   _PieVectTable
0000c1d4   _PieVectTableInit
00008bd3   _ProcessRxPackages
0000922d   _RTOSINT_ISR
00008b1d   _ReceiveSCIB
00008aad   _ReceiveSCIC
0000c15c   _RxBufferA
0000c164   _RxBufferB
0000c149   _RxBufferIndexA
0000c140   _RxBufferIndexB
0000c14b   _RxChecksumError
0000c14d   _RxCommonError
0000c14c   _RxFifoOverflowError
0000c14e   _RxFrameError
0000c141   _RxMessageAComplete
0000c143   _RxMessageBComplete
0000c14a   _RxWrongPackageStartError
00009223   _SCIRXINTA_ISR
00009219   _SCIRXINTB_ISR
0000920f   _SCIRXINTC_ISR
00009205   _SCITXINTA_ISR
000091fb   _SCITXINTB_ISR
000091f1   _SCITXINTC_ISR
000091e7   _SEQ1INT_ISR
000091dd   _SEQ2INT_ISR
000091d3   _SPIRXINTA_ISR
000091c9   _SPITXINTA_ISR
00007050   _SciaRegs
00007750   _ScibRegs
00007770   _ScicRegs
0000c180   _ScopeChann
0000c16c   _ScopeChannMapping
00009832   _ServiceDog
00008b8d   _SetParameterValue
00007040   _SpiaRegs
00008d72   _StartDMACH1
00008d6a   _StartDMACH2
00008d62   _StartDMACH3
00008d5a   _StartDMACH4
00008d52   _StartDMACH5
00008d4a   _StartDMACH6
0000c150   _StillAliveCounter
0000c144   _StillAliveCounterTop
00007010   _SysCtrlRegs
000091bf   _TINT0_ISR
00009403   _TINT0_isr
00009c62   _Timer2ISR
0000c142   _TimerPrescaler
0000c152   _TimerPrescalerCounter
0000c14f   _TimerPrescalerCounterTop
00008aa0   _TimerSetPrescaler
000089d8   _TxChannels
000089a9   _TxChecksumError
0000894f   _TxParameter
0000893c   _TxResponseRx
0000890c   _TxStatus
000088c4   _TxStillAlive
000091b5   _USER10_ISR
000091ab   _USER11_ISR
000091a1   _USER12_ISR
00009197   _USER1_ISR
0000918d   _USER2_ISR
00009183   _USER3_ISR
00009179   _USER4_ISR
0000916f   _USER5_ISR
00009165   _USER6_ISR
0000915b   _USER7_ISR
00009151   _USER8_ISR
00009147   _USER9_ISR
0000913d   _WAKEINT_ISR
00009133   _XINT1_ISR
00009129   _XINT2_ISR
0000911f   _XINT3_ISR
00009115   _XINT4_ISR
0000910b   _XINT5_ISR
00009101   _XINT6_ISR
000090f7   _XINT7_ISR
00007070   _XIntruptRegs
00000b20   _XintfRegs
00000658   __STACK_END
00000258   __STACK_SIZE
00000001   __TI_args_main
ffffffff   ___binit__
0000c000   ___bss__
ffffffff   ___c_args__
00009fd4   ___cinit__
0000c000   ___data__
0000c000   ___edata__
0000c000   ___end__
00009dba   ___etext__
ffffffff   ___pinit__
00008000   ___text__
00009d49   __args_main
0000c1d0   __cleanup_ptr
0000c1d2   __dtors_ptr
0000c13e   __lock
00009db1   __nop
00009dad   __register_lock
00009da9   __register_unlock
00000400   __stack
0000c13c   __unlock
00009d62   _abort
00009c1c   _c_int00
000099c1   _config_eCAN_A_mbx
000095c1   _config_ePWMRegs
0000958f   _config_ePWM_GPIO
00009b60   _config_schedulerTimer
00009b59   _disableWatchdog
00009b54   _disable_interrupts
00009b11   _enable_interrupts
00009d64   _exit
00009c97   _fmod
0000c153   _helper
00008697   _idle_num1_task_fcn
00009b0e   _idletask_num1
00009772   _init_board
0000992b   _init_eCAN_A
0000c137   _isRateRunning
000084c9   _isr_int3pie3_task_fcn
00008255   _isr_int3pie4_task_fcn
00008195   _isr_int3pie5_task_fcn
00008000   _isr_int9pie6_task_fcn
00009ae8   _main
00009d2f   _modf
0000c139   _need2runFlags
000090ed   _rsvd_ISR
00009d2a   _rtGetInf
00009d21   _rtGetInfF
00009d1c   _rtGetMinusInf
00009d13   _rtGetMinusInfF
00009da4   _rtGetNaN
00009d9b   _rtGetNaNF
0000c1b6   _rtInf
0000c1bc   _rtInfF
00009c09   _rtIsInf
00009bf6   _rtIsInfF
00009bf4   _rtIsNaN
00009bf2   _rtIsNaNF
0000c1b4   _rtMinusInf
0000c1ba   _rtMinusInfF
0000c1b8   _rtNaN
0000c1be   _rtNaNF
00009bcd   _rt_InitInfAndNaN
00009a96   _rt_OneStep
000088a5   _sendSCIB
00008893   _sendSCIC
00009fb5   _sfcn_ln_round_Outputs_wrapper
00009f85   _sfcn_ln_sqrt_Outputs_wrapper
00009f82   _sfcn_lnc_boolean_2_boolean_Outputs_wrapper
00009f78   _sfcn_lnc_boolean_2_double_Outputs_wrapper
00009f70   _sfcn_lnc_boolean_2_int16_Outputs_wrapper
00009f68   _sfcn_lnc_boolean_2_int32_Outputs_wrapper
00009f61   _sfcn_lnc_boolean_2_int8_Outputs_wrapper
00009f57   _sfcn_lnc_boolean_2_single_Outputs_wrapper
00009f4f   _sfcn_lnc_boolean_2_uint16_Outputs_wrapper
00009f47   _sfcn_lnc_boolean_2_uint32_Outputs_wrapper
00009f40   _sfcn_lnc_boolean_2_uint8_Outputs_wrapper
00009f33   _sfcn_lnc_double_2_boolean_Outputs_wrapper
00009f30   _sfcn_lnc_double_2_double_Outputs_wrapper
00009f26   _sfcn_lnc_double_2_int16_Outputs_wrapper
00009f1b   _sfcn_lnc_double_2_int32_Outputs_wrapper
00009f11   _sfcn_lnc_double_2_int8_Outputs_wrapper
00009f0e   _sfcn_lnc_double_2_single_Outputs_wrapper
00009f04   _sfcn_lnc_double_2_uint16_Outputs_wrapper
00009ef9   _sfcn_lnc_double_2_uint32_Outputs_wrapper
00009eef   _sfcn_lnc_double_2_uint8_Outputs_wrapper
00009ee8   _sfcn_lnc_int16_2_boolean_Outputs_wrapper
00009ee2   _sfcn_lnc_int16_2_double_Outputs_wrapper
00009edf   _sfcn_lnc_int16_2_int16_Outputs_wrapper
00009edb   _sfcn_lnc_int16_2_int32_Outputs_wrapper
00009ed8   _sfcn_lnc_int16_2_int8_Outputs_wrapper
00009ed2   _sfcn_lnc_int16_2_single_Outputs_wrapper
00009ecf   _sfcn_lnc_int16_2_uint16_Outputs_wrapper
00009ecc   _sfcn_lnc_int16_2_uint32_Outputs_wrapper
00009ec9   _sfcn_lnc_int16_2_uint8_Outputs_wrapper
00009ec2   _sfcn_lnc_int32_2_boolean_Outputs_wrapper
00009ebc   _sfcn_lnc_int32_2_double_Outputs_wrapper
00009eb9   _sfcn_lnc_int32_2_int16_Outputs_wrapper
00009eb5   _sfcn_lnc_int32_2_int32_Outputs_wrapper
00009eb2   _sfcn_lnc_int32_2_int8_Outputs_wrapper
00009eac   _sfcn_lnc_int32_2_single_Outputs_wrapper
00009ea9   _sfcn_lnc_int32_2_uint16_Outputs_wrapper
00009ea6   _sfcn_lnc_int32_2_uint32_Outputs_wrapper
00009ea3   _sfcn_lnc_int32_2_uint8_Outputs_wrapper
00009e9c   _sfcn_lnc_int8_2_boolean_Outputs_wrapper
00009e96   _sfcn_lnc_int8_2_double_Outputs_wrapper
00009e93   _sfcn_lnc_int8_2_int16_Outputs_wrapper
00009e8f   _sfcn_lnc_int8_2_int32_Outputs_wrapper
00009e8c   _sfcn_lnc_int8_2_int8_Outputs_wrapper
00009e86   _sfcn_lnc_int8_2_single_Outputs_wrapper
00009e83   _sfcn_lnc_int8_2_uint16_Outputs_wrapper
00009e7f   _sfcn_lnc_int8_2_uint32_Outputs_wrapper
00009e7c   _sfcn_lnc_int8_2_uint8_Outputs_wrapper
00009e6f   _sfcn_lnc_single_2_boolean_Outputs_wrapper
00009e6c   _sfcn_lnc_single_2_double_Outputs_wrapper
00009e62   _sfcn_lnc_single_2_int16_Outputs_wrapper
00009e57   _sfcn_lnc_single_2_int32_Outputs_wrapper
00009e4d   _sfcn_lnc_single_2_int8_Outputs_wrapper
00009e4a   _sfcn_lnc_single_2_single_Outputs_wrapper
00009e40   _sfcn_lnc_single_2_uint16_Outputs_wrapper
00009e35   _sfcn_lnc_single_2_uint32_Outputs_wrapper
00009e2b   _sfcn_lnc_single_2_uint8_Outputs_wrapper
00009e24   _sfcn_lnc_uint16_2_boolean_Outputs_wrapper
00009e1e   _sfcn_lnc_uint16_2_double_Outputs_wrapper
00009e1b   _sfcn_lnc_uint16_2_int16_Outputs_wrapper
00009e17   _sfcn_lnc_uint16_2_int32_Outputs_wrapper
00009e14   _sfcn_lnc_uint16_2_int8_Outputs_wrapper
00009e0e   _sfcn_lnc_uint16_2_single_Outputs_wrapper
00009e0b   _sfcn_lnc_uint16_2_uint16_Outputs_wrapper
00009e08   _sfcn_lnc_uint16_2_uint32_Outputs_wrapper
00009e05   _sfcn_lnc_uint16_2_uint8_Outputs_wrapper
00009dfe   _sfcn_lnc_uint32_2_boolean_Outputs_wrapper
00009df8   _sfcn_lnc_uint32_2_double_Outputs_wrapper
00009df5   _sfcn_lnc_uint32_2_int16_Outputs_wrapper
00009df1   _sfcn_lnc_uint32_2_int32_Outputs_wrapper
00009dee   _sfcn_lnc_uint32_2_int8_Outputs_wrapper
00009de8   _sfcn_lnc_uint32_2_single_Outputs_wrapper
00009de5   _sfcn_lnc_uint32_2_uint16_Outputs_wrapper
00009de2   _sfcn_lnc_uint32_2_uint32_Outputs_wrapper
00009ddf   _sfcn_lnc_uint32_2_uint8_Outputs_wrapper
00009dd8   _sfcn_lnc_uint8_2_boolean_Outputs_wrapper
00009dd2   _sfcn_lnc_uint8_2_double_Outputs_wrapper
00009dcf   _sfcn_lnc_uint8_2_int16_Outputs_wrapper
00009dcc   _sfcn_lnc_uint8_2_int32_Outputs_wrapper
00009dc9   _sfcn_lnc_uint8_2_int8_Outputs_wrapper
00009dc3   _sfcn_lnc_uint8_2_single_Outputs_wrapper
00009dc0   _sfcn_lnc_uint8_2_uint16_Outputs_wrapper
00009dbd   _sfcn_lnc_uint8_2_uint32_Outputs_wrapper
00009dba   _sfcn_lnc_uint8_2_uint8_Outputs_wrapper
ffffffff   binit
00009fd4   cinit
00000000   code_start
0000c000   edata
0000c000   end
00009dba   etext
ffffffff   pinit


GLOBAL SYMBOLS: SORTED BY Symbol Address 

address    name
--------   ----
00000000   code_start
00000001   __TI_args_main
00000258   __STACK_SIZE
00000400   __stack
00000658   __STACK_END
00000880   _DevEmuRegs
00000a80   _FlashRegs
00000ae0   _CsmRegs
00000b00   _AdcMirror
00000b20   _XintfRegs
00000c00   _CpuTimer0Regs
00000c08   _CpuTimer1Regs
00000c10   _CpuTimer2Regs
00000ce0   _PieCtrlRegs
00000d00   _PieVectTable
00001000   _DmaRegs
00005000   _McbspaRegs
00005040   _McbspbRegs
00006000   _ECanaRegs
00006040   _ECanaLAMRegs
00006080   _ECanaMOTSRegs
000060c0   _ECanaMOTORegs
00006100   _ECanaMboxes
00006200   _ECanbRegs
00006240   _ECanbLAMRegs
00006280   _ECanbMOTSRegs
000062c0   _ECanbMOTORegs
00006300   _ECanbMboxes
00006800   _EPwm1Regs
00006840   _EPwm2Regs
00006880   _EPwm3Regs
000068c0   _EPwm4Regs
00006900   _EPwm5Regs
00006940   _EPwm6Regs
00006a00   _ECap1Regs
00006a20   _ECap2Regs
00006a40   _ECap3Regs
00006a60   _ECap4Regs
00006a80   _ECap5Regs
00006aa0   _ECap6Regs
00006b00   _EQep1Regs
00006b40   _EQep2Regs
00006f80   _GpioCtrlRegs
00006fc0   _GpioDataRegs
00006fe0   _GpioIntRegs
00007010   _SysCtrlRegs
00007040   _SpiaRegs
00007050   _SciaRegs
00007070   _XIntruptRegs
00007100   _AdcRegs
00007750   _ScibRegs
00007770   _ScicRegs
00007900   _I2caRegs
00008000   .text
00008000   ___text__
00008000   _isr_int9pie6_task_fcn
00008195   _isr_int3pie5_task_fcn
00008255   _isr_int3pie4_task_fcn
000084c9   _isr_int3pie3_task_fcn
00008697   _idle_num1_task_fcn
0000869a   _Batman_Code_terminate
0000869b   _Batman_Code_step1
000086a0   _Batman_Code_step0
000086a8   _Batman_Code_step
000086b2   _Batman_Code_initialize
0000888b   _Batman_Code_SetEventsForThisBaseStep
00008893   _sendSCIC
000088a5   _sendSCIB
000088b7   _PackageChecksum
000088c4   _TxStillAlive
0000890c   _TxStatus
0000893c   _TxResponseRx
0000894f   _TxParameter
000089a9   _TxChecksumError
000089d8   _TxChannels
00008aa0   _TimerSetPrescaler
00008aad   _ReceiveSCIC
00008b1d   _ReceiveSCIB
00008b8d   _SetParameterValue
00008bd3   _ProcessRxPackages
00008c41   _CommunicationTrigger
00008c84   _InitUARTCommunication
00008d1f   _InitCPUTimer2
00008d4a   _StartDMACH6
00008d52   _StartDMACH5
00008d5a   _StartDMACH4
00008d62   _StartDMACH3
00008d6a   _StartDMACH2
00008d72   _StartDMACH1
00008d7a   _DMAInitialize
00008d84   _DMACH6WrapConfig
00008d8e   _DMACH6TransferConfig
00008d97   _DMACH6ModeConfig
00008e05   _DMACH6BurstConfig
00008e0e   _DMACH6AddrConfig
00008e18   _DMACH5WrapConfig
00008e22   _DMACH5TransferConfig
00008e2b   _DMACH5ModeConfig
00008e99   _DMACH5BurstConfig
00008ea2   _DMACH5AddrConfig
00008eac   _DMACH4WrapConfig
00008eb6   _DMACH4TransferConfig
00008ebf   _DMACH4ModeConfig
00008f2d   _DMACH4BurstConfig
00008f36   _DMACH4AddrConfig
00008f40   _DMACH3WrapConfig
00008f4a   _DMACH3TransferConfig
00008f53   _DMACH3ModeConfig
00008fbc   _DMACH3BurstConfig
00008fc5   _DMACH3AddrConfig
00008fcf   _DMACH2WrapConfig
00008fd9   _DMACH2TransferConfig
00008fe2   _DMACH2ModeConfig
0000904b   _DMACH2BurstConfig
00009054   _DMACH2AddrConfig
0000905e   _DMACH1WrapConfig
00009068   _DMACH1TransferConfig
00009071   _DMACH1ModeConfig
000090da   _DMACH1BurstConfig
000090e3   _DMACH1AddrConfig
000090ed   _rsvd_ISR
000090f7   _XINT7_ISR
00009101   _XINT6_ISR
0000910b   _XINT5_ISR
00009115   _XINT4_ISR
0000911f   _XINT3_ISR
00009129   _XINT2_ISR
00009133   _XINT1_ISR
0000913d   _WAKEINT_ISR
00009147   _USER9_ISR
00009151   _USER8_ISR
0000915b   _USER7_ISR
00009165   _USER6_ISR
0000916f   _USER5_ISR
00009179   _USER4_ISR
00009183   _USER3_ISR
0000918d   _USER2_ISR
00009197   _USER1_ISR
000091a1   _USER12_ISR
000091ab   _USER11_ISR
000091b5   _USER10_ISR
000091bf   _TINT0_ISR
000091c9   _SPITXINTA_ISR
000091d3   _SPIRXINTA_ISR
000091dd   _SEQ2INT_ISR
000091e7   _SEQ1INT_ISR
000091f1   _SCITXINTC_ISR
000091fb   _SCITXINTB_ISR
00009205   _SCITXINTA_ISR
0000920f   _SCIRXINTC_ISR
00009219   _SCIRXINTB_ISR
00009223   _SCIRXINTA_ISR
0000922d   _RTOSINT_ISR
00009237   _PIE_RESERVED
00009241   _NMI_ISR
0000924b   _MXINTB_ISR
00009255   _MXINTA_ISR
0000925f   _MRINTB_ISR
00009269   _MRINTA_ISR
00009273   _LVF_ISR
0000927d   _LUF_ISR
00009287   _INT14_ISR
00009291   _INT13_ISR
0000929b   _ILLEGAL_ISR
000092a5   _I2CINT2A_ISR
000092af   _I2CINT1A_ISR
000092b9   _EQEP2_INT_ISR
000092c3   _EQEP1_INT_ISR
000092cd   _EPWM6_TZINT_ISR
000092d7   _EPWM6_INT_ISR
000092e1   _EPWM5_TZINT_ISR
000092eb   _EPWM5_INT_ISR
000092f5   _EPWM4_TZINT_ISR
000092ff   _EPWM4_INT_ISR
00009309   _EPWM3_TZINT_ISR
00009313   _EPWM3_INT_ISR
0000931d   _EPWM2_TZINT_ISR
00009327   _EPWM2_INT_ISR
00009331   _EPWM1_TZINT_ISR
0000933b   _EPWM1_INT_ISR
00009345   _EMUINT_ISR
0000934f   _ECAP6_INT_ISR
00009359   _ECAP5_INT_ISR
00009363   _ECAP4_INT_ISR
0000936d   _ECAP3_INT_ISR
00009377   _ECAP2_INT_ISR
00009381   _ECAP1_INT_ISR
0000938b   _ECAN1INTB_ISR
00009395   _ECAN1INTA_ISR
0000939f   _ECAN0INTB_ISR
000093a9   _ECAN0INTA_ISR
000093b3   _DINTCH6_ISR
000093bd   _DINTCH5_ISR
000093c7   _DINTCH4_ISR
000093d1   _DINTCH3_ISR
000093db   _DINTCH2_ISR
000093e5   _DINTCH1_ISR
000093ef   _DATALOG_ISR
000093f9   _ADCINT_ISR
00009403   _TINT0_isr
00009452   _EPWM5_INT_isr
00009488   _EPWM4_INT_isr
000094be   _EPWM3_INT_isr
0000950b   _ECAN1INTA_isr
0000958f   _config_ePWM_GPIO
000095c1   _config_ePWMRegs
0000970b   _InitXintf16Gpio
00009772   _init_board
00009832   _ServiceDog
0000983c   _DisableDog
00009844   _InitPll
0000988e   _InitPeripheralClocks
000098f4   _InitSysCtrl
000098fd   _CsmUnlock
0000992b   _init_eCAN_A
000099c1   _config_eCAN_A_mbx
00009a0e   FS$$DIV
00009a96   _rt_OneStep
00009ae8   _main
00009b0e   _idletask_num1
00009b11   _enable_interrupts
00009b54   _disable_interrupts
00009b59   _disableWatchdog
00009b60   _config_schedulerTimer
00009b71   _InitCpuTimers
00009bac   _ConfigCpuTimer
00009bcd   _rt_InitInfAndNaN
00009bf2   _rtIsNaNF
00009bf4   _rtIsNaN
00009bf6   _rtIsInfF
00009c09   _rtIsInf
00009c1c   _c_int00
00009c62   _Timer2ISR
00009c97   _fmod
00009cc9   _InitPieCtrl
00009ce8   _EnableInterrupts
00009cf1   I$$DIV
00009d02   I$$MOD
00009d13   _rtGetMinusInfF
00009d1c   _rtGetMinusInf
00009d21   _rtGetInfF
00009d2a   _rtGetInf
00009d2f   _modf
00009d49   __args_main
00009d62   C$$EXIT
00009d62   _abort
00009d64   _exit
00009d7b   _InitPieVectTable
00009d8c   _MemCopy
00009d9b   _rtGetNaNF
00009da4   _rtGetNaN
00009da9   __register_unlock
00009dad   __register_lock
00009db1   __nop
00009dba   ___etext__
00009dba   _sfcn_lnc_uint8_2_uint8_Outputs_wrapper
00009dba   etext
00009dbd   _sfcn_lnc_uint8_2_uint32_Outputs_wrapper
00009dc0   _sfcn_lnc_uint8_2_uint16_Outputs_wrapper
00009dc3   _sfcn_lnc_uint8_2_single_Outputs_wrapper
00009dc9   _sfcn_lnc_uint8_2_int8_Outputs_wrapper
00009dcc   _sfcn_lnc_uint8_2_int32_Outputs_wrapper
00009dcf   _sfcn_lnc_uint8_2_int16_Outputs_wrapper
00009dd2   _sfcn_lnc_uint8_2_double_Outputs_wrapper
00009dd8   _sfcn_lnc_uint8_2_boolean_Outputs_wrapper
00009ddf   _sfcn_lnc_uint32_2_uint8_Outputs_wrapper
00009de2   _sfcn_lnc_uint32_2_uint32_Outputs_wrapper
00009de5   _sfcn_lnc_uint32_2_uint16_Outputs_wrapper
00009de8   _sfcn_lnc_uint32_2_single_Outputs_wrapper
00009dee   _sfcn_lnc_uint32_2_int8_Outputs_wrapper
00009df1   _sfcn_lnc_uint32_2_int32_Outputs_wrapper
00009df5   _sfcn_lnc_uint32_2_int16_Outputs_wrapper
00009df8   _sfcn_lnc_uint32_2_double_Outputs_wrapper
00009dfe   _sfcn_lnc_uint32_2_boolean_Outputs_wrapper
00009e05   _sfcn_lnc_uint16_2_uint8_Outputs_wrapper
00009e08   _sfcn_lnc_uint16_2_uint32_Outputs_wrapper
00009e0b   _sfcn_lnc_uint16_2_uint16_Outputs_wrapper
00009e0e   _sfcn_lnc_uint16_2_single_Outputs_wrapper
00009e14   _sfcn_lnc_uint16_2_int8_Outputs_wrapper
00009e17   _sfcn_lnc_uint16_2_int32_Outputs_wrapper
00009e1b   _sfcn_lnc_uint16_2_int16_Outputs_wrapper
00009e1e   _sfcn_lnc_uint16_2_double_Outputs_wrapper
00009e24   _sfcn_lnc_uint16_2_boolean_Outputs_wrapper
00009e2b   _sfcn_lnc_single_2_uint8_Outputs_wrapper
00009e35   _sfcn_lnc_single_2_uint32_Outputs_wrapper
00009e40   _sfcn_lnc_single_2_uint16_Outputs_wrapper
00009e4a   _sfcn_lnc_single_2_single_Outputs_wrapper
00009e4d   _sfcn_lnc_single_2_int8_Outputs_wrapper
00009e57   _sfcn_lnc_single_2_int32_Outputs_wrapper
00009e62   _sfcn_lnc_single_2_int16_Outputs_wrapper
00009e6c   _sfcn_lnc_single_2_double_Outputs_wrapper
00009e6f   _sfcn_lnc_single_2_boolean_Outputs_wrapper
00009e7c   _sfcn_lnc_int8_2_uint8_Outputs_wrapper
00009e7f   _sfcn_lnc_int8_2_uint32_Outputs_wrapper
00009e83   _sfcn_lnc_int8_2_uint16_Outputs_wrapper
00009e86   _sfcn_lnc_int8_2_single_Outputs_wrapper
00009e8c   _sfcn_lnc_int8_2_int8_Outputs_wrapper
00009e8f   _sfcn_lnc_int8_2_int32_Outputs_wrapper
00009e93   _sfcn_lnc_int8_2_int16_Outputs_wrapper
00009e96   _sfcn_lnc_int8_2_double_Outputs_wrapper
00009e9c   _sfcn_lnc_int8_2_boolean_Outputs_wrapper
00009ea3   _sfcn_lnc_int32_2_uint8_Outputs_wrapper
00009ea6   _sfcn_lnc_int32_2_uint32_Outputs_wrapper
00009ea9   _sfcn_lnc_int32_2_uint16_Outputs_wrapper
00009eac   _sfcn_lnc_int32_2_single_Outputs_wrapper
00009eb2   _sfcn_lnc_int32_2_int8_Outputs_wrapper
00009eb5   _sfcn_lnc_int32_2_int32_Outputs_wrapper
00009eb9   _sfcn_lnc_int32_2_int16_Outputs_wrapper
00009ebc   _sfcn_lnc_int32_2_double_Outputs_wrapper
00009ec2   _sfcn_lnc_int32_2_boolean_Outputs_wrapper
00009ec9   _sfcn_lnc_int16_2_uint8_Outputs_wrapper
00009ecc   _sfcn_lnc_int16_2_uint32_Outputs_wrapper
00009ecf   _sfcn_lnc_int16_2_uint16_Outputs_wrapper
00009ed2   _sfcn_lnc_int16_2_single_Outputs_wrapper
00009ed8   _sfcn_lnc_int16_2_int8_Outputs_wrapper
00009edb   _sfcn_lnc_int16_2_int32_Outputs_wrapper
00009edf   _sfcn_lnc_int16_2_int16_Outputs_wrapper
00009ee2   _sfcn_lnc_int16_2_double_Outputs_wrapper
00009ee8   _sfcn_lnc_int16_2_boolean_Outputs_wrapper
00009eef   _sfcn_lnc_double_2_uint8_Outputs_wrapper
00009ef9   _sfcn_lnc_double_2_uint32_Outputs_wrapper
00009f04   _sfcn_lnc_double_2_uint16_Outputs_wrapper
00009f0e   _sfcn_lnc_double_2_single_Outputs_wrapper
00009f11   _sfcn_lnc_double_2_int8_Outputs_wrapper
00009f1b   _sfcn_lnc_double_2_int32_Outputs_wrapper
00009f26   _sfcn_lnc_double_2_int16_Outputs_wrapper
00009f30   _sfcn_lnc_double_2_double_Outputs_wrapper
00009f33   _sfcn_lnc_double_2_boolean_Outputs_wrapper
00009f40   _sfcn_lnc_boolean_2_uint8_Outputs_wrapper
00009f47   _sfcn_lnc_boolean_2_uint32_Outputs_wrapper
00009f4f   _sfcn_lnc_boolean_2_uint16_Outputs_wrapper
00009f57   _sfcn_lnc_boolean_2_single_Outputs_wrapper
00009f61   _sfcn_lnc_boolean_2_int8_Outputs_wrapper
00009f68   _sfcn_lnc_boolean_2_int32_Outputs_wrapper
00009f70   _sfcn_lnc_boolean_2_int16_Outputs_wrapper
00009f78   _sfcn_lnc_boolean_2_double_Outputs_wrapper
00009f82   _sfcn_lnc_boolean_2_boolean_Outputs_wrapper
00009f85   _sfcn_ln_sqrt_Outputs_wrapper
00009fb5   _sfcn_ln_round_Outputs_wrapper
00009fd4   ___cinit__
00009fd4   cinit
0000a07c   _InitFlash
0000a099   _DSP28x_usDelay
0000c000   .bss
0000c000   .data
0000c000   _LNInitModel
0000c000   ___bss__
0000c000   ___data__
0000c000   ___edata__
0000c000   ___end__
0000c000   edata
0000c000   end
0000c002   _Batman_Code_M_
0000c040   _Batman_Code_B
0000c0c0   _Batman_Code_DWork
0000c11e   _CpuTimer1
0000c126   _CpuTimer2
0000c12e   _CpuTimer0
0000c136   _IsrOverrun
0000c137   _isRateRunning
0000c139   _need2runFlags
0000c13c   __unlock
0000c13e   __lock
0000c140   _RxBufferIndexB
0000c141   _RxMessageAComplete
0000c142   _TimerPrescaler
0000c143   _RxMessageBComplete
0000c144   _StillAliveCounterTop
0000c145   _InputChannel10
0000c146   _InputChannel9
0000c147   _LastComMode
0000c148   _ComMode
0000c149   _RxBufferIndexA
0000c14a   _RxWrongPackageStartError
0000c14b   _RxChecksumError
0000c14c   _RxFifoOverflowError
0000c14d   _RxCommonError
0000c14e   _RxFrameError
0000c14f   _TimerPrescalerCounterTop
0000c150   _StillAliveCounter
0000c151   _PackageCounter
0000c152   _TimerPrescalerCounter
0000c153   _helper
0000c154   _InputChannel2
0000c155   _InputChannel1
0000c156   _InputChannel3
0000c157   _InputChannel6
0000c158   _InputChannel7
0000c159   _InputChannel8
0000c15a   _InputChannel5
0000c15b   _InputChannel4
0000c15c   _RxBufferA
0000c164   _RxBufferB
0000c16c   _ScopeChannMapping
0000c180   _ScopeChann
0000c1b4   _rtMinusInf
0000c1b6   _rtInf
0000c1b8   _rtNaN
0000c1ba   _rtMinusInfF
0000c1bc   _rtInfF
0000c1be   _rtNaNF
0000c1c0   _CAN_DATATYPE_GROUND
0000c1d0   __cleanup_ptr
0000c1d2   __dtors_ptr
0000c1d4   _PieVectTableInit
0000c2d4   _Batman_Code_M
0000c2d8   _Batman_Code_ConstB
0033fff8   _CsmPwl
00380080   _ADC_cal
ffffffff   ___binit__
ffffffff   ___c_args__
ffffffff   ___pinit__
ffffffff   binit
ffffffff   pinit

[414 symbols]
