******************************************************************************
             TMS320C2000 Linker PC v6.1.3                      
******************************************************************************
>> Linked Mon Jun 01 10:48:19 2015

OUTPUT FILE NAME:   <./ReleaseMW/Batman_Code.out>
ENTRY POINT SYMBOL: "code_start"  address: 00000000


MEMORY CONFIGURATION

         name            origin    length      used     unused   attr    fill
----------------------  --------  ---------  --------  --------  ----  --------
PAGE 0:
  BEGINRAM              00000000   00000002  00000002  00000000  RWIX
  RAMM0                 00000002   000003fe  00000000  000003fe  RWIX
  RAML0L3               00008000   00004000  00002063  00001f9d  RWIX
  FLASH                 00300000   0003fff6  00000000  0003fff6  RWIX
  BEGINFLASH            0033fff6   00000002  00000000  00000002  RWIX
  ADC_CAL               00380080   00000009  00000007  00000002  RWIX
  OTP                   00380400   00000400  00000000  00000400  RWIX
  CSM_PWL               003f7ff8   00000008  00000000  00000008  RWIX
  IQTABLES              003fe000   00000b50  00000000  00000b50  RWIX
  IQTABLES2             003feb50   0000008c  00000000  0000008c  RWIX
  FPUTABLES             003febdc   000006a0  00000000  000006a0  RWIX
  ROM                   003ff27c   00000d44  00000000  00000d44  RWIX
  RESET                 003fffc0   00000002  00000000  00000002  RWIX
  VECTORS               003fffc2   0000003e  00000000  0000003e  RWIX

PAGE 1:
  RAMM1                 00000400   00000400  00000258  000001a8  RWIX
  DEV_EMU               00000880   00000180  000000d0  000000b0  RWIX
  FLASH_REGS            00000a80   00000060  00000008  00000058  RWIX
  CSM                   00000ae0   00000010  00000010  00000000  RWIX
  ADC_MIRROR            00000b00   00000010  00000010  00000000  RWIX
  XINTF                 00000b20   00000020  0000001e  00000002  RWIX
  CPU_TIMER0            00000c00   00000008  00000008  00000000  RWIX
  CPU_TIMER1            00000c08   00000008  00000008  00000000  RWIX
  CPU_TIMER2            00000c10   00000008  00000008  00000000  RWIX
  PIE_CTRL              00000ce0   00000020  0000001a  00000006  RWIX
  PIE_VECT              00000d00   00000100  00000100  00000000  RWIX
  DMA                   00001000   00000200  000000e0  00000120  RWIX
  MCBSPA                00005000   00000040  00000025  0000001b  RWIX
  MCBSPB                00005040   00000040  00000025  0000001b  RWIX
  ECANA                 00006000   00000040  00000034  0000000c  RWIX
  ECANA_LAM             00006040   00000040  00000040  00000000  RWIX
  ECANA_MOTS            00006080   00000040  00000040  00000000  RWIX
  ECANA_MOTO            000060c0   00000040  00000040  00000000  RWIX
  ECANA_MBOX            00006100   00000100  00000100  00000000  RWIX
  ECANB                 00006200   00000040  00000034  0000000c  RWIX
  ECANB_LAM             00006240   00000040  00000040  00000000  RWIX
  ECANB_MOTS            00006280   00000040  00000040  00000000  RWIX
  ECANB_MOTO            000062c0   00000040  00000040  00000000  RWIX
  ECANB_MBOX            00006300   00000100  00000100  00000000  RWIX
  EPWM1                 00006800   00000022  00000022  00000000  RWIX
  EPWM2                 00006840   00000022  00000022  00000000  RWIX
  EPWM3                 00006880   00000022  00000022  00000000  RWIX
  EPWM4                 000068c0   00000022  00000022  00000000  RWIX
  EPWM5                 00006900   00000022  00000022  00000000  RWIX
  EPWM6                 00006940   00000022  00000022  00000000  RWIX
  ECAP1                 00006a00   00000020  00000020  00000000  RWIX
  ECAP2                 00006a20   00000020  00000020  00000000  RWIX
  ECAP3                 00006a40   00000020  00000020  00000000  RWIX
  ECAP4                 00006a60   00000020  00000020  00000000  RWIX
  ECAP5                 00006a80   00000020  00000020  00000000  RWIX
  ECAP6                 00006aa0   00000020  00000020  00000000  RWIX
  EQEP1                 00006b00   00000040  00000040  00000000  RWIX
  EQEP2                 00006b40   00000040  00000040  00000000  RWIX
  GPIOCTRL              00006f80   00000040  0000002e  00000012  RWIX
  GPIODAT               00006fc0   00000020  00000020  00000000  RWIX
  GPIOINT               00006fe0   00000020  0000000a  00000016  RWIX
  SYSTEM                00007010   00000020  00000020  00000000  RWIX
  SPIA                  00007040   00000010  00000010  00000000  RWIX
  SCIA                  00007050   00000010  00000010  00000000  RWIX
  XINTRUPT              00007070   00000010  00000010  00000000  RWIX
  ADC                   00007100   00000020  0000001e  00000002  RWIX
  SCIB                  00007750   00000010  00000010  00000000  RWIX
  SCIC                  00007770   00000010  00000010  00000000  RWIX
  I2CA                  00007900   00000040  00000022  0000001e  RWIX
  RAML4L7               0000c000   00004000  000002d9  00003d27  RWIX
  CSM_PWL               0033fff8   00000008  00000008  00000000  RWIX


SECTION ALLOCATION MAP

 output                                  attributes/
section   page    origin      length       input sections
--------  ----  ----------  ----------   ----------------
.pinit     0    00008000    00000000     UNINITIALIZED

codestart 
*          0    00000000    00000002     
                  00000000    00000002     DSP2833x_CodeStartBranch.obj (codestart)

.text      0    00008000    00001d80     
                  00008000    00000859     Batman_Code.obj (.text)
                  00008859    000004b7     F28335DSPCommunication.obj (.text)
                  00008d10    000003a3     DSP2833x_DMA.obj (.text)
                  000090b3    00000316     DSP2833x_DefaultIsr.obj (.text:retain)
                  000093c9    0000018c     MW_c28xx_csl.obj (.text:retain)
                  00009555    0000017c     MW_c28xx_pwm.obj (.text)
                  000096d1    00000127     MW_c28xx_board.obj (.text)
                  000097f8    000000f9     DSP2833x_SysCtrl.obj (.text)
                  000098f1    000000e3     MW_c28xx_can.obj (.text)
                  000099d4    00000088     rts2800_fpu32.lib : fs_div.obj (.text)
                  00009a5c    00000078     Batman_Code_main.obj (.text)
                  00009ad4    00000063     MW_c28xx_csl.obj (.text)
                  00009b37    0000005c     DSP2833x_CpuTimers.obj (.text)
                  00009b93    0000004f     rt_nonfinite.obj (.text)
                  00009be2    00000046     rts2800_fpu32.lib : boot.obj (.text)
                  00009c28    00000035     F28335DSPCommunication.obj (.text:retain)
                  00009c5d    00000032     rts2800_fpu32.lib : fmod.obj (.text)
                  00009c8f    00000028     DSP2833x_PieCtrl.obj (.text)
                  00009cb7    00000022     rts2800_fpu32.lib : i_div.obj (.text)
                  00009cd9    0000001c     rtGetInf.obj (.text)
                  00009cf5    0000001a     rts2800_fpu32.lib : modf.obj (.text)
                  00009d0f    00000019                       : args_main.obj (.text)
                  00009d28    00000019                       : exit.obj (.text)
                  00009d41    00000011     DSP2833x_PieVect.obj (.text)
                  00009d52    0000000f     DSP2833x_MemCopy.obj (.text)
                  00009d61    0000000e     rtGetNaN.obj (.text)
                  00009d6f    00000009     rts2800_fpu32.lib : _lock.obj (.text)
                  00009d78    00000008     DSP2833x_CodeStartBranch.obj (.text)

dmcfuncs   0    00009d80    0000021a     
                  00009d80    0000021a     sfcn_lnc_wrapper.obj (dmcfuncs)

.cinit     0    00009f9a    000000a8     
                  00009f9a    00000080     F28335DSPCommunication.obj (.cinit)
                  0000a01a    0000000e     Batman_Code_main.obj (.cinit)
                  0000a028    0000000a     rts2800_fpu32.lib : _lock.obj (.cinit)
                  0000a032    0000000a                       : exit.obj (.cinit)
                  0000a03c    00000004     Batman_Code.obj (.cinit)
                  0000a040    00000002     --HOLE-- [fill = 0]

ramfuncs   0    0000a042    00000021     
                  0000a042    0000001d     DSP2833x_SysCtrl.obj (ramfuncs)
                  0000a05f    00000004     DSP2833x_usDelay.obj (ramfuncs)

.adc_cal   0    00380080    00000007     NOLOAD SECTION
                  00380080    00000007     DSP2833x_ADC_cal.obj (.adc_cal)

.reset     0    003fffc0    00000002     DSECT
                  003fffc0    00000002     rts2800_fpu32.lib : boot.obj (.reset)

.stack     1    00000400    00000258     UNINITIALIZED
                  00000400    00000258     --HOLE--

DevEmuRegsFile 
*          1    00000880    000000d0     UNINITIALIZED
                  00000880    000000d0     DSP2833x_GlobalVariableDefs.obj (DevEmuRegsFile)

FlashRegsFile 
*          1    00000a80    00000008     UNINITIALIZED
                  00000a80    00000008     DSP2833x_GlobalVariableDefs.obj (FlashRegsFile)

CsmRegsFile 
*          1    00000ae0    00000010     UNINITIALIZED
                  00000ae0    00000010     DSP2833x_GlobalVariableDefs.obj (CsmRegsFile)

AdcMirrorFile 
*          1    00000b00    00000010     UNINITIALIZED
                  00000b00    00000010     DSP2833x_GlobalVariableDefs.obj (AdcMirrorFile)

XintfRegsFile 
*          1    00000b20    0000001e     UNINITIALIZED
                  00000b20    0000001e     DSP2833x_GlobalVariableDefs.obj (XintfRegsFile)

CpuTimer0RegsFile 
*          1    00000c00    00000008     UNINITIALIZED
                  00000c00    00000008     DSP2833x_GlobalVariableDefs.obj (CpuTimer0RegsFile)

CpuTimer1RegsFile 
*          1    00000c08    00000008     UNINITIALIZED
                  00000c08    00000008     DSP2833x_GlobalVariableDefs.obj (CpuTimer1RegsFile)

CpuTimer2RegsFile 
*          1    00000c10    00000008     UNINITIALIZED
                  00000c10    00000008     DSP2833x_GlobalVariableDefs.obj (CpuTimer2RegsFile)

PieCtrlRegsFile 
*          1    00000ce0    0000001a     UNINITIALIZED
                  00000ce0    0000001a     DSP2833x_GlobalVariableDefs.obj (PieCtrlRegsFile)

PieVectTableFile 
*          1    00000d00    00000100     UNINITIALIZED
                  00000d00    00000100     DSP2833x_GlobalVariableDefs.obj (PieVectTableFile)

DmaRegsFile 
*          1    00001000    000000e0     UNINITIALIZED
                  00001000    000000e0     DSP2833x_GlobalVariableDefs.obj (DmaRegsFile)

McbspaRegsFile 
*          1    00005000    00000025     UNINITIALIZED
                  00005000    00000025     DSP2833x_GlobalVariableDefs.obj (McbspaRegsFile)

McbspbRegsFile 
*          1    00005040    00000025     UNINITIALIZED
                  00005040    00000025     DSP2833x_GlobalVariableDefs.obj (McbspbRegsFile)

ECanaRegsFile 
*          1    00006000    00000034     UNINITIALIZED
                  00006000    00000034     DSP2833x_GlobalVariableDefs.obj (ECanaRegsFile)

ECanaLAMRegsFile 
*          1    00006040    00000040     UNINITIALIZED
                  00006040    00000040     DSP2833x_GlobalVariableDefs.obj (ECanaLAMRegsFile)

ECanaMOTSRegsFile 
*          1    00006080    00000040     UNINITIALIZED
                  00006080    00000040     DSP2833x_GlobalVariableDefs.obj (ECanaMOTSRegsFile)

ECanaMOTORegsFile 
*          1    000060c0    00000040     UNINITIALIZED
                  000060c0    00000040     DSP2833x_GlobalVariableDefs.obj (ECanaMOTORegsFile)

ECanaMboxesFile 
*          1    00006100    00000100     UNINITIALIZED
                  00006100    00000100     DSP2833x_GlobalVariableDefs.obj (ECanaMboxesFile)

ECanbRegsFile 
*          1    00006200    00000034     UNINITIALIZED
                  00006200    00000034     DSP2833x_GlobalVariableDefs.obj (ECanbRegsFile)

ECanbLAMRegsFile 
*          1    00006240    00000040     UNINITIALIZED
                  00006240    00000040     DSP2833x_GlobalVariableDefs.obj (ECanbLAMRegsFile)

ECanbMOTSRegsFile 
*          1    00006280    00000040     UNINITIALIZED
                  00006280    00000040     DSP2833x_GlobalVariableDefs.obj (ECanbMOTSRegsFile)

ECanbMOTORegsFile 
*          1    000062c0    00000040     UNINITIALIZED
                  000062c0    00000040     DSP2833x_GlobalVariableDefs.obj (ECanbMOTORegsFile)

ECanbMboxesFile 
*          1    00006300    00000100     UNINITIALIZED
                  00006300    00000100     DSP2833x_GlobalVariableDefs.obj (ECanbMboxesFile)

EPwm1RegsFile 
*          1    00006800    00000022     UNINITIALIZED
                  00006800    00000022     DSP2833x_GlobalVariableDefs.obj (EPwm1RegsFile)

EPwm2RegsFile 
*          1    00006840    00000022     UNINITIALIZED
                  00006840    00000022     DSP2833x_GlobalVariableDefs.obj (EPwm2RegsFile)

EPwm3RegsFile 
*          1    00006880    00000022     UNINITIALIZED
                  00006880    00000022     DSP2833x_GlobalVariableDefs.obj (EPwm3RegsFile)

EPwm4RegsFile 
*          1    000068c0    00000022     UNINITIALIZED
                  000068c0    00000022     DSP2833x_GlobalVariableDefs.obj (EPwm4RegsFile)

EPwm5RegsFile 
*          1    00006900    00000022     UNINITIALIZED
                  00006900    00000022     DSP2833x_GlobalVariableDefs.obj (EPwm5RegsFile)

EPwm6RegsFile 
*          1    00006940    00000022     UNINITIALIZED
                  00006940    00000022     DSP2833x_GlobalVariableDefs.obj (EPwm6RegsFile)

ECap1RegsFile 
*          1    00006a00    00000020     UNINITIALIZED
                  00006a00    00000020     DSP2833x_GlobalVariableDefs.obj (ECap1RegsFile)

ECap2RegsFile 
*          1    00006a20    00000020     UNINITIALIZED
                  00006a20    00000020     DSP2833x_GlobalVariableDefs.obj (ECap2RegsFile)

ECap3RegsFile 
*          1    00006a40    00000020     UNINITIALIZED
                  00006a40    00000020     DSP2833x_GlobalVariableDefs.obj (ECap3RegsFile)

ECap4RegsFile 
*          1    00006a60    00000020     UNINITIALIZED
                  00006a60    00000020     DSP2833x_GlobalVariableDefs.obj (ECap4RegsFile)

ECap5RegsFile 
*          1    00006a80    00000020     UNINITIALIZED
                  00006a80    00000020     DSP2833x_GlobalVariableDefs.obj (ECap5RegsFile)

ECap6RegsFile 
*          1    00006aa0    00000020     UNINITIALIZED
                  00006aa0    00000020     DSP2833x_GlobalVariableDefs.obj (ECap6RegsFile)

EQep1RegsFile 
*          1    00006b00    00000040     UNINITIALIZED
                  00006b00    00000040     DSP2833x_GlobalVariableDefs.obj (EQep1RegsFile)

EQep2RegsFile 
*          1    00006b40    00000040     UNINITIALIZED
                  00006b40    00000040     DSP2833x_GlobalVariableDefs.obj (EQep2RegsFile)

GpioCtrlRegsFile 
*          1    00006f80    0000002e     UNINITIALIZED
                  00006f80    0000002e     DSP2833x_GlobalVariableDefs.obj (GpioCtrlRegsFile)

GpioDataRegsFile 
*          1    00006fc0    00000020     UNINITIALIZED
                  00006fc0    00000020     DSP2833x_GlobalVariableDefs.obj (GpioDataRegsFile)

GpioIntRegsFile 
*          1    00006fe0    0000000a     UNINITIALIZED
                  00006fe0    0000000a     DSP2833x_GlobalVariableDefs.obj (GpioIntRegsFile)

SysCtrlRegsFile 
*          1    00007010    00000020     UNINITIALIZED
                  00007010    00000020     DSP2833x_GlobalVariableDefs.obj (SysCtrlRegsFile)

SpiaRegsFile 
*          1    00007040    00000010     UNINITIALIZED
                  00007040    00000010     DSP2833x_GlobalVariableDefs.obj (SpiaRegsFile)

SciaRegsFile 
*          1    00007050    00000010     UNINITIALIZED
                  00007050    00000010     DSP2833x_GlobalVariableDefs.obj (SciaRegsFile)

XIntruptRegsFile 
*          1    00007070    00000010     UNINITIALIZED
                  00007070    00000010     DSP2833x_GlobalVariableDefs.obj (XIntruptRegsFile)

AdcRegsFile 
*          1    00007100    0000001e     UNINITIALIZED
                  00007100    0000001e     DSP2833x_GlobalVariableDefs.obj (AdcRegsFile)

ScibRegsFile 
*          1    00007750    00000010     UNINITIALIZED
                  00007750    00000010     DSP2833x_GlobalVariableDefs.obj (ScibRegsFile)

ScicRegsFile 
*          1    00007770    00000010     UNINITIALIZED
                  00007770    00000010     DSP2833x_GlobalVariableDefs.obj (ScicRegsFile)

I2caRegsFile 
*          1    00007900    00000022     UNINITIALIZED
                  00007900    00000022     DSP2833x_GlobalVariableDefs.obj (I2caRegsFile)

.bss       1    0000c000    00000000     UNINITIALIZED

.ebss      1    0000c000    000001d4     UNINITIALIZED
                  0000c000    0000011e     Batman_Code.obj (.ebss)
                  0000c11e    00000018     DSP2833x_CpuTimers.obj (.ebss)
                  0000c136    00000005     Batman_Code_main.obj (.ebss)
                  0000c13b    00000001     --HOLE--
                  0000c13c    00000004     rts2800_fpu32.lib : _lock.obj (.ebss)
                  0000c140    00000073     F28335DSPCommunication.obj (.ebss)
                  0000c1b3    00000001     --HOLE--
                  0000c1b4    0000000c     rt_nonfinite.obj (.ebss)
                  0000c1c0    00000010     can_datatype_ground.obj (.ebss)
                  0000c1d0    00000004     rts2800_fpu32.lib : exit.obj (.ebss)

.data      1    0000c000    00000000     UNINITIALIZED

.econst    1    0000c1d4    00000105     
                  0000c1d4    00000100     DSP2833x_PieVect.obj (.econst)
                  0000c2d4    00000002     Batman_Code.obj (.econst)
                  0000c2d6    00000002     rtGetNaN.obj (.econst)
                  0000c2d8    00000001     Batman_Code_data.obj (.econst)

CsmPwlFile 
*          1    0033fff8    00000008     UNINITIALIZED
                  0033fff8    00000008     DSP2833x_GlobalVariableDefs.obj (CsmPwlFile)


GLOBAL SYMBOLS: SORTED ALPHABETICALLY BY Name 

address    name
--------   ----
0000c000   .bss
0000c000   .data
00008000   .text
00009d28   C$$EXIT
000099d4   FS$$DIV
00009cb7   I$$DIV
00009cc8   I$$MOD
000093bf   _ADCINT_ISR
00380080   _ADC_cal
00000b00   _AdcMirror
00007100   _AdcRegs
0000c040   _Batman_Code_B
0000c2d8   _Batman_Code_ConstB
0000c0c0   _Batman_Code_DWork
0000c2d4   _Batman_Code_M
0000c002   _Batman_Code_M_
00008851   _Batman_Code_SetEventsForThisBaseStep
0000867f   _Batman_Code_initialize
00008675   _Batman_Code_step
0000866d   _Batman_Code_step0
00008668   _Batman_Code_step1
00008667   _Batman_Code_terminate
0000c1c0   _CAN_DATATYPE_GROUND
0000c148   _ComMode
00008c07   _CommunicationTrigger
00009b72   _ConfigCpuTimer
0000c12e   _CpuTimer0
00000c00   _CpuTimer0Regs
0000c11e   _CpuTimer1
00000c08   _CpuTimer1Regs
0000c126   _CpuTimer2
00000c10   _CpuTimer2Regs
0033fff8   _CsmPwl
00000ae0   _CsmRegs
000098c3   _CsmUnlock
000093b5   _DATALOG_ISR
000093ab   _DINTCH1_ISR
000093a1   _DINTCH2_ISR
00009397   _DINTCH3_ISR
0000938d   _DINTCH4_ISR
00009383   _DINTCH5_ISR
00009379   _DINTCH6_ISR
000090a9   _DMACH1AddrConfig
000090a0   _DMACH1BurstConfig
00009037   _DMACH1ModeConfig
0000902e   _DMACH1TransferConfig
00009024   _DMACH1WrapConfig
0000901a   _DMACH2AddrConfig
00009011   _DMACH2BurstConfig
00008fa8   _DMACH2ModeConfig
00008f9f   _DMACH2TransferConfig
00008f95   _DMACH2WrapConfig
00008f8b   _DMACH3AddrConfig
00008f82   _DMACH3BurstConfig
00008f19   _DMACH3ModeConfig
00008f10   _DMACH3TransferConfig
00008f06   _DMACH3WrapConfig
00008efc   _DMACH4AddrConfig
00008ef3   _DMACH4BurstConfig
00008e85   _DMACH4ModeConfig
00008e7c   _DMACH4TransferConfig
00008e72   _DMACH4WrapConfig
00008e68   _DMACH5AddrConfig
00008e5f   _DMACH5BurstConfig
00008df1   _DMACH5ModeConfig
00008de8   _DMACH5TransferConfig
00008dde   _DMACH5WrapConfig
00008dd4   _DMACH6AddrConfig
00008dcb   _DMACH6BurstConfig
00008d5d   _DMACH6ModeConfig
00008d54   _DMACH6TransferConfig
00008d4a   _DMACH6WrapConfig
00008d40   _DMAInitialize
0000a05f   _DSP28x_usDelay
00000880   _DevEmuRegs
00009802   _DisableDog
00001000   _DmaRegs
0000936f   _ECAN0INTA_ISR
00009365   _ECAN0INTB_ISR
0000935b   _ECAN1INTA_ISR
000094d1   _ECAN1INTA_isr
00009351   _ECAN1INTB_ISR
00009347   _ECAP1_INT_ISR
0000933d   _ECAP2_INT_ISR
00009333   _ECAP3_INT_ISR
00009329   _ECAP4_INT_ISR
0000931f   _ECAP5_INT_ISR
00009315   _ECAP6_INT_ISR
00006040   _ECanaLAMRegs
000060c0   _ECanaMOTORegs
00006080   _ECanaMOTSRegs
00006100   _ECanaMboxes
00006000   _ECanaRegs
00006240   _ECanbLAMRegs
000062c0   _ECanbMOTORegs
00006280   _ECanbMOTSRegs
00006300   _ECanbMboxes
00006200   _ECanbRegs
00006a00   _ECap1Regs
00006a20   _ECap2Regs
00006a40   _ECap3Regs
00006a60   _ECap4Regs
00006a80   _ECap5Regs
00006aa0   _ECap6Regs
0000930b   _EMUINT_ISR
00009301   _EPWM1_INT_ISR
000092f7   _EPWM1_TZINT_ISR
000092ed   _EPWM2_INT_ISR
000092e3   _EPWM2_TZINT_ISR
000092d9   _EPWM3_INT_ISR
00009484   _EPWM3_INT_isr
000092cf   _EPWM3_TZINT_ISR
000092c5   _EPWM4_INT_ISR
0000944e   _EPWM4_INT_isr
000092bb   _EPWM4_TZINT_ISR
000092b1   _EPWM5_INT_ISR
00009418   _EPWM5_INT_isr
000092a7   _EPWM5_TZINT_ISR
0000929d   _EPWM6_INT_ISR
00009293   _EPWM6_TZINT_ISR
00006800   _EPwm1Regs
00006840   _EPwm2Regs
00006880   _EPwm3Regs
000068c0   _EPwm4Regs
00006900   _EPwm5Regs
00006940   _EPwm6Regs
00009289   _EQEP1_INT_ISR
0000927f   _EQEP2_INT_ISR
00006b00   _EQep1Regs
00006b40   _EQep2Regs
00009cae   _EnableInterrupts
00000a80   _FlashRegs
00006f80   _GpioCtrlRegs
00006fc0   _GpioDataRegs
00006fe0   _GpioIntRegs
00009275   _I2CINT1A_ISR
0000926b   _I2CINT2A_ISR
00007900   _I2caRegs
00009261   _ILLEGAL_ISR
00009257   _INT13_ISR
0000924d   _INT14_ISR
00008ce5   _InitCPUTimer2
00009b37   _InitCpuTimers
0000a042   _InitFlash
00009854   _InitPeripheralClocks
00009c8f   _InitPieCtrl
00009d41   _InitPieVectTable
0000980a   _InitPll
000098ba   _InitSysCtrl
00008c4a   _InitUARTCommunication
000096d1   _InitXintf16Gpio
0000c155   _InputChannel1
0000c145   _InputChannel10
0000c154   _InputChannel2
0000c156   _InputChannel3
0000c15b   _InputChannel4
0000c15a   _InputChannel5
0000c157   _InputChannel6
0000c158   _InputChannel7
0000c159   _InputChannel8
0000c146   _InputChannel9
0000c136   _IsrOverrun
0000c000   _LNInitModel
00009243   _LUF_ISR
00009239   _LVF_ISR
0000c147   _LastComMode
0000922f   _MRINTA_ISR
00009225   _MRINTB_ISR
0000921b   _MXINTA_ISR
00009211   _MXINTB_ISR
00005000   _McbspaRegs
00005040   _McbspbRegs
00009d52   _MemCopy
00009207   _NMI_ISR
000091fd   _PIE_RESERVED
0000887d   _PackageChecksum
0000c151   _PackageCounter
00000ce0   _PieCtrlRegs
00000d00   _PieVectTable
0000c1d4   _PieVectTableInit
00008b99   _ProcessRxPackages
000091f3   _RTOSINT_ISR
00008ae3   _ReceiveSCIB
00008a73   _ReceiveSCIC
0000c15c   _RxBufferA
0000c164   _RxBufferB
0000c149   _RxBufferIndexA
0000c140   _RxBufferIndexB
0000c14b   _RxChecksumError
0000c14d   _RxCommonError
0000c14c   _RxFifoOverflowError
0000c14e   _RxFrameError
0000c141   _RxMessageAComplete
0000c143   _RxMessageBComplete
0000c14a   _RxWrongPackageStartError
000091e9   _SCIRXINTA_ISR
000091df   _SCIRXINTB_ISR
000091d5   _SCIRXINTC_ISR
000091cb   _SCITXINTA_ISR
000091c1   _SCITXINTB_ISR
000091b7   _SCITXINTC_ISR
000091ad   _SEQ1INT_ISR
000091a3   _SEQ2INT_ISR
00009199   _SPIRXINTA_ISR
0000918f   _SPITXINTA_ISR
00007050   _SciaRegs
00007750   _ScibRegs
00007770   _ScicRegs
0000c180   _ScopeChann
0000c16c   _ScopeChannMapping
000097f8   _ServiceDog
00008b53   _SetParameterValue
00007040   _SpiaRegs
00008d38   _StartDMACH1
00008d30   _StartDMACH2
00008d28   _StartDMACH3
00008d20   _StartDMACH4
00008d18   _StartDMACH5
00008d10   _StartDMACH6
0000c150   _StillAliveCounter
0000c144   _StillAliveCounterTop
00007010   _SysCtrlRegs
00009185   _TINT0_ISR
000093c9   _TINT0_isr
00009c28   _Timer2ISR
0000c142   _TimerPrescaler
0000c152   _TimerPrescalerCounter
0000c14f   _TimerPrescalerCounterTop
00008a66   _TimerSetPrescaler
0000899e   _TxChannels
0000896f   _TxChecksumError
00008915   _TxParameter
00008902   _TxResponseRx
000088d2   _TxStatus
0000888a   _TxStillAlive
0000917b   _USER10_ISR
00009171   _USER11_ISR
00009167   _USER12_ISR
0000915d   _USER1_ISR
00009153   _USER2_ISR
00009149   _USER3_ISR
0000913f   _USER4_ISR
00009135   _USER5_ISR
0000912b   _USER6_ISR
00009121   _USER7_ISR
00009117   _USER8_ISR
0000910d   _USER9_ISR
00009103   _WAKEINT_ISR
000090f9   _XINT1_ISR
000090ef   _XINT2_ISR
000090e5   _XINT3_ISR
000090db   _XINT4_ISR
000090d1   _XINT5_ISR
000090c7   _XINT6_ISR
000090bd   _XINT7_ISR
00007070   _XIntruptRegs
00000b20   _XintfRegs
00000658   __STACK_END
00000258   __STACK_SIZE
00000001   __TI_args_main
ffffffff   ___binit__
0000c000   ___bss__
ffffffff   ___c_args__
00009f9a   ___cinit__
0000c000   ___data__
0000c000   ___edata__
0000c000   ___end__
00009d80   ___etext__
ffffffff   ___pinit__
00008000   ___text__
00009d0f   __args_main
0000c1d0   __cleanup_ptr
0000c1d2   __dtors_ptr
0000c13e   __lock
00009d77   __nop
00009d73   __register_lock
00009d6f   __register_unlock
00000400   __stack
0000c13c   __unlock
00009d28   _abort
00009be2   _c_int00
00009987   _config_eCAN_A_mbx
00009587   _config_ePWMRegs
00009555   _config_ePWM_GPIO
00009b26   _config_schedulerTimer
00009b1f   _disableWatchdog
00009b1a   _disable_interrupts
00009ad7   _enable_interrupts
00009d2a   _exit
00009c5d   _fmod
0000c153   _helper
00008664   _idle_num1_task_fcn
00009ad4   _idletask_num1
00009738   _init_board
000098f1   _init_eCAN_A
0000c137   _isRateRunning
00008496   _isr_int3pie3_task_fcn
00008255   _isr_int3pie4_task_fcn
00008195   _isr_int3pie5_task_fcn
00008000   _isr_int9pie6_task_fcn
00009aae   _main
00009cf5   _modf
0000c139   _need2runFlags
000090b3   _rsvd_ISR
00009cf0   _rtGetInf
00009ce7   _rtGetInfF
00009ce2   _rtGetMinusInf
00009cd9   _rtGetMinusInfF
00009d6a   _rtGetNaN
00009d61   _rtGetNaNF
0000c1b6   _rtInf
0000c1bc   _rtInfF
00009bcf   _rtIsInf
00009bbc   _rtIsInfF
00009bba   _rtIsNaN
00009bb8   _rtIsNaNF
0000c1b4   _rtMinusInf
0000c1ba   _rtMinusInfF
0000c1b8   _rtNaN
0000c1be   _rtNaNF
00009b93   _rt_InitInfAndNaN
00009a5c   _rt_OneStep
0000886b   _sendSCIB
00008859   _sendSCIC
00009f7b   _sfcn_ln_round_Outputs_wrapper
00009f4b   _sfcn_ln_sqrt_Outputs_wrapper
00009f48   _sfcn_lnc_boolean_2_boolean_Outputs_wrapper
00009f3e   _sfcn_lnc_boolean_2_double_Outputs_wrapper
00009f36   _sfcn_lnc_boolean_2_int16_Outputs_wrapper
00009f2e   _sfcn_lnc_boolean_2_int32_Outputs_wrapper
00009f27   _sfcn_lnc_boolean_2_int8_Outputs_wrapper
00009f1d   _sfcn_lnc_boolean_2_single_Outputs_wrapper
00009f15   _sfcn_lnc_boolean_2_uint16_Outputs_wrapper
00009f0d   _sfcn_lnc_boolean_2_uint32_Outputs_wrapper
00009f06   _sfcn_lnc_boolean_2_uint8_Outputs_wrapper
00009ef9   _sfcn_lnc_double_2_boolean_Outputs_wrapper
00009ef6   _sfcn_lnc_double_2_double_Outputs_wrapper
00009eec   _sfcn_lnc_double_2_int16_Outputs_wrapper
00009ee1   _sfcn_lnc_double_2_int32_Outputs_wrapper
00009ed7   _sfcn_lnc_double_2_int8_Outputs_wrapper
00009ed4   _sfcn_lnc_double_2_single_Outputs_wrapper
00009eca   _sfcn_lnc_double_2_uint16_Outputs_wrapper
00009ebf   _sfcn_lnc_double_2_uint32_Outputs_wrapper
00009eb5   _sfcn_lnc_double_2_uint8_Outputs_wrapper
00009eae   _sfcn_lnc_int16_2_boolean_Outputs_wrapper
00009ea8   _sfcn_lnc_int16_2_double_Outputs_wrapper
00009ea5   _sfcn_lnc_int16_2_int16_Outputs_wrapper
00009ea1   _sfcn_lnc_int16_2_int32_Outputs_wrapper
00009e9e   _sfcn_lnc_int16_2_int8_Outputs_wrapper
00009e98   _sfcn_lnc_int16_2_single_Outputs_wrapper
00009e95   _sfcn_lnc_int16_2_uint16_Outputs_wrapper
00009e92   _sfcn_lnc_int16_2_uint32_Outputs_wrapper
00009e8f   _sfcn_lnc_int16_2_uint8_Outputs_wrapper
00009e88   _sfcn_lnc_int32_2_boolean_Outputs_wrapper
00009e82   _sfcn_lnc_int32_2_double_Outputs_wrapper
00009e7f   _sfcn_lnc_int32_2_int16_Outputs_wrapper
00009e7b   _sfcn_lnc_int32_2_int32_Outputs_wrapper
00009e78   _sfcn_lnc_int32_2_int8_Outputs_wrapper
00009e72   _sfcn_lnc_int32_2_single_Outputs_wrapper
00009e6f   _sfcn_lnc_int32_2_uint16_Outputs_wrapper
00009e6c   _sfcn_lnc_int32_2_uint32_Outputs_wrapper
00009e69   _sfcn_lnc_int32_2_uint8_Outputs_wrapper
00009e62   _sfcn_lnc_int8_2_boolean_Outputs_wrapper
00009e5c   _sfcn_lnc_int8_2_double_Outputs_wrapper
00009e59   _sfcn_lnc_int8_2_int16_Outputs_wrapper
00009e55   _sfcn_lnc_int8_2_int32_Outputs_wrapper
00009e52   _sfcn_lnc_int8_2_int8_Outputs_wrapper
00009e4c   _sfcn_lnc_int8_2_single_Outputs_wrapper
00009e49   _sfcn_lnc_int8_2_uint16_Outputs_wrapper
00009e45   _sfcn_lnc_int8_2_uint32_Outputs_wrapper
00009e42   _sfcn_lnc_int8_2_uint8_Outputs_wrapper
00009e35   _sfcn_lnc_single_2_boolean_Outputs_wrapper
00009e32   _sfcn_lnc_single_2_double_Outputs_wrapper
00009e28   _sfcn_lnc_single_2_int16_Outputs_wrapper
00009e1d   _sfcn_lnc_single_2_int32_Outputs_wrapper
00009e13   _sfcn_lnc_single_2_int8_Outputs_wrapper
00009e10   _sfcn_lnc_single_2_single_Outputs_wrapper
00009e06   _sfcn_lnc_single_2_uint16_Outputs_wrapper
00009dfb   _sfcn_lnc_single_2_uint32_Outputs_wrapper
00009df1   _sfcn_lnc_single_2_uint8_Outputs_wrapper
00009dea   _sfcn_lnc_uint16_2_boolean_Outputs_wrapper
00009de4   _sfcn_lnc_uint16_2_double_Outputs_wrapper
00009de1   _sfcn_lnc_uint16_2_int16_Outputs_wrapper
00009ddd   _sfcn_lnc_uint16_2_int32_Outputs_wrapper
00009dda   _sfcn_lnc_uint16_2_int8_Outputs_wrapper
00009dd4   _sfcn_lnc_uint16_2_single_Outputs_wrapper
00009dd1   _sfcn_lnc_uint16_2_uint16_Outputs_wrapper
00009dce   _sfcn_lnc_uint16_2_uint32_Outputs_wrapper
00009dcb   _sfcn_lnc_uint16_2_uint8_Outputs_wrapper
00009dc4   _sfcn_lnc_uint32_2_boolean_Outputs_wrapper
00009dbe   _sfcn_lnc_uint32_2_double_Outputs_wrapper
00009dbb   _sfcn_lnc_uint32_2_int16_Outputs_wrapper
00009db7   _sfcn_lnc_uint32_2_int32_Outputs_wrapper
00009db4   _sfcn_lnc_uint32_2_int8_Outputs_wrapper
00009dae   _sfcn_lnc_uint32_2_single_Outputs_wrapper
00009dab   _sfcn_lnc_uint32_2_uint16_Outputs_wrapper
00009da8   _sfcn_lnc_uint32_2_uint32_Outputs_wrapper
00009da5   _sfcn_lnc_uint32_2_uint8_Outputs_wrapper
00009d9e   _sfcn_lnc_uint8_2_boolean_Outputs_wrapper
00009d98   _sfcn_lnc_uint8_2_double_Outputs_wrapper
00009d95   _sfcn_lnc_uint8_2_int16_Outputs_wrapper
00009d92   _sfcn_lnc_uint8_2_int32_Outputs_wrapper
00009d8f   _sfcn_lnc_uint8_2_int8_Outputs_wrapper
00009d89   _sfcn_lnc_uint8_2_single_Outputs_wrapper
00009d86   _sfcn_lnc_uint8_2_uint16_Outputs_wrapper
00009d83   _sfcn_lnc_uint8_2_uint32_Outputs_wrapper
00009d80   _sfcn_lnc_uint8_2_uint8_Outputs_wrapper
ffffffff   binit
00009f9a   cinit
00000000   code_start
0000c000   edata
0000c000   end
00009d80   etext
ffffffff   pinit


GLOBAL SYMBOLS: SORTED BY Symbol Address 

address    name
--------   ----
00000000   code_start
00000001   __TI_args_main
00000258   __STACK_SIZE
00000400   __stack
00000658   __STACK_END
00000880   _DevEmuRegs
00000a80   _FlashRegs
00000ae0   _CsmRegs
00000b00   _AdcMirror
00000b20   _XintfRegs
00000c00   _CpuTimer0Regs
00000c08   _CpuTimer1Regs
00000c10   _CpuTimer2Regs
00000ce0   _PieCtrlRegs
00000d00   _PieVectTable
00001000   _DmaRegs
00005000   _McbspaRegs
00005040   _McbspbRegs
00006000   _ECanaRegs
00006040   _ECanaLAMRegs
00006080   _ECanaMOTSRegs
000060c0   _ECanaMOTORegs
00006100   _ECanaMboxes
00006200   _ECanbRegs
00006240   _ECanbLAMRegs
00006280   _ECanbMOTSRegs
000062c0   _ECanbMOTORegs
00006300   _ECanbMboxes
00006800   _EPwm1Regs
00006840   _EPwm2Regs
00006880   _EPwm3Regs
000068c0   _EPwm4Regs
00006900   _EPwm5Regs
00006940   _EPwm6Regs
00006a00   _ECap1Regs
00006a20   _ECap2Regs
00006a40   _ECap3Regs
00006a60   _ECap4Regs
00006a80   _ECap5Regs
00006aa0   _ECap6Regs
00006b00   _EQep1Regs
00006b40   _EQep2Regs
00006f80   _GpioCtrlRegs
00006fc0   _GpioDataRegs
00006fe0   _GpioIntRegs
00007010   _SysCtrlRegs
00007040   _SpiaRegs
00007050   _SciaRegs
00007070   _XIntruptRegs
00007100   _AdcRegs
00007750   _ScibRegs
00007770   _ScicRegs
00007900   _I2caRegs
00008000   .text
00008000   ___text__
00008000   _isr_int9pie6_task_fcn
00008195   _isr_int3pie5_task_fcn
00008255   _isr_int3pie4_task_fcn
00008496   _isr_int3pie3_task_fcn
00008664   _idle_num1_task_fcn
00008667   _Batman_Code_terminate
00008668   _Batman_Code_step1
0000866d   _Batman_Code_step0
00008675   _Batman_Code_step
0000867f   _Batman_Code_initialize
00008851   _Batman_Code_SetEventsForThisBaseStep
00008859   _sendSCIC
0000886b   _sendSCIB
0000887d   _PackageChecksum
0000888a   _TxStillAlive
000088d2   _TxStatus
00008902   _TxResponseRx
00008915   _TxParameter
0000896f   _TxChecksumError
0000899e   _TxChannels
00008a66   _TimerSetPrescaler
00008a73   _ReceiveSCIC
00008ae3   _ReceiveSCIB
00008b53   _SetParameterValue
00008b99   _ProcessRxPackages
00008c07   _CommunicationTrigger
00008c4a   _InitUARTCommunication
00008ce5   _InitCPUTimer2
00008d10   _StartDMACH6
00008d18   _StartDMACH5
00008d20   _StartDMACH4
00008d28   _StartDMACH3
00008d30   _StartDMACH2
00008d38   _StartDMACH1
00008d40   _DMAInitialize
00008d4a   _DMACH6WrapConfig
00008d54   _DMACH6TransferConfig
00008d5d   _DMACH6ModeConfig
00008dcb   _DMACH6BurstConfig
00008dd4   _DMACH6AddrConfig
00008dde   _DMACH5WrapConfig
00008de8   _DMACH5TransferConfig
00008df1   _DMACH5ModeConfig
00008e5f   _DMACH5BurstConfig
00008e68   _DMACH5AddrConfig
00008e72   _DMACH4WrapConfig
00008e7c   _DMACH4TransferConfig
00008e85   _DMACH4ModeConfig
00008ef3   _DMACH4BurstConfig
00008efc   _DMACH4AddrConfig
00008f06   _DMACH3WrapConfig
00008f10   _DMACH3TransferConfig
00008f19   _DMACH3ModeConfig
00008f82   _DMACH3BurstConfig
00008f8b   _DMACH3AddrConfig
00008f95   _DMACH2WrapConfig
00008f9f   _DMACH2TransferConfig
00008fa8   _DMACH2ModeConfig
00009011   _DMACH2BurstConfig
0000901a   _DMACH2AddrConfig
00009024   _DMACH1WrapConfig
0000902e   _DMACH1TransferConfig
00009037   _DMACH1ModeConfig
000090a0   _DMACH1BurstConfig
000090a9   _DMACH1AddrConfig
000090b3   _rsvd_ISR
000090bd   _XINT7_ISR
000090c7   _XINT6_ISR
000090d1   _XINT5_ISR
000090db   _XINT4_ISR
000090e5   _XINT3_ISR
000090ef   _XINT2_ISR
000090f9   _XINT1_ISR
00009103   _WAKEINT_ISR
0000910d   _USER9_ISR
00009117   _USER8_ISR
00009121   _USER7_ISR
0000912b   _USER6_ISR
00009135   _USER5_ISR
0000913f   _USER4_ISR
00009149   _USER3_ISR
00009153   _USER2_ISR
0000915d   _USER1_ISR
00009167   _USER12_ISR
00009171   _USER11_ISR
0000917b   _USER10_ISR
00009185   _TINT0_ISR
0000918f   _SPITXINTA_ISR
00009199   _SPIRXINTA_ISR
000091a3   _SEQ2INT_ISR
000091ad   _SEQ1INT_ISR
000091b7   _SCITXINTC_ISR
000091c1   _SCITXINTB_ISR
000091cb   _SCITXINTA_ISR
000091d5   _SCIRXINTC_ISR
000091df   _SCIRXINTB_ISR
000091e9   _SCIRXINTA_ISR
000091f3   _RTOSINT_ISR
000091fd   _PIE_RESERVED
00009207   _NMI_ISR
00009211   _MXINTB_ISR
0000921b   _MXINTA_ISR
00009225   _MRINTB_ISR
0000922f   _MRINTA_ISR
00009239   _LVF_ISR
00009243   _LUF_ISR
0000924d   _INT14_ISR
00009257   _INT13_ISR
00009261   _ILLEGAL_ISR
0000926b   _I2CINT2A_ISR
00009275   _I2CINT1A_ISR
0000927f   _EQEP2_INT_ISR
00009289   _EQEP1_INT_ISR
00009293   _EPWM6_TZINT_ISR
0000929d   _EPWM6_INT_ISR
000092a7   _EPWM5_TZINT_ISR
000092b1   _EPWM5_INT_ISR
000092bb   _EPWM4_TZINT_ISR
000092c5   _EPWM4_INT_ISR
000092cf   _EPWM3_TZINT_ISR
000092d9   _EPWM3_INT_ISR
000092e3   _EPWM2_TZINT_ISR
000092ed   _EPWM2_INT_ISR
000092f7   _EPWM1_TZINT_ISR
00009301   _EPWM1_INT_ISR
0000930b   _EMUINT_ISR
00009315   _ECAP6_INT_ISR
0000931f   _ECAP5_INT_ISR
00009329   _ECAP4_INT_ISR
00009333   _ECAP3_INT_ISR
0000933d   _ECAP2_INT_ISR
00009347   _ECAP1_INT_ISR
00009351   _ECAN1INTB_ISR
0000935b   _ECAN1INTA_ISR
00009365   _ECAN0INTB_ISR
0000936f   _ECAN0INTA_ISR
00009379   _DINTCH6_ISR
00009383   _DINTCH5_ISR
0000938d   _DINTCH4_ISR
00009397   _DINTCH3_ISR
000093a1   _DINTCH2_ISR
000093ab   _DINTCH1_ISR
000093b5   _DATALOG_ISR
000093bf   _ADCINT_ISR
000093c9   _TINT0_isr
00009418   _EPWM5_INT_isr
0000944e   _EPWM4_INT_isr
00009484   _EPWM3_INT_isr
000094d1   _ECAN1INTA_isr
00009555   _config_ePWM_GPIO
00009587   _config_ePWMRegs
000096d1   _InitXintf16Gpio
00009738   _init_board
000097f8   _ServiceDog
00009802   _DisableDog
0000980a   _InitPll
00009854   _InitPeripheralClocks
000098ba   _InitSysCtrl
000098c3   _CsmUnlock
000098f1   _init_eCAN_A
00009987   _config_eCAN_A_mbx
000099d4   FS$$DIV
00009a5c   _rt_OneStep
00009aae   _main
00009ad4   _idletask_num1
00009ad7   _enable_interrupts
00009b1a   _disable_interrupts
00009b1f   _disableWatchdog
00009b26   _config_schedulerTimer
00009b37   _InitCpuTimers
00009b72   _ConfigCpuTimer
00009b93   _rt_InitInfAndNaN
00009bb8   _rtIsNaNF
00009bba   _rtIsNaN
00009bbc   _rtIsInfF
00009bcf   _rtIsInf
00009be2   _c_int00
00009c28   _Timer2ISR
00009c5d   _fmod
00009c8f   _InitPieCtrl
00009cae   _EnableInterrupts
00009cb7   I$$DIV
00009cc8   I$$MOD
00009cd9   _rtGetMinusInfF
00009ce2   _rtGetMinusInf
00009ce7   _rtGetInfF
00009cf0   _rtGetInf
00009cf5   _modf
00009d0f   __args_main
00009d28   C$$EXIT
00009d28   _abort
00009d2a   _exit
00009d41   _InitPieVectTable
00009d52   _MemCopy
00009d61   _rtGetNaNF
00009d6a   _rtGetNaN
00009d6f   __register_unlock
00009d73   __register_lock
00009d77   __nop
00009d80   ___etext__
00009d80   _sfcn_lnc_uint8_2_uint8_Outputs_wrapper
00009d80   etext
00009d83   _sfcn_lnc_uint8_2_uint32_Outputs_wrapper
00009d86   _sfcn_lnc_uint8_2_uint16_Outputs_wrapper
00009d89   _sfcn_lnc_uint8_2_single_Outputs_wrapper
00009d8f   _sfcn_lnc_uint8_2_int8_Outputs_wrapper
00009d92   _sfcn_lnc_uint8_2_int32_Outputs_wrapper
00009d95   _sfcn_lnc_uint8_2_int16_Outputs_wrapper
00009d98   _sfcn_lnc_uint8_2_double_Outputs_wrapper
00009d9e   _sfcn_lnc_uint8_2_boolean_Outputs_wrapper
00009da5   _sfcn_lnc_uint32_2_uint8_Outputs_wrapper
00009da8   _sfcn_lnc_uint32_2_uint32_Outputs_wrapper
00009dab   _sfcn_lnc_uint32_2_uint16_Outputs_wrapper
00009dae   _sfcn_lnc_uint32_2_single_Outputs_wrapper
00009db4   _sfcn_lnc_uint32_2_int8_Outputs_wrapper
00009db7   _sfcn_lnc_uint32_2_int32_Outputs_wrapper
00009dbb   _sfcn_lnc_uint32_2_int16_Outputs_wrapper
00009dbe   _sfcn_lnc_uint32_2_double_Outputs_wrapper
00009dc4   _sfcn_lnc_uint32_2_boolean_Outputs_wrapper
00009dcb   _sfcn_lnc_uint16_2_uint8_Outputs_wrapper
00009dce   _sfcn_lnc_uint16_2_uint32_Outputs_wrapper
00009dd1   _sfcn_lnc_uint16_2_uint16_Outputs_wrapper
00009dd4   _sfcn_lnc_uint16_2_single_Outputs_wrapper
00009dda   _sfcn_lnc_uint16_2_int8_Outputs_wrapper
00009ddd   _sfcn_lnc_uint16_2_int32_Outputs_wrapper
00009de1   _sfcn_lnc_uint16_2_int16_Outputs_wrapper
00009de4   _sfcn_lnc_uint16_2_double_Outputs_wrapper
00009dea   _sfcn_lnc_uint16_2_boolean_Outputs_wrapper
00009df1   _sfcn_lnc_single_2_uint8_Outputs_wrapper
00009dfb   _sfcn_lnc_single_2_uint32_Outputs_wrapper
00009e06   _sfcn_lnc_single_2_uint16_Outputs_wrapper
00009e10   _sfcn_lnc_single_2_single_Outputs_wrapper
00009e13   _sfcn_lnc_single_2_int8_Outputs_wrapper
00009e1d   _sfcn_lnc_single_2_int32_Outputs_wrapper
00009e28   _sfcn_lnc_single_2_int16_Outputs_wrapper
00009e32   _sfcn_lnc_single_2_double_Outputs_wrapper
00009e35   _sfcn_lnc_single_2_boolean_Outputs_wrapper
00009e42   _sfcn_lnc_int8_2_uint8_Outputs_wrapper
00009e45   _sfcn_lnc_int8_2_uint32_Outputs_wrapper
00009e49   _sfcn_lnc_int8_2_uint16_Outputs_wrapper
00009e4c   _sfcn_lnc_int8_2_single_Outputs_wrapper
00009e52   _sfcn_lnc_int8_2_int8_Outputs_wrapper
00009e55   _sfcn_lnc_int8_2_int32_Outputs_wrapper
00009e59   _sfcn_lnc_int8_2_int16_Outputs_wrapper
00009e5c   _sfcn_lnc_int8_2_double_Outputs_wrapper
00009e62   _sfcn_lnc_int8_2_boolean_Outputs_wrapper
00009e69   _sfcn_lnc_int32_2_uint8_Outputs_wrapper
00009e6c   _sfcn_lnc_int32_2_uint32_Outputs_wrapper
00009e6f   _sfcn_lnc_int32_2_uint16_Outputs_wrapper
00009e72   _sfcn_lnc_int32_2_single_Outputs_wrapper
00009e78   _sfcn_lnc_int32_2_int8_Outputs_wrapper
00009e7b   _sfcn_lnc_int32_2_int32_Outputs_wrapper
00009e7f   _sfcn_lnc_int32_2_int16_Outputs_wrapper
00009e82   _sfcn_lnc_int32_2_double_Outputs_wrapper
00009e88   _sfcn_lnc_int32_2_boolean_Outputs_wrapper
00009e8f   _sfcn_lnc_int16_2_uint8_Outputs_wrapper
00009e92   _sfcn_lnc_int16_2_uint32_Outputs_wrapper
00009e95   _sfcn_lnc_int16_2_uint16_Outputs_wrapper
00009e98   _sfcn_lnc_int16_2_single_Outputs_wrapper
00009e9e   _sfcn_lnc_int16_2_int8_Outputs_wrapper
00009ea1   _sfcn_lnc_int16_2_int32_Outputs_wrapper
00009ea5   _sfcn_lnc_int16_2_int16_Outputs_wrapper
00009ea8   _sfcn_lnc_int16_2_double_Outputs_wrapper
00009eae   _sfcn_lnc_int16_2_boolean_Outputs_wrapper
00009eb5   _sfcn_lnc_double_2_uint8_Outputs_wrapper
00009ebf   _sfcn_lnc_double_2_uint32_Outputs_wrapper
00009eca   _sfcn_lnc_double_2_uint16_Outputs_wrapper
00009ed4   _sfcn_lnc_double_2_single_Outputs_wrapper
00009ed7   _sfcn_lnc_double_2_int8_Outputs_wrapper
00009ee1   _sfcn_lnc_double_2_int32_Outputs_wrapper
00009eec   _sfcn_lnc_double_2_int16_Outputs_wrapper
00009ef6   _sfcn_lnc_double_2_double_Outputs_wrapper
00009ef9   _sfcn_lnc_double_2_boolean_Outputs_wrapper
00009f06   _sfcn_lnc_boolean_2_uint8_Outputs_wrapper
00009f0d   _sfcn_lnc_boolean_2_uint32_Outputs_wrapper
00009f15   _sfcn_lnc_boolean_2_uint16_Outputs_wrapper
00009f1d   _sfcn_lnc_boolean_2_single_Outputs_wrapper
00009f27   _sfcn_lnc_boolean_2_int8_Outputs_wrapper
00009f2e   _sfcn_lnc_boolean_2_int32_Outputs_wrapper
00009f36   _sfcn_lnc_boolean_2_int16_Outputs_wrapper
00009f3e   _sfcn_lnc_boolean_2_double_Outputs_wrapper
00009f48   _sfcn_lnc_boolean_2_boolean_Outputs_wrapper
00009f4b   _sfcn_ln_sqrt_Outputs_wrapper
00009f7b   _sfcn_ln_round_Outputs_wrapper
00009f9a   ___cinit__
00009f9a   cinit
0000a042   _InitFlash
0000a05f   _DSP28x_usDelay
0000c000   .bss
0000c000   .data
0000c000   _LNInitModel
0000c000   ___bss__
0000c000   ___data__
0000c000   ___edata__
0000c000   ___end__
0000c000   edata
0000c000   end
0000c002   _Batman_Code_M_
0000c040   _Batman_Code_B
0000c0c0   _Batman_Code_DWork
0000c11e   _CpuTimer1
0000c126   _CpuTimer2
0000c12e   _CpuTimer0
0000c136   _IsrOverrun
0000c137   _isRateRunning
0000c139   _need2runFlags
0000c13c   __unlock
0000c13e   __lock
0000c140   _RxBufferIndexB
0000c141   _RxMessageAComplete
0000c142   _TimerPrescaler
0000c143   _RxMessageBComplete
0000c144   _StillAliveCounterTop
0000c145   _InputChannel10
0000c146   _InputChannel9
0000c147   _LastComMode
0000c148   _ComMode
0000c149   _RxBufferIndexA
0000c14a   _RxWrongPackageStartError
0000c14b   _RxChecksumError
0000c14c   _RxFifoOverflowError
0000c14d   _RxCommonError
0000c14e   _RxFrameError
0000c14f   _TimerPrescalerCounterTop
0000c150   _StillAliveCounter
0000c151   _PackageCounter
0000c152   _TimerPrescalerCounter
0000c153   _helper
0000c154   _InputChannel2
0000c155   _InputChannel1
0000c156   _InputChannel3
0000c157   _InputChannel6
0000c158   _InputChannel7
0000c159   _InputChannel8
0000c15a   _InputChannel5
0000c15b   _InputChannel4
0000c15c   _RxBufferA
0000c164   _RxBufferB
0000c16c   _ScopeChannMapping
0000c180   _ScopeChann
0000c1b4   _rtMinusInf
0000c1b6   _rtInf
0000c1b8   _rtNaN
0000c1ba   _rtMinusInfF
0000c1bc   _rtInfF
0000c1be   _rtNaNF
0000c1c0   _CAN_DATATYPE_GROUND
0000c1d0   __cleanup_ptr
0000c1d2   __dtors_ptr
0000c1d4   _PieVectTableInit
0000c2d4   _Batman_Code_M
0000c2d8   _Batman_Code_ConstB
0033fff8   _CsmPwl
00380080   _ADC_cal
ffffffff   ___binit__
ffffffff   ___c_args__
ffffffff   ___pinit__
ffffffff   binit
ffffffff   pinit

[414 symbols]
