Archive member included because of file (symbol)

/home/labcar/codegen/lib/libasap.a(labcartop.o)
                              /opt/etas/lib/librtostarget_si.so (initializeLabCarModel)
/home/labcar/codegen/lib/libasap.a(mc_module_hardware.o)
                              /home/labcar/codegen/lib/libasap.a(labcartop.o) (initModel_Module_Hardware)
/home/labcar/codegen/lib/libasap.a(mc_module_batterymodel_hil.o)
                              /home/labcar/codegen/lib/libasap.a(labcartop.o) (initModel_Module_Batterymodel_HiL)
/home/labcar/codegen/lib/libasap.a(mc_module_canmodule.o)
                              /home/labcar/codegen/lib/libasap.a(labcartop.o) (initModel_Module_CANModule)
/home/labcar/codegen/lib/libasap.a(mc_module_osmonitoring.o)
                              /home/labcar/codegen/lib/libasap.a(labcartop.o) (initModel_Module_OSMonitoring)
/home/labcar/codegen/lib/libasap.a(programid.o)
                              /opt/etas/lib/librtostarget_si.so (programIdentifier)
/home/labcar/codegen/lib/libcanmodule.a(cancode.o)
                              /home/labcar/codegen/lib/libasap.a(mc_module_canmodule.o) (internalCANTime_bo0_co1)
/home/labcar/codegen/lib/libconn.a(connect.o)
                              /home/labcar/codegen/lib/libcanmodule.a(cancode.o) (inport_bo0_co0_111std_rtpc_bms_temp_1_4_Signal_Cell_T3)
/home/labcar/codegen/lib/librtio.a(hwcident.o)
                              /home/labcar/codegen/lib/libasap.a(mc_module_hardware.o) (hwcStructID)
/home/labcar/codegen/lib/librtpc_os_config.a(rtpc_os_config.o)
                              /opt/etas/lib/librtostarget_si.so (rtpc_task_internal_init)
/home/labcar/codegen/lib/libsimodels_batterymodel_hil_code.a(batterymodel_hil.o)
                              /home/labcar/codegen/lib/libasap.a(mc_module_batterymodel_hil.o) (Batterymodel_HiL_B)
/home/labcar/codegen/lib/libsimodels_batterymodel_hil_code.a(rt_nonfinite.o)
                              /home/labcar/codegen/lib/libsimodels_batterymodel_hil_code.a(batterymodel_hil.o) (rtIsInf)
/home/labcar/codegen/lib/libsimodels_batterymodel_hil_code.a(rtgetinf.o)
                              /home/labcar/codegen/lib/libsimodels_batterymodel_hil_code.a(rt_nonfinite.o) (rtGetInf)
/home/labcar/codegen/lib/libsimodels_batterymodel_hil_code.a(rtgetnan.o)
                              /home/labcar/codegen/lib/libsimodels_batterymodel_hil_code.a(rt_nonfinite.o) (rtGetNaN)
/home/labcar/codegen/lib/libsimodels_batterymodel_hil_code.a(batterymodel_hil_data.o)
                              /home/labcar/codegen/lib/libasap.a(mc_module_batterymodel_hil.o) (Batterymodel_HiL_P)
/home/labcar/codegen/lib/libsimodels_batterymodel_hil_code.a(batterymodel_hil_main.o)
                              /home/labcar/codegen/lib/librtpc_os_config.a(rtpc_os_config.o) (lcrt_Terminate_Batterymodel_HiL)
/home/labcar/codegen/lib/libsimodels_batterymodel_hil_code.a(rt_sim.o)
                              /home/labcar/codegen/lib/libsimodels_batterymodel_hil_code.a(batterymodel_hil_main.o) (rt_SimInitTimingEngine_Batterymodel_HiL)
/home/labcar/codegen/lib/libsimodels_global_code.a(modcomm.o)
                              /home/labcar/codegen/lib/libsimodels_batterymodel_hil_code.a(batterymodel_hil_main.o) (LC_registerModule)
/home/labcar/codegen/lib/libsimodels_global_code.a(lcoutport.o)
                              /home/labcar/codegen/lib/libsimodels_batterymodel_hil_code.a(batterymodel_hil.o) (LCOutport)
/home/labcar/codegen/lib/libsimodels_global_code.a(lcinport.o)
                              /home/labcar/codegen/lib/libsimodels_batterymodel_hil_code.a(batterymodel_hil.o) (LCInport)
/home/labcar/codegen/lib/librtio.a(es113x_rt.o)
                              /home/labcar/codegen/lib/librtpc_os_config.a(rtpc_os_config.o) (Es113x_SyncReceiveCode_TaskDVEModel_HWCF)
/home/labcar/codegen/lib/librtio.a(es113x_ext.o)
                              /home/labcar/codegen/lib/librtio.a(es113x_rt.o) (vmeVectorTable)
/home/labcar/lib/simulink/libsimulink_r2011b.a(rt_matrx.o)
                              /home/labcar/codegen/lib/libsimodels_global_code.a(lcoutport.o) (rt_mxGetString)
/opt/elektrobit/tal/lib/libBusMirror.a(main.o)
                              /opt/etas/lib/librtos.so (sqlite3_close)
/opt/elektrobit/tal/lib/libBusMirror.a(malloc.o)
                              /opt/elektrobit/tal/lib/libBusMirror.a(main.o) (sqlite3MallocInit)
/opt/elektrobit/tal/lib/libBusMirror.a(mem1.o)
                              /opt/elektrobit/tal/lib/libBusMirror.a(main.o) (sqlite3MemSetDefault)
/opt/elektrobit/tal/lib/libBusMirror.a(mutex.o)
                              /opt/elektrobit/tal/lib/libBusMirror.a(main.o) (sqlite3MutexInit)
/opt/elektrobit/tal/lib/libBusMirror.a(mutex_unix.o)
                              /opt/elektrobit/tal/lib/libBusMirror.a(mutex.o) (sqlite3DefaultMutex)
/opt/elektrobit/tal/lib/libBusMirror.a(os.o)
                              /opt/elektrobit/tal/lib/libBusMirror.a(main.o) (sqlite3OsFileControl)
[...]
Memory Configuration

Name             Origin             Length             Attributes
*default*        0x0000000000000000 0xffffffffffffffff

Linker script and memory map

LOAD /usr/lib/gcc/i486-linux-gnu/4.3.2/../../../../lib/crt1.o
LOAD /usr/lib/gcc/i486-linux-gnu/4.3.2/../../../../lib/crti.o
LOAD /usr/lib/gcc/i486-linux-gnu/4.3.2/crtbegin.o
LOAD /opt/etas/lib/librtos.so
LOAD /opt/etas/lib/librtosxcp.so
LOAD /opt/etas/lib/librtpccan.so
LOAD /opt/etas/lib/librtostarget_si.so
LOAD /opt/etas/lib/libintpol.so
LOAD /opt/etas/lib/libes53xx.so
LOAD /usr/lib/gcc/i486-linux-gnu/4.3.2/libstdc++.so
START GROUP
LOAD /home/labcar/codegen/lib/libasap.a
LOAD /home/labcar/codegen/lib/libcanmodule.a
LOAD /home/labcar/codegen/lib/libconn.a
LOAD /home/labcar/codegen/lib/libmisc_code.a
LOAD /home/labcar/codegen/lib/libmisc_objects.a
LOAD /home/labcar/codegen/lib/librtio.a
LOAD /home/labcar/codegen/lib/librtpc_os_config.a
LOAD /home/labcar/codegen/lib/libsimodels_batterymodel_hil_code.a
LOAD /home/labcar/codegen/lib/libsimodels_batterymodel_hil_external_code.a
LOAD /home/labcar/codegen/lib/libsimodels_batterymodel_hil_external_objects.a
LOAD /home/labcar/codegen/lib/libsimodels_batterymodel_hil_objects.a
LOAD /home/labcar/codegen/lib/libsimodels_global_code.a
LOAD /home/labcar/codegen/lib/libsimodels_global_objects.a
END GROUP
LOAD /home/labcar/lib/simulink/libsimulink_r2011b.a
START GROUP
END GROUP
LOAD /opt/etas/lib/librtpcbenchmark.a
LOAD /opt/elektrobit/tal/lib/libBusMirror.a
LOAD /usr/lib/gcc/i486-linux-gnu/4.3.2/libgcc.a
LOAD /usr/lib/gcc/i486-linux-gnu/4.3.2/libgcc_s.so
LOAD /usr/lib/libc.so
START GROUP
LOAD /lib/libc.so.6
LOAD /usr/lib/libc_nonshared.a
LOAD /lib/ld-linux.so.2
END GROUP
LOAD /usr/lib/gcc/i486-linux-gnu/4.3.2/libgcc.a
LOAD /usr/lib/gcc/i486-linux-gnu/4.3.2/libgcc_s.so
LOAD /usr/lib/gcc/i486-linux-gnu/4.3.2/crtend.o
LOAD /usr/lib/gcc/i486-linux-gnu/4.3.2/../../../../lib/crtn.o
                0x0000000008048000                PROVIDE (__executable_start, 0x8048000)
                0x0000000008048134                . = (0x8048000 + SIZEOF_HEADERS)

.interp         0x0000000008048134       0x13
 *(.interp)
 .interp        0x0000000008048134       0x13 /usr/lib/gcc/i486-linux-gnu/4.3.2/../../../../lib/crt1.o

.note.ABI-tag   0x0000000008048148       0x20
 .note.ABI-tag  0x0000000008048148       0x20 /usr/lib/gcc/i486-linux-gnu/4.3.2/../../../../lib/crt1.o

.note.gnu.build-id
 *(.note.gnu.build-id)

.hash           0x0000000008048168     0x2ac8
 *(.hash)
 .hash          0x0000000008048168     0x2ac8 /usr/lib/gcc/i486-linux-gnu/4.3.2/../../../../lib/crt1.o

.gnu.hash       0x000000000804ac30     0x3180
 *(.gnu.hash)
 .gnu.hash      0x000000000804ac30     0x3180 /usr/lib/gcc/i486-linux-gnu/4.3.2/../../../../lib/crt1.o

.dynsym         0x000000000804ddb0     0x6a90
 *(.dynsym)
 .dynsym        0x000000000804ddb0     0x6a90 /usr/lib/gcc/i486-linux-gnu/4.3.2/../../../../lib/crt1.o

.dynstr         0x0000000008054840     0xb48e
 *(.dynstr)
 .dynstr        0x0000000008054840     0xb48e /usr/lib/gcc/i486-linux-gnu/4.3.2/../../../../lib/crt1.o

.gnu.version    0x000000000805fcce      0xd52
 *(.gnu.version)
 .gnu.version   0x000000000805fcce      0xd52 /usr/lib/gcc/i486-linux-gnu/4.3.2/../../../../lib/crt1.o

.gnu.version_d  0x0000000008060a20        0x0
 *(.gnu.version_d)
 .gnu.version_d
                0x0000000000000000        0x0 /usr/lib/gcc/i486-linux-gnu/4.3.2/../../../../lib/crt1.o

.gnu.version_r  0x0000000008060a20       0xe0
 *(.gnu.version_r)
 .gnu.version_r
                0x0000000008060a20       0xe0 /usr/lib/gcc/i486-linux-gnu/4.3.2/../../../../lib/crt1.o

.rel.dyn        0x0000000008060b00       0x30
 *(.rel.init)
 *(.rel.text .rel.text.* .rel.gnu.linkonce.t.*)
 .rel.text      0x0000000000000000        0x0 /usr/lib/gcc/i486-linux-gnu/4.3.2/../../../../lib/crt1.o
 *(.rel.fini)
 *(.rel.rodata .rel.rodata.* .rel.gnu.linkonce.r.*)
 .rel.rodata    0x0000000000000000        0x0 /usr/lib/gcc/i486-linux-gnu/4.3.2/../../../../lib/crt1.o
 *(.rel.data.rel.ro* .rel.gnu.linkonce.d.rel.ro.*)
 *(.rel.data .rel.data.* .rel.gnu.linkonce.d.*)
 .rel.data      0x0000000000000000        0x0 /usr/lib/gcc/i486-linux-gnu/4.3.2/../../../../lib/crt1.o
 *(.rel.tdata .rel.tdata.* .rel.gnu.linkonce.td.*)
 *(.rel.tbss .rel.tbss.* .rel.gnu.linkonce.tb.*)
 *(.rel.ctors)
 *(.rel.dtors)
 *(.rel.got)
 .rel.got       0x0000000008060b00        0x8 /usr/lib/gcc/i486-linux-gnu/4.3.2/../../../../lib/crt1.o
 *(.rel.bss .rel.bss.* .rel.gnu.linkonce.b.*)
 .rel.bss       0x0000000008060b08       0x28 /usr/lib/gcc/i486-linux-gnu/4.3.2/../../../../lib/crt1.o

.rela.dyn
 *(.rela.init)
 *(.rela.text .rela.text.* .rela.gnu.linkonce.t.*)
 *(.rela.fini)
 *(.rela.rodata .rela.rodata.* .rela.gnu.linkonce.r.*)
 *(.rela.data .rela.data.* .rela.gnu.linkonce.d.*)
 *(.rela.tdata .rela.tdata.* .rela.gnu.linkonce.td.*)
 *(.rela.tbss .rela.tbss.* .rela.gnu.linkonce.tb.*)
 *(.rela.ctors)
 *(.rela.dtors)
 *(.rela.got)
 *(.rela.bss .rela.bss.* .rela.gnu.linkonce.b.*)

.rel.plt        0x0000000008060b30      0x2a0
 *(.rel.plt)
 .rel.plt       0x0000000008060b30      0x2a0 /usr/lib/gcc/i486-linux-gnu/4.3.2/../../../../lib/crt1.o

.rela.plt
 *(.rela.plt)

.init           0x0000000008060dd0       0x30
 *(.init)
 .init          0x0000000008060dd0       0x22 /usr/lib/gcc/i486-linux-gnu/4.3.2/../../../../lib/crti.o
                0x0000000008060dd0                _init
 .init          0x0000000008060df2        0x5 /usr/lib/gcc/i486-linux-gnu/4.3.2/crtbegin.o
 .init          0x0000000008060df7        0x5 /usr/lib/gcc/i486-linux-gnu/4.3.2/crtend.o
 .init          0x0000000008060dfc        0x4 /usr/lib/gcc/i486-linux-gnu/4.3.2/../../../../lib/crtn.o

.plt            0x0000000008060e00      0x550
 *(.plt)
 .plt           0x0000000008060e00      0x550 /usr/lib/gcc/i486-linux-gnu/4.3.2/../../../../lib/crt1.o
                0x0000000008060e10                pthread_mutex_destroy@@GLIBC_2.0
                0x0000000008060e20                rrtio_synchron_init
                0x0000000008060e30                rrtio_synchron_flush
                0x0000000008060e40                fmod@@GLIBC_2.0
                0x0000000008060e50                asdWriteUserError
                0x0000000008060e60                vmeIntEnable
                0x0000000008060e70                dlopen@@GLIBC_2.1
                0x0000000008060e80                access@@GLIBC_2.0
                0x0000000008060e90                rtos_log
                0x0000000008060ea0                asdMalloc
                0x0000000008060eb0                sleep@@GLIBC_2.0
                0x0000000008060ec0                asdWriteUserDebug
                0x0000000008060ed0                calloc@@GLIBC_2.0
                0x0000000008060ee0                fdatasync@@GLIBC_2.0
                0x0000000008060ef0                open64@@GLIBC_2.1
                0x0000000008060f00                getpid@@GLIBC_2.0
                0x0000000008060f10                initInstance_vectorWrapper
                0x0000000008060f20                main
                0x0000000008060f30                setGPIO32
                0x0000000008060f40                Outport_Real64_Create
                0x0000000008060f50                pthread_mutexattr_settype@@GLIBC_2.1
                0x0000000008060f60                memcpy@@GLIBC_2.0
                0x0000000008060f70                write@@GLIBC_2.0
                0x0000000008060f80                malloc@@GLIBC_2.0
                0x0000000008060f90                rtos_comm_read
                0x0000000008060fa0                strlen@@GLIBC_2.0
                0x0000000008060fb0                getcwd@@GLIBC_2.0
                0x0000000008060fc0                dlsym@@GLIBC_2.0
                0x0000000008060fd0                rrtio_synchron_exit
                0x0000000008060fe0                strcmp@@GLIBC_2.0
                0x0000000008060ff0                utimes@@GLIBC_2.0
                0x0000000008061000                time@@GLIBC_2.0
                0x0000000008061010                fsync@@GLIBC_2.0
                0x0000000008061020                __errno_location@@GLIBC_2.0
                0x0000000008061030                dup@@GLIBC_2.0
                0x0000000008061040                memcmp@@GLIBC_2.0
                0x0000000008061050                lseek64@@GLIBC_2.1
                0x0000000008061060                getenv@@GLIBC_2.0
                0x0000000008061070                pthread_create@@GLIBC_2.1
                0x0000000008061080                __libc_start_main@@GLIBC_2.0
                0x0000000008061090                pthread_mutex_unlock@@GLIBC_2.0
                0x00000000080610a0                floor@@GLIBC_2.0
                0x00000000080610b0                gettimeofday@@GLIBC_2.0
                0x00000000080610c0                pthread_mutex_init@@GLIBC_2.0
                0x00000000080610d0                installCommErrMessages
                0x00000000080610e0                __stack_chk_fail@@GLIBC_2.4
                0x00000000080610f0                vmeSetupInt
                0x0000000008061100                dlerror@@GLIBC_2.0
                0x0000000008061110                rrtio_synchron_wait
                0x0000000008061120                pthread_mutex_lock@@GLIBC_2.0
                0x0000000008061130                __fxstat64@@GLIBC_2.2
                0x0000000008061140                free@@GLIBC_2.0
                0x0000000008061150                pthread_mutexattr_init@@GLIBC_2.0
                0x0000000008061160                pthread_mutexattr_destroy@@GLIBC_2.0
                0x0000000008061170                strncmp@@GLIBC_2.0
                0x0000000008061180                lround@@GLIBC_2.1
                0x0000000008061190                initInstance_scalarWrapper
                0x00000000080611a0                installEtasPseudoGeoAdrBoardNames
                0x00000000080611b0                pthread_join@@GLIBC_2.0
                0x00000000080611c0                rtos_comm_close
                0x00000000080611d0                dlclose@@GLIBC_2.0
                0x00000000080611e0                pthread_equal@@GLIBC_2.0
                0x00000000080611f0                atoi@@GLIBC_2.0
                0x0000000008061200                installVmeVectorTable
                0x0000000008061210                installUserBoardNames
                0x0000000008061220                rtos_comm_open
                0x0000000008061230                memset@@GLIBC_2.0
                0x0000000008061240                pthread_self@@GLIBC_2.0
                0x0000000008061250                fcntl@@GLIBC_2.0
                0x0000000008061260                pthread_mutex_trylock@@GLIBC_2.0
                0x0000000008061270                close@@GLIBC_2.0
                0x0000000008061280                read@@GLIBC_2.0
                0x0000000008061290                __xstat64@@GLIBC_2.2
                0x00000000080612a0                installEtasAutoIdBoardNames
                0x00000000080612b0                installEtasBoardNames
                0x00000000080612c0                memmove@@GLIBC_2.0
                0x00000000080612d0                ftruncate64@@GLIBC_2.1
                0x00000000080612e0                unlink@@GLIBC_2.0
                0x0000000008061300                strcpy@@GLIBC_2.0
                0x0000000008061310                rtos_comm_write
                0x0000000008061320                localtime@@GLIBC_2.0
                0x0000000008061330                Inport_Real64_Create
                0x0000000008061340                realloc@@GLIBC_2.0

.text           0x0000000008061350    0x86f4c
 *(.text .stub .text.* .gnu.linkonce.t.*)
 .text          0x0000000008061350       0x24 /usr/lib/gcc/i486-linux-gnu/4.3.2/../../../../lib/crt1.o
                0x0000000008061350                _start
 .text          0x0000000008061374        0x0 /usr/lib/gcc/i486-linux-gnu/4.3.2/../../../../lib/crti.o
 *fill*         0x0000000008061374        0xc 90909090
 .text          0x0000000008061380       0x83 /usr/lib/gcc/i486-linux-gnu/4.3.2/crtbegin.o
 *fill*         0x0000000008061403        0x1 90909090
 .text          0x0000000008061404      0x16d /home/labcar/codegen/lib/libasap.a(labcartop.o)
                0x000000000806151c                initializeLabCarModel
 *fill*         0x0000000008061571        0x3 90909090
 .text          0x0000000008061574      0x1ab /home/labcar/codegen/lib/libasap.a(mc_module_hardware.o)
                0x00000000080616b9                initClass_Module_Hardware
                0x000000000806168c                initInstance_Module_Hardware
                0x0000000008061707                initModel_Module_Hardware
 *fill*         0x000000000806171f        0x1 90909090
 .text          0x0000000008061720     0x1fd4 /home/labcar/codegen/lib/libasap.a(mc_module_batterymodel_hil.o)
                0x0000000008061865                initClass_Module_Batterymodel_HiL
                0x0000000008061838                initInstance_Module_Batterymodel_HiL
                0x00000000080636dc                initModel_Module_Batterymodel_HiL
 .text          0x00000000080636f4     0x4406 /home/labcar/codegen/lib/libasap.a(mc_module_canmodule.o)
                0x0000000008063839                initClass_Module_CANModule
                0x000000000806380c                initInstance_Module_CANModule
                0x0000000008067ae2                initModel_Module_CANModule
 *fill*         0x0000000008067afa        0x2 90909090
 .text          0x0000000008067afc      0x153 /home/labcar/codegen/lib/libasap.a(mc_module_osmonitoring.o)
                0x0000000008067c19                initInstance_Module_OSMonitoring
                0x0000000008067c46                initModel_Module_OSMonitoring
                0x0000000008067c14                initClass_Module_OSMonitoring
 *fill*         0x0000000008067c4f        0x1 90909090
 .text          0x0000000008067c50      0x118 /home/labcar/codegen/lib/libasap.a(programid.o)
 *fill*         0x0000000008067d68        0x8 90909090
 .text          0x0000000008067d70     0x49b2 /home/labcar/codegen/lib/libcanmodule.a(cancode.o)
                0x0000000008067f08                getCANDeviceHandle
                0x0000000008068db8                CAN_Send_board0_controller0
                0x000000000806c0f1                CAN_Init
                0x0000000008067f6f                CAN_Receive_board0_controller1
                0x00000000080681ab                CAN_Receive_board0_controller0
                0x0000000008067f39                CAN_Exit
                0x0000000008067ef1                CAN_Send_board0_controller1
                0x0000000008067e88                FrameAnalysis
 *fill*         0x000000000806c722        0x2 90909090
 .text          0x000000000806c724     0x22e6 /home/labcar/codegen/lib/libconn.a(connect.o)
                0x000000000806d48e                init_inport_bo0_co0_101std_rtpc_bms_volt_1_4_Signal_Cell_V2
                0x000000000806e344                init_outport_bo0_co0_202std_bms_rctp_volt_5_8_Signal_Cell_V8
                0x000000000806d15e                init_Batterymodel_HiL_Inport_03d24b9d95f2420bbd7d85e6d9aa22a3
                0x000000000806e71e                init_outport_bo0_co0_102std_rtpc_bms_volt_5_8_timeStamp
                0x000000000806de5a                init_Batterymodel_HiL_Outport_ecc00f425c9e4277870ae36abca1afd6
                0x000000000806e9c6                init_outport_bo0_co0_221std_bms_rtcp_bal_Signal_Cell_10
                0x000000000806dbde                init_inport_bo0_co0_113std_rtpc_bms_temp_9_12_Signal_Cell_T12
                0x000000000806cbee                init_inport_bo0_co0_112std_rtpc_bms_temp_5_8_Signal_Cell_T6
                0x000000000806e388                init_Batterymodel_HiL_Outport_a6c7e50e4d664fe19ccdebbbcdf797f2
                0x000000000806dd28                init_outport_bo0_co0_102std_rtpc_bms_volt_5_8_remoteTrigger
                0x000000000806d0b0                init_Batterymodel_HiL_Inport_9165a05cd22c411f9b7472144e5ff8c0
                0x000000000806cfc8                init_Batterymodel_HiL_Inport_0537325e5c8045ae83bb616b0feb5df6
                0x000000000806e18a                init_outport_bo0_co0_221std_bms_rtcp_bal_Signal_Cell_3
                0x000000000806c92e                init_inport_bo0_co0_111std_rtpc_bms_temp_1_4_Signal_Cell_T2
                0x000000000806e4dc                init_outport_bo0_co0_111std_rtpc_bms_temp_1_4_remoteTrigger
                0x000000000806cee0                init_Batterymodel_HiL_Inport_605629666db743b9b94e5009f2cf2abc
                0x000000000806dee2                init_outport_bo0_co0_203std_bms_rctp_volt_9_12_timeStamp
                0x000000000806e586                init_Batterymodel_HiL_Outport_03a2c34504ce45f989ca0fda864543e3
                0x000000000806df8c                init_Batterymodel_HiL_Outport_e9cf76bb77d84008b43099e08985965a
                0x000000000806e7ea                init_Batterymodel_HiL_Outport_bae6af9f6c5445aca6138b5c9321d505
                0x000000000806cc28                init_inport_bo0_co0_112std_rtpc_bms_temp_5_8_Signal_Cell_V8
                0x000000000806d1d2                init_inport_singleShot_bo0_co0_112std_rtpc_bms_temp_5_8
                0x000000000806e872                init_outport_bo0_co0_211std_bms_rctp_temp_1_4_Signal_Cell_T4
                0x000000000806da0e                init_Batterymodel_HiL_Inport_2bd5bb092a164b689900b6026787b392
                0x000000000806e366                init_outport_bo0_co0_231std_bms_rtcp_sammeln_Signal_Total_Volt
                0x000000000806d2ba                init_inport_bo0_co0_101std_rtpc_bms_volt_1_4_Signal_Cell_V3
                0x000000000806dfd0                init_outport_bo0_co0_113std_rtpc_bms_temp_9_12_remoteTrigger
                0x000000000806cc9c                init_inport_cycleTime_bo0_co0_131std_rtpc_bms_sammeln
                0x000000000806e0be                init_Batterymodel_HiL_Outport_540821b06db447c5bcb1bea73d46478e
                0x000000000806d540                init_inport_singleShot_bo0_co0_111std_rtpc_bms_temp_1_4
                0x000000000806e652                init_Batterymodel_HiL_Outport_758dc213d8a341e69760ad164e0630ca
                0x000000000806ca50                init_Batterymodel_HiL_Inport_b25bb4ba734e4d6ab0ffa1670d1b599b
                0x000000000806e82e                init_Batterymodel_HiL_Outport_0864124e9b404c27be6ab600cdc6337f
                0x000000000806e894                init_outport_bo0_co0_221std_bms_rtcp_bal_Signal_Cell_11
                0x000000000806d714                init_inport_inTrigger_bo0_co0_113std_rtpc_bms_temp_9_12
                0x000000000806cdbe                init_inport_bo0_co0_112std_rtpc_bms_temp_5_8_Signal_Cell_T5
                0x000000000806c7d2                init_inport_bo0_co0_113std_rtpc_bms_temp_9_12_Signal_Cell_T11
                0x000000000806e740                init_outport_bo0_co0_112std_rtpc_bms_temp_5_8_timeStamp
                0x000000000806d804                init_inport_cycleTime_bo0_co0_102std_rtpc_bms_volt_5_8
                0x000000000806e6fc                init_Batterymodel_HiL_Outport_2197db0b81ca4969a25926e73f1b5bc5
                0x000000000806e850                init_outport_bo0_co0_203std_bms_rctp_volt_9_12_Signal_Cell_V9
                0x000000000806c9a2                init_inport_singleShot_bo0_co0_113std_rtpc_bms_temp_9_12
                0x000000000806e2de                init_Batterymodel_HiL_Outport_2743a9a446a648b7bfdfe23bcbf4fa22
                0x000000000806e212                init_outport_bo0_co0_221std_bms_rtcp_bal_Signal_Cell_2
                0x000000000806ce32                init_inport_bo0_co0_131std_rtpc_bms_sammeln_Signal_Mode
                0x000000000806e4fe                init_outport_bo0_co0_201std_bms_rtcp_volt_1_4_Signal_Cell_V1
                0x000000000806e8d8                init_outport_bo0_co0_221std_bms_rtcp_bal_timeStamp
                0x000000000806e696                init_outport_bo0_co0_231std_bms_rtcp_sammeln_timeStamp
                0x000000000806dce4                init_Batterymodel_HiL_Outport_0a9a9183894945539cf19593f12489db
                0x000000000806ddd2                init_outport_bo0_co0_212std_bms_rctp_temp_5_8_timeStamp
                0x000000000806dec0                init_outport_bo0_co0_203std_bms_rctp_volt_9_12_Signal_Cell_V11
                0x000000000806e432                init_Batterymodel_HiL_Outport_488d865ae47b4048b2aa03bef812b5c4
                0x000000000806e234                init_outport_bo0_co0_103std_rtpc_bms_volt_9_12_timeStamp
                0x000000000806e762                init_outport_bo0_co0_221std_bms_rtcp_bal_Signal_Cell_12
                0x000000000806de7c                init_Batterymodel_HiL_Outport_63e30c28632d4ec99550fc802c3c62e1
                0x000000000806e630                init_Batterymodel_HiL_Outport_e4b2e806ed3c4162a3e69194141d9e63
                0x000000000806df6a                init_Batterymodel_HiL_Outport_2292d362d7de4d718ce81dc766f7120d
                0x000000000806e300                init_Batterymodel_HiL_Outport_afa7a667771a4ec8b929af91988f9c22
                0x000000000806d0ea                init_Batterymodel_HiL_Inport_695989ac0da944f0be1c98924295fab7
                0x000000000806e2bc                init_outport_bo0_co0_231std_bms_rtcp_sammeln_Signal_Absolut_Amp
                0x000000000806dc18                init_Batterymodel_HiL_Outport_424c74e30cbe4f7cb2c505e82fca4f6e
                0x000000000806e8b6                init_outport_bo0_co0_221std_bms_rtcp_bal_Signal_Cell_9
                0x000000000806c8f4                init_Batterymodel_HiL_Inport_dda68b3d7b7a4491b651efc3b9e5dd52
                0x000000000806e564                init_Batterymodel_HiL_Outport_f5f570c92f794b98968ad36d5d75546b
                0x000000000806dd4a                init_outport_bo0_co0_202std_bms_rctp_volt_5_8_timeStamp
                0x000000000806d4c8                init_inport_bo0_co0_102std_rtpc_bms_volt_5_8_Signal_Cell_V7
                0x000000000806d926                init_Batterymodel_HiL_Inport_7144f1c02211475b98f173c76f3cb89e
                0x000000000806e256                init_outport_bo0_co0_221std_bms_rtcp_bal_Signal_Cell_1
                0x000000000806c724                init_Batterymodel_HiL_Inport_14363d19c36e42168c1b403d55425331
                0x000000000806dc3a                init_Batterymodel_HiL_Outport_7318ac6ebc5240239f29ce290844899c
                0x000000000806d03c                init_Batterymodel_HiL_Inport_946cb1c84fce453ba9b400c149710358
                0x000000000806e784                init_outport_bo0_co0_231std_bms_rtcp_sammeln_Signal_Laden
                0x000000000806e8fa                init_Batterymodel_HiL_Outport_063e4e37e4774b7784f8f3f9eb7d8c69
                0x000000000806d502                init_inport_inTrigger_bo0_co0_111std_rtpc_bms_temp_1_4
                0x000000000806cdf8                init_inport_cycleTime_bo0_co0_113std_rtpc_bms_temp_9_12
                0x000000000806e124                init_outport_bo0_co0_131std_rtpc_bms_sammeln_timeStamp
                0x000000000806cf8e                init_Batterymodel_HiL_Inport_9f6a1b34aa6b477ca54b826eed14b6f5
                0x000000000806e410                init_Batterymodel_HiL_Outport_44b1983a22e4461a9d75e60d233e5ba6
                0x000000000806dd6c                init_outport_bo0_co0_203std_bms_rctp_volt_9_12_Signal_Cell_V12
                0x000000000806dca0                init_outport_bo0_co0_212std_bms_rctp_temp_5_8_Signal_Cell_T8
                0x000000000806e93e                init_Batterymodel_HiL_Outport_54e24052440345229ff6bc616aecbe55
                0x000000000806d6a0                init_inport_bo0_co0_101std_rtpc_bms_volt_1_4_Signal_Cell_V1
                0x000000000806daf6                init_Batterymodel_HiL_Inport_0ee6a729fe4f429485190cc1ed0243a7
                0x000000000806e6b8                init_Batterymodel_HiL_Outport_e934439adb7f4525bc4696d3377f0720
                0x000000000806df48                init_outport_bo0_co0_221std_bms_rtcp_bal_Signal_Reserviert_2
                0x000000000806e498                init_Batterymodel_HiL_Outport_056c85024ebb40d68e5fe458d95b2bc4
                0x000000000806c846                init_inport_bo0_co0_131std_rtpc_bms_sammeln_Signal_Total_volt
                0x000000000806dba4                init_inport_bo0_co0_111std_rtpc_bms_temp_1_4_Signal_Cell_T4
                0x000000000806e5ca                init_outport_bo0_co0_101std_rtpc_bms_volt_1_4_remoteTrigger
                0x000000000806d7c6                init_inport_inTrigger_bo0_co0_103std_rtpc_bms_volt_9_12
                0x000000000806dabc                init_inport_bo0_co0_103std_rtpc_bms_volt_9_12_Signal_Cell_V9
                0x000000000806e9e8                init_outport_bo0_co0_221std_bms_rtcp_bal_Signal_Cell_8
                0x000000000806d32e                init_inport_bo0_co0_102std_rtpc_bms_volt_5_8_Signal_Cell_V8
                0x000000000806c80c                init_inport_bo0_co0_131std_rtpc_bms_sammeln_Signal_Absolute_Amp
                0x000000000806d124                init_Batterymodel_HiL_Inport_a343931cb6834a59a9aeefb7a9b36044
                0x000000000806e036                init_outport_bo0_co0_213std_bms_rctp_temp_9_12_Signal_Cell_T12
                0x000000000806d246                init_Batterymodel_HiL_Inport_0f9973d46f7d4ff4a0ee9ff964ead501
                0x000000000806d752                init_Batterymodel_HiL_Inport_d8a432276c3f499bbd322a2b88d901c9
                0x000000000806d5f2                init_Batterymodel_HiL_Inport_01b71de1fefc4006ae33108f491154bd
                0x000000000806c8ba                init_Batterymodel_HiL_Inport_47f90dee885a41c786df767beaa429cb
                0x000000000806e0e0                init_outport_bo0_co0_101std_rtpc_bms_volt_1_4_timeStamp
                0x000000000806c880                init_Batterymodel_HiL_Inport_8c9c4457072c4282be1e7847c25220aa
                0x000000000806d3a2                init_Batterymodel_HiL_Inport_266265ff7b2f44ac8220a9480fe1df3d
                0x000000000806e5ec                init_outport_bo0_co0_213std_bms_rctp_temp_9_12_Signal_Cell_T9
                0x000000000806dd8e                init_outport_bo0_co0_211std_bms_rctp_temp_1_4_Signal_Cell_T1
                0x000000000806dfae                init_Batterymodel_HiL_Outport_25bc52cc904e413aac7a9fd0d0da0374
                0x000000000806d83e                init_inport_cycleTime_bo0_co0_112std_rtpc_bms_temp_5_8
                0x000000000806dc5c                init_Batterymodel_HiL_Outport_ceeee4bbd54947a4ae5657cda7eccf48
                0x000000000806d666                init_inport_singleShot_bo0_co0_101std_rtpc_bms_volt_1_4
                0x000000000806d62c                init_Batterymodel_HiL_Inport_937f454ae9c54de59b73d96e8011375e
                0x000000000806de38                init_outport_bo0_co0_221std_bms_rtcp_bal_Signal_Reserviert_3
                0x000000000806e3ee                init_outport_bo0_co0_211std_bms_rctp_temp_1_4_timeStamp
                0x000000000806e6da                init_Batterymodel_HiL_Outport_f09425878ac34f87bc2763d25b89183b
                0x000000000806cb3c                init_inport_cycleTime_bo0_co0_111std_rtpc_bms_temp_1_4
                0x000000000806dcc2                init_outport_bo0_co0_221std_bms_rtcp_bal_Signal_Cell_7
                0x000000000806e5a8                init_Batterymodel_HiL_Outport_eae8e275063e4acfade5c35004781555
                0x000000000806d5b8                init_Batterymodel_HiL_Inport_d03f4c1d33db4315ad156ff49e7184b9
                0x000000000806e1ac                init_Batterymodel_HiL_Outport_cf39ca3eb9e34f49a63a2b448cdf80d1
                0x000000000806e168                init_outport_bo0_co0_213std_bms_rctp_temp_9_12_Signal_Cell_T11
                0x000000000806d450                init_inport_inTrigger_bo0_co0_101std_rtpc_bms_volt_1_4
                0x000000000806e322                init_outport_bo0_co0_201std_bms_rtcp_volt_1_4_Signal_Cell_V4
                0x000000000806c75e                init_Batterymodel_HiL_Inport_ab2d6f365c0e49369ca0c3885b39adcc
                0x000000000806d78c                init_inport_bo0_co0_102std_rtpc_bms_volt_5_8_Signal_Cell_V5
                0x000000000806cd10                init_Batterymodel_HiL_Inport_ab97d1ed503949b081408b8a18369fa2
                0x000000000806db6a                init_inport_bo0_co0_103std_rtpc_bms_volt_9_12_Signal_Cell_V10
                0x000000000806dff2                init_outport_bo0_co0_203std_bms_rctp_volt_9_12_Signal_Cell_V10
                0x000000000806e146                init_outport_bo0_co0_131std_rtpc_bms_sammeln_remoteTrigger
                0x000000000806df04                init_outport_bo0_co0_212std_bms_rctp_temp_5_8_Signal_Cell_T6
                0x000000000806cd84                init_inport_singleShot_bo0_co0_103std_rtpc_bms_volt_9_12
                0x000000000806ca8a                init_Batterymodel_HiL_Inport_9af8b79728884e05ba8da73c37d34ec8
                0x000000000806e542                init_outport_bo0_co0_202std_bms_rctp_volt_5_8_Signal_Cell_V5
                0x000000000806cbb0                init_inport_inTrigger_bo0_co0_112std_rtpc_bms_temp_5_8
                0x000000000806e1ce                init_outport_bo0_co0_113std_rtpc_bms_temp_9_12_timeStamp
                0x000000000806d9d4                init_Batterymodel_HiL_Inport_fdadb9c4865a4c179bc171b8939a2139
                0x000000000806e91c                init_Batterymodel_HiL_Outport_77a5a00c8c7f41a39501c14aa0fdbb90
                0x000000000806ccd6                init_Batterymodel_HiL_Inport_5a2c054392d04eb39ccb8cbdbfecf1fb
                0x000000000806de16                init_outport_bo0_co0_221std_bms_rtcp_bal_Signal_Cell_6
                0x000000000806cf1a                init_Batterymodel_HiL_Inport_1118bb50198b4ae693ed4687be47bea8
                0x000000000806ce6c                init_Batterymodel_HiL_Inport_2c5e56cbca574c8b8273d4d76894f539
                0x000000000806d2f4                init_inport_singleShot_bo0_co0_102std_rtpc_bms_volt_5_8
                0x000000000806e1f0                init_outport_bo0_co0_213std_bms_rctp_temp_9_12_Signal_Cell_T10
                0x000000000806cb76                init_inport_bo0_co0_111std_rtpc_bms_temp_1_4_Signal_Cell_T1
                0x000000000806cac4                init_inport_cycleTime_bo0_co0_101std_rtpc_bms_volt_1_4
                0x000000000806ddf4                init_outport_bo0_co0_213std_bms_rctp_temp_9_12_timeStamp
                0x000000000806d6da                init_inport_bo0_co0_102std_rtpc_bms_volt_5_8_Signal_Cell_V6
                0x000000000806d416                init_Batterymodel_HiL_Inport_1aa81392a06543e28f7f115ca11f0e21
                0x000000000806d8b2                init_Batterymodel_HiL_Inport_cbc74688ca1a40d89030d05db9f2b746
                0x000000000806e982                init_outport_bo0_co0_112std_rtpc_bms_temp_5_8_remoteTrigger
                0x000000000806e9a4                init_outport_bo0_co0_211std_bms_rctp_temp_1_4_Signal_Cell_T3
                0x000000000806dd06                init_Batterymodel_HiL_Outport_446ce2602d3b4e1881378e07ef73b01d
                0x000000000806e102                init_outport_bo0_co0_111std_rtpc_bms_temp_1_4_timeStamp
                0x000000000806ddb0                init_outport_bo0_co0_212std_bms_rctp_temp_5_8_Signal_Cell_T7
                0x000000000806cf54                init_Batterymodel_HiL_Inport_44f08e9fb15044538506afc7ffbe6d27
                0x000000000806cea6                init_Batterymodel_HiL_Inport_79d35aea949846dfa9d2557c64a91b2f
                0x000000000806d198                init_inport_bo0_co0_101std_rtpc_bms_volt_1_4_Signal_Cell_V4
                0x000000000806cafe                init_inport_inTrigger_bo0_co0_102std_rtpc_bms_volt_5_8
                0x000000000806e476                init_outport_bo0_co0_202std_bms_rctp_volt_5_8_Signal_Cell_V6
                0x000000000806e07a                init_outport_bo0_co0_221std_bms_rtcp_bal_Signal_Reserviert_1
                0x000000000806c9dc                init_inport_bo0_co0_113std_rtpc_bms_temp_9_12_Signal_Cell_T10
                0x000000000806e278                init_Batterymodel_HiL_Outport_592bd8adcb6744019cadee1ed411b7a4
                0x000000000806e09c                init_Batterymodel_HiL_Outport_e90304c6c8ab41d3bd6e01af2a0cfe07
                0x000000000806d368                init_inport_bo0_co0_131std_rtpc_bms_sammeln_Signal_Laden
                0x000000000806e960                init_Batterymodel_HiL_Outport_ae56536c014e4335aa010fbb6a849fda
                0x000000000806e60e                init_Batterymodel_HiL_Outport_788f35ea1f6a4722bda603f6c6239181
                0x000000000806df26                init_outport_bo0_co0_221std_bms_rtcp_bal_Signal_Cell_5
                0x000000000806db30                init_Batterymodel_HiL_Inport_3fb57075b1184ce49f3616e85012bc84
                0x000000000806e454                init_outport_bo0_co0_201std_bms_rtcp_volt_1_4_Signal_Cell_V2
                0x000000000806cc62                init_inport_singleShot_bo0_co0_131std_rtpc_bms_sammeln
                0x000000000806cd4a                init_Batterymodel_HiL_Inport_e8de47bb14a644cfa0bcc3dd4039efe2
                0x000000000806d99a                init_inport_bo0_co0_103std_rtpc_bms_volt_9_12_Signal_Cell_V12
                0x000000000806e520                init_outport_bo0_co0_201std_bms_rtcp_volt_1_4_timeStamp
                0x000000000806dc7e                init_outport_bo0_co0_211std_bms_rctp_temp_1_4_Signal_Cell_T2
                0x000000000806d076                init_Batterymodel_HiL_Inport_3054af4cfc024ebbb72155eba4a47508
                0x000000000806e7c8                init_Batterymodel_HiL_Outport_1ec134f7f6be4844bcf6588eae2bd279
                0x000000000806d57a                init_inport_inTrigger_bo0_co0_131std_rtpc_bms_sammeln
                0x000000000806e3cc                init_outport_bo0_co0_202std_bms_rctp_volt_5_8_Signal_Cell_V7
                0x000000000806de9e                init_Batterymodel_HiL_Outport_b0d833b9157c4029a2c5a806846c3395
                0x000000000806e4ba                init_Batterymodel_HiL_Outport_2ddcadef8a5f436290478a04bc7c1055
                0x000000000806d280                init_Batterymodel_HiL_Inport_f5f8caef45174e7380e3c4a8fe4cb757
                0x000000000806d8ec                init_Batterymodel_HiL_Inport_ae811898dbd649e1ac99b1a2b2724afb
                0x000000000806c968                init_inport_bo0_co0_112std_rtpc_bms_temp_5_8_Signal_Cell_T7
                0x000000000806e29a                init_Batterymodel_HiL_Outport_e9f3213b679d49b5a809192b5ffd1354
                0x000000000806d3dc                init_Batterymodel_HiL_Inport_976a3735ee5541328a41c9f82471a2ee
                0x000000000806e80c                init_Batterymodel_HiL_Outport_832bf1c9bc1448de873929ed42036fea
                0x000000000806d878                init_inport_bo0_co0_113std_rtpc_bms_temp_9_12_Signal_Cell_T9
                0x000000000806da48                init_Batterymodel_HiL_Inport_ed52b6c96a7b42b98372ec744c0fdb9d
                0x000000000806d960                init_Batterymodel_HiL_Inport_afface7cf99645a0b61bd18f6b6e9044
                0x000000000806c798                init_inport_bo0_co0_111std_rtpc_bms_temp_1_4_Signal_Cell_T3
                0x000000000806d002                init_inport_cycleTime_bo0_co0_103std_rtpc_bms_volt_9_12
                0x000000000806e058                init_outport_bo0_co0_221std_bms_rtcp_bal_Signal_Cell_4
                0x000000000806ca16                init_Batterymodel_HiL_Inport_188ae718e49c4e0dbc49a5cd8e0f35af
                0x000000000806e3aa                init_outport_bo0_co0_201std_bms_rtcp_volt_1_4_Signal_Cell_V3
                0x000000000806d20c                init_Batterymodel_HiL_Inport_6126770687954aa5a70afb59f2aa9d34
                0x000000000806e7a6                init_outport_bo0_co0_231std_bms_rtcp_sammeln_Signal_SoC
                0x000000000806da82                init_inport_bo0_co0_103std_rtpc_bms_volt_9_12_Signal_Cell_V11
                0x000000000806e674                init_outport_bo0_co0_103std_rtpc_bms_volt_9_12_remoteTrigger
                0x000000000806e014                init_outport_bo0_co0_212std_bms_rctp_temp_5_8_Signal_Cell_T5
 *fill*         0x000000000806ea0a        0x2 90909090
 .text          0x000000000806ea0c      0x118 /home/labcar/codegen/lib/librtio.a(hwcident.o)
 .text          0x000000000806eb24      0x122 /home/labcar/codegen/lib/librtpc_os_config.a(rtpc_os_config.o)
                0x000000000806ec41                rtpc_task_internal_exit
                0x000000000806ec3c                rtpc_task_internal_init
 *fill*         0x000000000806ec46        0xa 90909090
 .text          0x000000000806ec50     0xd097 /home/labcar/codegen/lib/libsimodels_batterymodel_hil_code.a(batterymodel_hil.o)
                0x00000000080720b0                MdlOutputs_Batterymodel_HiL
                0x0000000008070f63                MdlUpdate_Batterymodel_HiL
                0x0000000008073255                Batterymodel_HiL_initialize
                0x0000000008070f5a                MdlTerminate_Batterymodel_HiL
                0x000000000806f36c                MdlInitializeSizes_Batterymodel_HiL
                0x000000000806ec50                Batterymodel_HiL_terminate
                0x000000000807bcce                Batterymodel_HiL
                0x000000000806f3c6                MdlInitializeSampleTimes_Batterymodel_HiL
                0x000000000807019e                MdlStart_Batterymodel_HiL
                0x000000000806f3cb                MdlInitialize_Batterymodel_HiL
 *fill*         0x000000000807bce7        0x1 90909090
 .text          0x000000000807bce8       0xcc /home/labcar/codegen/lib/libsimodels_batterymodel_hil_code.a(rt_nonfinite.o)
                0x000000000807bd1d                rtIsInfF
                0x000000000807bce8                rtIsInf
                0x000000000807bd6a                rt_InitInfAndNaN
                0x000000000807bd5d                rtIsNaNF
                0x000000000807bd50                rtIsNaN
 *fill*         0x000000000807bdb4        0xc 90909090
 .text          0x000000000807bdc0       0x94 /home/labcar/codegen/lib/libsimodels_batterymodel_hil_code.a(rtgetinf.o)
                0x000000000807be41                rtGetMinusInfF
                0x000000000807be0c                rtGetMinusInf
                0x000000000807bdf9                rtGetInfF
                0x000000000807bdc0                rtGetInf
 *fill*         0x000000000807be54        0xc 90909090
 .text          0x000000000807be60       0x74 /home/labcar/codegen/lib/libsimodels_batterymodel_hil_code.a(rtgetnan.o)
                0x000000000807be60                rtGetNaN
                0x000000000807be99                rtGetNaNF
 .text          0x000000000807bed4        0x0 /home/labcar/codegen/lib/libsimodels_batterymodel_hil_code.a(batterymodel_hil_data.o)
 *fill*         0x000000000807bed4        0xc 90909090
 .text          0x000000000807bee0      0x409 /home/labcar/codegen/lib/libsimodels_batterymodel_hil_code.a(batterymodel_hil_main.o)
                0x000000000807c13a                lcrt_Start_Batterymodel_HiL
                0x000000000807c038                lcrt_OneStep_Outputs_Batterymodel_HiL
                0x000000000807bf89                lcrt_OneStep_States_Batterymodel_HiL
                0x000000000807bf4b                lcrt_Terminate_Batterymodel_HiL
 *fill*         0x000000000807c2e9        0x3 90909090
 .text          0x000000000807c2ec       0x29 /home/labcar/codegen/lib/libsimodels_batterymodel_hil_code.a(rt_sim.o)
                0x000000000807c2ec                rt_SimInitTimingEngine_Batterymodel_HiL
                0x000000000807c310                rt_SimUpdateDiscreteTaskSampleHits_Batterymodel_HiL
                0x000000000807c307                rt_SimGetNextSampleHit_Batterymodel_HiL
 *fill*         0x000000000807c315        0x3 90909090
 .text          0x000000000807c318      0x22c /home/labcar/codegen/lib/libsimodels_global_code.a(modcomm.o)
                0x000000000807c472                LC_registerModule
                0x000000000807c318                LC_getOutputArrayPtr
                0x000000000807c41a                LC_getNoInputs
                0x000000000807c36d                LC_getNoOutputs
                0x000000000807c3c5                LC_getInputArrayPtr
 .text          0x000000000807c544      0x285 /home/labcar/codegen/lib/libsimodels_global_code.a(lcoutport.o)
                0x000000000807c729                LCOutport
 *fill*         0x000000000807c7c9        0x3 90909090
 .text          0x000000000807c7cc      0x3a1 /home/labcar/codegen/lib/libsimodels_global_code.a(lcinport.o)
                0x000000000807cacd                LCInport
 *fill*         0x000000000807cb6d        0x3 90909090
 .text          0x000000000807cb70      0x1d6 /home/labcar/codegen/lib/librtio.a(es113x_rt.o)
                0x000000000807ccb0                Es113x_ExitCode_Exit_HWCL
                0x000000000807ccc4                Es113x_InitCode_Init_HWCF
                0x000000000807cc9c                Es113x_SyncSendCode_TaskDVEModel_HWCF
                0x000000000807cc88                Es113x_SyncReceiveCode_TaskDVEModel_HWCF
 *fill*         0x000000000807cd46        0x2 90909090
 .text          0x000000000807cd48      0x118 /home/labcar/codegen/lib/librtio.a(es113x_ext.o)
 .text          0x000000000807ce60      0x329 /home/labcar/lib/simulink/libsimulink_r2011b.a(rt_matrx.o)
                0x000000000807d00c                rt_mxCreateString
                0x000000000807d072                rt_mxCreateCharMatrixFromStrings
                0x000000000807ceaf                rt_mxGetString
                0x000000000807cf37                rt_mxDuplicateArray
                0x000000000807cea4                rt_mxGetEps
                0x000000000807cfdd                rt_mxCreateNumericArray
                0x000000000807cfa1                rt_mxCreateDoubleMatrix
                0x000000000807ce60                rt_mxGetDimensions
 *fill*         0x000000000807d189        0x3 90909090
 .text          0x000000000807d18c     0x282d /opt/elektrobit/tal/lib/libBusMirror.a(main.o)
                0x000000000807d924                sqlite3_db_config
                0x000000000807d3a6                sqlite3_shutdown
                0x000000000807f7fa                sqlite3_test_control
                0x000000000807eace                sqlite3_extended_errcode
                0x000000000807e51d                sqlite3_create_function16
                0x000000000807f650                sqlite3_thread_cleanup
                0x000000000807e998                sqlite3_errmsg16
                0x000000000807db54                sqlite3_close
                0x000000000807e4a2                sqlite3_create_function
                0x000000000807ea78                sqlite3_errcode
                0x000000000807dac8                sqlite3_last_insert_rowid
                0x000000000807f5e9                sqlite3_collation_needed16
                0x000000000807f6bb                sqlite3_extended_result_codes
                0x000000000807d1a0                sqlite3_libversion_number
                0x000000000807f637                sqlite3_global_recover
                0x000000000807d18c                sqlite3_libversion
                0x000000000807f704                sqlite3_file_control
                0x000000000807d919                sqlite3_db_mutex
                0x000000000807e5c7                sqlite3_overload_function
                0x000000000807e17d                sqlite3_progress_handler
                0x000000000807e6d2                sqlite3_profile
                0x000000000807daec                sqlite3CloseSavepoints
                0x000000000807e8ea                sqlite3_errmsg
                0x000000000807e25c                sqlite3CreateFunc
                0x000000000807e1f4                sqlite3_busy_timeout
                0x000000000807dad6                sqlite3_changes
                0x000000000807e7b3                sqlite3_rollback_hook
                0x000000000807e12f                sqlite3_busy_handler
                0x000000000807f4e6                sqlite3_create_collation16
                0x000000000807e768                sqlite3_update_hook
                0x000000000807f2ce                sqlite3_open_v2
                0x000000000807ed0a                sqlite3_limit
                0x000000000807e687                sqlite3_trace
                0x000000000807f641                sqlite3_get_autocommit
                0x000000000807f655                sqlite3_sleep
                0x000000000807e71d                sqlite3_commit_hook
                0x000000000807e7fe                sqlite3TempInMemory
                0x000000000807f46e                sqlite3_create_collation_v2
                0x000000000807f59b                sqlite3_collation_needed
                0x000000000807d418                sqlite3_config
                0x000000000807f2a4                sqlite3_open
                0x000000000807f3f5                sqlite3_create_collation
                0x000000000807e029                sqlite3ErrStr
                0x000000000807df0c                sqlite3RollbackAll
                0x000000000807d1b4                sqlite3_initialize
                0x000000000807f2f6                sqlite3_open16
                0x000000000807d1aa                sqlite3_threadsafe
                0x000000000807dae1                sqlite3_total_changes
                0x000000000807e0be                sqlite3InvokeBusyHandler
                0x000000000807d196                sqlite3_sourceid
                0x000000000807e24a                sqlite3_interrupt
                0x000000000807e812                sqlite3BtreeFactory
 *fill*         0x000000000807f9b9        0x3 90909090
 .text          0x000000000807f9bc      0xf74 /opt/elektrobit/tal/lib/libBusMirror.a(malloc.o)
                0x000000000807fc80                sqlite3_memory_used
                0x00000000080808c7                sqlite3ApiExit
                0x00000000080805ba                sqlite3DbMallocRaw
                0x000000000807ff05                sqlite3Malloc
                0x000000000807ff6f                sqlite3_malloc
                0x000000000807ff9a                sqlite3ScratchMalloc
                0x000000000808077d                sqlite3DbReallocOrFree
                0x000000000807f9db                sqlite3_soft_heap_limit
                0x000000000807fa8c                sqlite3MallocInit
                0x000000000807fc43                sqlite3MallocEnd
                0x000000000807fa82                sqlite3_release_memory
                0x00000000080802fd                sqlite3DbFree
                0x00000000080800d3                sqlite3ScratchFree
                0x000000000808057a                sqlite3DbMallocZero
                0x0000000008080238                sqlite3MallocSize
                0x00000000080807bc                sqlite3DbStrDup
                0x000000000807fd4f                sqlite3_memory_alarm
                0x000000000808050f                sqlite3_realloc
                0x0000000008080291                sqlite3_free
                0x000000000807fcfb                sqlite3MemoryAlarm
                0x000000000807fcbe                sqlite3_memory_highwater
                0x0000000008080821                sqlite3DbStrNDup
                0x000000000808024e                sqlite3DbMallocSize
                0x0000000008080881                sqlite3SetString
                0x000000000808035d                sqlite3Realloc
                0x0000000008080541                sqlite3MallocZero
                0x0000000008080692                sqlite3DbRealloc
 .text          0x0000000008080930      0x120 /opt/elektrobit/tal/lib/libBusMirror.a(mem1.o)
                0x0000000008080a34                sqlite3MemSetDefault
 .text          0x0000000008080a50      0x186 /opt/elektrobit/tal/lib/libBusMirror.a(mutex.o)
                0x0000000008080ad3                sqlite3MutexEnd
                0x0000000008080b8a                sqlite3_mutex_try
                0x0000000008080a50                sqlite3MutexInit
                0x0000000008080b52                sqlite3_mutex_free
                0x0000000008080af8                sqlite3_mutex_alloc
                0x0000000008080bba                sqlite3_mutex_leave
                0x0000000008080b6e                sqlite3_mutex_enter
                0x0000000008080b25                sqlite3MutexAlloc
 *fill*         0x0000000008080bd6        0x2 90909090
 .text          0x0000000008080bd8      0x1ad /opt/elektrobit/tal/lib/libBusMirror.a(mutex_unix.o)
                0x0000000008080d7b                sqlite3DefaultMutex
 *fill*         0x0000000008080d85        0x3 90909090
 .text          0x0000000008080d88      0x63b /opt/elektrobit/tal/lib/libBusMirror.a(os.o)
                0x0000000008080fbb                sqlite3OsDelete
                0x000000000808100a                sqlite3OsFullPathname
                0x000000000808111b                sqlite3OsOpenMalloc
                0x00000000080812e9                sqlite3_vfs_register
                0x0000000008080eed                sqlite3OsCheckReservedLock
                0x0000000008080e90                sqlite3OsFileSize
                0x0000000008080e71                sqlite3OsSync
                0x00000000080810fe                sqlite3OsCurrentTime
                0x000000000808107c                sqlite3OsDlSym
                0x0000000008080fdf                sqlite3OsAccess
                0x0000000008080f32                sqlite3OsSectorSize
                0x00000000080810bd                sqlite3OsRandomness
                0x0000000008081189                sqlite3OsCloseFree
                0x0000000008080dff                sqlite3OsWrite
                0x00000000080810a0                sqlite3OsDlClose
                0x0000000008080f65                sqlite3OsDeviceCharacteristics
                0x0000000008080d88                sqlite3OsClose
                0x0000000008080f0c                sqlite3OsFileControl
                0x0000000008080eaf                sqlite3OsLock
                0x0000000008081386                sqlite3_vfs_unregister
                0x0000000008080ece                sqlite3OsUnlock
                0x0000000008080f7d                sqlite3OsOpen
                0x00000000080811f0                sqlite3_vfs_find
                0x0000000008080e3f                sqlite3OsTruncate
                0x0000000008080dbf                sqlite3OsRead
                0x00000000080811b4                sqlite3OsInit
                0x0000000008081058                sqlite3OsDlError
                0x000000000808103b                sqlite3OsDlOpen
                0x00000000080810e1                sqlite3OsSleep
 *fill*         0x00000000080813c3        0x1 90909090
 .text          0x00000000080813c4     0x26a9 /opt/elektrobit/tal/lib/libBusMirror.a(os_unix.o)
                0x0000000008083a63                sqlite3_os_end
                0x0000000008083a1b                sqlite3_os_init
 *fill*         0x0000000008083a6d        0x3 90909090
 .text          0x0000000008083a70     0x505c /opt/elektrobit/tal/lib/libBusMirror.a(pager.o)
                0x000000000808843f                sqlite3PagerIsMemdb
                0x0000000008087ea4                sqlite3PagerDontWrite
                0x0000000008087025                sqlite3PagerSharedLock
                0x0000000008087871                sqlite3PagerBegin
                0x0000000008086105                sqlite3PagerClose
                0x00000000080860f7                sqlite3PagerTruncateImage
                0x0000000008085f23                sqlite3PagerPagecount
                0x0000000008085d52                sqlite3PagerSetBusyhandler
                0x00000000080887b1                sqlite3PagerMovepage
                0x0000000008085e7c                sqlite3PagerMaxPageCount
                0x0000000008085e6e                sqlite3PagerTempSpace
                0x0000000008085eac                sqlite3PagerReadFileheader
                0x0000000008085c6b                sqlite3PagerSetCachesize
                0x00000000080882f1                sqlite3PagerRollback
                0x0000000008088413                sqlite3PagerRefcount
                0x000000000808842c                sqlite3PagerPageRefcount
                0x0000000008087c5f                sqlite3PagerWrite
                0x00000000080887a2                sqlite3PagerNosync
                0x0000000008088abf                sqlite3PagerBackupPtr
                0x0000000008085c8b                sqlite3PagerSetSafetyLevel
                0x0000000008088658                sqlite3PagerSavepoint
                0x000000000808825b                sqlite3PagerCommitPhaseTwo
                0x000000000808877f                sqlite3PagerVfs
                0x00000000080861a7                sqlite3PagerRef
                0x0000000008087fc9                sqlite3PagerCommitPhaseOne
                0x0000000008088a75                sqlite3PagerJournalSizeLimit
                0x0000000008088794                sqlite3PagerJournalname
                0x0000000008088404                sqlite3PagerIsreadonly
                0x0000000008087644                sqlite3PagerUnref
                0x00000000080889bb                sqlite3PagerGetData
                0x000000000808844e                sqlite3PagerOpenSavepoint
                0x00000000080889fb                sqlite3PagerJournalMode
                0x000000000808743b                sqlite3PagerAcquire
                0x00000000080867c8                sqlite3PagerOpen
                0x00000000080889c5                sqlite3PagerGetExtra
                0x0000000008087f8b                sqlite3PagerSync
                0x0000000008088771                sqlite3PagerFilename
                0x000000000808760b                sqlite3PagerLookup
                0x0000000008085d6f                sqlite3PagerSetPagesize
                0x00000000080889d0                sqlite3PagerLockingMode
                0x0000000008088789                sqlite3PagerFile
 .text          0x0000000008088acc      0xa7c /opt/elektrobit/tal/lib/libBusMirror.a(pcache.o)
                0x0000000008089493                sqlite3PcacheDirtyList
                0x0000000008089096                sqlite3PcacheMakeDirty
                0x0000000008088ce9                sqlite3PcacheSetPageSize
                0x0000000008088d1f                sqlite3PcacheFetch
                0x00000000080894d8                sqlite3PcachePageRefcount
                0x00000000080890e0                sqlite3PcacheMakeClean
                0x0000000008089515                sqlite3PcacheSetCachesize
                0x0000000008089191                sqlite3PcacheMove
                0x0000000008089025                sqlite3PcacheDrop
                0x00000000080894cd                sqlite3PcacheRefCount
                0x00000000080892b2                sqlite3PcacheClose
                0x0000000008088f9e                sqlite3PcacheRelease
                0x000000000808912e                sqlite3PcacheCleanAll
                0x000000000808900f                sqlite3PcacheRef
                0x0000000008089211                sqlite3PcacheTruncate
                0x0000000008088c85                sqlite3PcacheSize
                0x00000000080892d4                sqlite3PcacheClear
                0x00000000080894e5                sqlite3PcachePagecount
                0x0000000008088c8f                sqlite3PcacheOpen
                0x0000000008088c3e                sqlite3PcacheInitialize
                0x0000000008088c64                sqlite3PcacheShutdown
                0x0000000008089151                sqlite3PcacheClearSyncFlags
 .text          0x0000000008089548      0xc93 /opt/elektrobit/tal/lib/libBusMirror.a(pcache1.o)
                0x00000000080897a7                sqlite3PageFree
                0x0000000008089774                sqlite3PageMalloc
                0x000000000808a1bf                sqlite3PCacheSetDefault
                0x0000000008089548                sqlite3PCacheBufferSetup
 *fill*         0x000000000808a1db        0x1 90909090
 .text          0x000000000808a1dc     0x1388 /opt/elektrobit/tal/lib/libBusMirror.a(prepare.o)
                0x000000000808aa1f                sqlite3Init
                0x000000000808b4ea                sqlite3_prepare16
                0x000000000808ac8d                sqlite3SchemaToIndex
                0x000000000808b378                sqlite3_prepare_v2
                0x000000000808b527                sqlite3_prepare16_v2
                0x000000000808b333                sqlite3_prepare
                0x000000000808a2a4                sqlite3InitCallback
                0x000000000808ab45                sqlite3ReadSchema
                0x000000000808b25d                sqlite3Reprepare
 .text          0x000000000808b564     0x1e78 /opt/elektrobit/tal/lib/libBusMirror.a(printf.o)
                0x000000000808d063                sqlite3StrAccumReset
                0x000000000808b628                sqlite3VXPrintf
                0x000000000808d334                sqlite3_snprintf
                0x000000000808d2f6                sqlite3_mprintf
                0x000000000808d09c                sqlite3StrAccumInit
                0x000000000808d3ad                sqlite3XPrintf
                0x000000000808d230                sqlite3_vmprintf
                0x000000000808cfbe                sqlite3StrAccumFinish
                0x000000000808d0f0                sqlite3VMPrintf
                0x000000000808ce18                sqlite3StrAccumAppend
                0x000000000808d1f1                sqlite3MAppendf
                0x000000000808d1c4                sqlite3MPrintf
 .text          0x000000000808d3dc      0x276 /opt/elektrobit/tal/lib/libBusMirror.a(random.o)
                0x000000000808d5fe                sqlite3PrngSaveState
                0x000000000808d622                sqlite3PrngRestoreState
                0x000000000808d646                sqlite3PrngResetState
                0x000000000808d5af                sqlite3_randomness
 *fill*         0x000000000808d652        0x2 90909090
 .text          0x000000000808d654      0x14c /opt/elektrobit/tal/lib/libBusMirror.a(status.o)
                0x000000000808d654                sqlite3StatusValue
                0x000000000808d6ab                sqlite3StatusSet
                0x000000000808d663                sqlite3StatusAdd
                0x000000000808d748                sqlite3_db_status
                0x000000000808d6e9                sqlite3_status
 .text          0x000000000808d7a0      0xe80 /opt/elektrobit/tal/lib/libBusMirror.a(tokenize.o)
                0x000000000808d8be                sqlite3KeywordCode
                0x000000000808d8d8                sqlite3GetToken
                0x000000000808e143                sqlite3RunParser
 .text          0x000000000808e620     0x1b93 /opt/elektrobit/tal/lib/libBusMirror.a(trigger.o)
                0x000000000808f202                sqlite3TriggerDeleteStep
                0x000000000808ff8a                sqlite3CodeRowTriggerDirect
                0x000000000808f099                sqlite3TriggerInsertStep
                0x000000000808f7b9                sqlite3TriggersExist
                0x000000000809007b                sqlite3CodeRowTrigger
                0x000000000808e6a5                sqlite3TriggerList
                0x000000000808e620                sqlite3DeleteTriggerStep
                0x000000000808f2f3                sqlite3DropTrigger
                0x000000000808efc4                sqlite3TriggerSelectStep
                0x000000000808f686                sqlite3UnlinkAndDeleteTrigger
                0x000000000808f26b                sqlite3DeleteTrigger
                0x00000000080900ff                sqlite3TriggerColmask
                0x000000000808ecb0                sqlite3FinishTrigger
                0x000000000808e77e                sqlite3BeginTrigger
                0x000000000808f472                sqlite3DropTriggerPtr
                0x000000000808f15c                sqlite3TriggerUpdateStep
 *fill*         0x00000000080901b3        0x1 90909090
 .text          0x00000000080901b4     0x16ae /opt/elektrobit/tal/lib/libBusMirror.a(update.o)
                0x00000000080901b4                sqlite3ColumnDefault
                0x00000000080902a5                sqlite3Update
 *fill*         0x0000000008091862        0x2 90909090
 .text          0x0000000008091864      0xa98 /opt/elektrobit/tal/lib/libBusMirror.a(utf.o)
                0x0000000008092194                sqlite3Utf16to8
                0x000000000809211e                sqlite3Utf8CharLen
                0x0000000008091864                sqlite3Utf8Read
                0x0000000008092246                sqlite3Utf16ByteLen
                0x0000000008091903                sqlite3VdbeMemTranslate
                0x000000000809202a                sqlite3VdbeMemHandleBom
 .text          0x00000000080922fc     0x15cc /opt/elektrobit/tal/lib/libBusMirror.a(util.o)
                0x0000000008092dc3                sqlite3Atoi64
                0x00000000080925c8                sqlite3StrICmp
                0x0000000008092f28                sqlite3FitsIn64Bits
                0x00000000080922fc                sqlite3IsNaN
                0x00000000080926dd                sqlite3IsNumber
                0x0000000008093889                sqlite3SafetyCheckSickOrOk
                0x00000000080935c3                sqlite3GetVarint32
                0x0000000008092faa                sqlite3GetInt32
                0x00000000080937a1                sqlite3HexToBlob
                0x00000000080924ec                sqlite3Dequote
                0x0000000008092640                sqlite3_strnicmp
                0x00000000080931f1                sqlite3PutVarint32
                0x0000000008093745                sqlite3Put4byte
                0x000000000809384d                sqlite3SafetyCheckOk
                0x0000000008092379                sqlite3Error
                0x00000000080936bd                sqlite3VarintLen
                0x00000000080924b9                sqlite3ErrorClear
                0x0000000008092454                sqlite3ErrorMsg
                0x0000000008092338                sqlite3Strlen30
                0x00000000080930cf                sqlite3PutVarint
                0x0000000008092875                sqlite3AtoF
                0x000000000809324d                sqlite3GetVarint
                0x0000000008093702                sqlite3Get4byte
 .text          0x00000000080938c8     0x1c0e /opt/elektrobit/tal/lib/libBusMirror.a(vdbeapi.o)
                0x0000000008094e4f                sqlite3_bind_int
                0x0000000008093dc5                sqlite3_result_text16
                0x00000000080947d6                sqlite3_column_blob
                0x00000000080948a2                sqlite3_column_int
                0x0000000008093ceb                sqlite3_result_error16
                0x00000000080948d5                sqlite3_column_int64
                0x0000000008094ddf                sqlite3_bind_double
                0x00000000080943f6                sqlite3_user_data
                0x0000000008094da8                sqlite3_bind_blob
                0x00000000080949d8                sqlite3_column_type
                0x0000000008093966                sqlite3_reset
                0x0000000008094ef0                sqlite3_bind_null
                0x0000000008093e55                sqlite3_result_value
                0x0000000008093c84                sqlite3_result_double
                0x0000000008093d4f                sqlite3_result_int64
                0x0000000008093b90                sqlite3_value_text
                0x0000000008094ad2                sqlite3_column_name16
                0x0000000008093f26                sqlite3_result_error_nomem
                0x0000000008094aa7                sqlite3_column_name
                0x000000000809514f                sqlite3_bind_parameter_count
                0x0000000008093be1                sqlite3_value_text16le
                0x00000000080946aa                sqlite3_data_count
                0x0000000008095454                sqlite3_next_stmt
                0x000000000809486f                sqlite3_column_double
                0x0000000008094f9a                sqlite3_bind_value
                0x0000000008093b57                sqlite3_value_double
                0x0000000008093bab                sqlite3_value_text16
                0x0000000008093df5                sqlite3_result_text16be
                0x0000000008093bc6                sqlite3_value_text16be
                0x0000000008094941                sqlite3_column_value
                0x000000000809490e                sqlite3_column_text
                0x0000000008094f2c                sqlite3_bind_text
                0x0000000008094f63                sqlite3_bind_text16
                0x0000000008093e25                sqlite3_result_text16le
                0x0000000008093c54                sqlite3_result_blob
                0x0000000008095255                sqlite3VdbeParameterIndex
                0x0000000008094e79                sqlite3_bind_int64
                0x0000000008093ee6                sqlite3_result_error_toobig
                0x00000000080938c8                sqlite3_expired
                0x0000000008094500                sqlite3_get_auxdata
                0x000000000809483c                sqlite3_column_bytes16
                0x0000000008093d29                sqlite3_result_int
                0x0000000008093d95                sqlite3_result_text
                0x0000000008094809                sqlite3_column_bytes
                0x0000000008093bfc                sqlite3_value_type
                0x0000000008094403                sqlite3_context_db_handle
                0x000000000809466f                sqlite3_aggregate_count
                0x0000000008093e8f                sqlite3_result_error_code
                0x0000000008094541                sqlite3_set_auxdata
                0x0000000008094b27                sqlite3_column_decltype16
                0x0000000008095432                sqlite3_db_handle
                0x00000000080953ac                sqlite3_transfer_bindings
                0x00000000080949a5                sqlite3_column_text16
                0x0000000008095498                sqlite3_stmt_status
                0x00000000080942c4                sqlite3_step
                0x0000000008093b7d                sqlite3_value_int64
                0x0000000008093e72                sqlite3_result_zeroblob
                0x0000000008095200                sqlite3_bind_parameter_name
                0x0000000008093cad                sqlite3_result_error
                0x00000000080952f3                sqlite3_bind_parameter_index
                0x00000000080938fa                sqlite3_finalize
                0x0000000008093d7f                sqlite3_result_null
                0x0000000008093b3c                sqlite3_value_bytes16
                0x0000000008093ab5                sqlite3_value_blob
                0x0000000008093b21                sqlite3_value_bytes
                0x000000000809467d                sqlite3_column_count
                0x000000000809445c                sqlite3_aggregate_context
                0x0000000008094afc                sqlite3_column_decltype
                0x00000000080950eb                sqlite3_bind_zeroblob
                0x000000000809531c                sqlite3TransferBindings
                0x0000000008093a09                sqlite3_clear_bindings
                0x0000000008093b6a                sqlite3_value_int
                0x000000000809440e                sqlite3InvalidFunction
 *fill*         0x00000000080954d6        0x2 90909090
 .text          0x00000000080954d8     0x3f9f /opt/elektrobit/tal/lib/libBusMirror.a(vdbeaux.o)
                0x0000000008097bba                sqlite3VdbeCheckFk
                0x0000000008095d2b                sqlite3VdbeChangeP3
                0x0000000008096266                sqlite3VdbeGetOp
                0x00000000080954d8                sqlite3VdbeCreate
                0x0000000008097420                sqlite3VdbeSetColName
                0x0000000008095f9f                sqlite3VdbeChangeToNoop
                0x0000000008098212                sqlite3VdbeFinalize
                0x0000000008099361                sqlite3ExpirePreparedStatements
                0x0000000008095d94                sqlite3VdbeJumpHere
                0x0000000008099075                sqlite3VdbeIdxRowid
                0x0000000008095cff                sqlite3VdbeChangeP2
                0x0000000008095943                sqlite3VdbeMakeLabel
                0x0000000008096811                sqlite3VdbeList
                0x000000000809943c                sqlite3VdbeSetVarmask
                0x000000000809850b                sqlite3VdbeSerialType
                0x0000000008099355                sqlite3VdbeCountChanges
                0x0000000008098070                sqlite3VdbeResetStepResult
                0x0000000008095cd3                sqlite3VdbeChangeP1
                0x0000000008095805                sqlite3VdbeAddOp0
                0x00000000080955d1                sqlite3VdbeSwap
                0x0000000008096789                sqlite3VdbeFrameDelete
                0x0000000008095561                sqlite3VdbeSetSql
                0x000000000809736d                sqlite3VdbeSetNumCols
                0x000000000809714b                sqlite3VdbeFreeCursor
                0x0000000008095b56                sqlite3VdbeCurrentAddr
                0x00000000080986a1                sqlite3VdbeSerialTypeLen
                0x00000000080955a0                sqlite3_sql
                0x0000000008095837                sqlite3VdbeAddOp1
                0x0000000008099397                sqlite3VdbeGetValue
                0x00000000080971c1                sqlite3VdbeFrameRestore
                0x0000000008095868                sqlite3VdbeAddOp2
                0x00000000080959e7                sqlite3VdbeResolveLabel
                0x0000000008098e1a                sqlite3VdbeRecordCompare
                0x0000000008098bc3                sqlite3VdbeRecordUnpack
                0x00000000080986d1                sqlite3VdbeSerialPut
                0x0000000008096684                sqlite3VdbeUsesBtree
                0x00000000080958ed                sqlite3VdbeAddOp4Int
                0x0000000008095b9c                sqlite3VdbeAddOpList
                0x0000000008097ba4                sqlite3VdbeMutexArrayEnter
                0x000000000809881b                sqlite3VdbeSerialGet
                0x000000000809575c                sqlite3VdbeAddOp3
                0x0000000008095b61                sqlite3VdbeTakeOpArray
                0x0000000008096db7                sqlite3VdbeMakeReady
                0x000000000809938d                sqlite3VdbeDb
                0x0000000008097a83                sqlite3VdbeCloseStatement
                0x0000000008095d57                sqlite3VdbeChangeP5
                0x0000000008095898                sqlite3VdbeAddOp4
                0x000000000809921e                sqlite3VdbeIdxKeyCompare
                0x0000000008095f1e                sqlite3VdbeProgramDelete
                0x00000000080983f7                sqlite3VdbeCursorMoveto
                0x0000000008099336                sqlite3VdbeSetChanges
                0x00000000080982ca                sqlite3VdbeDelete
                0x0000000008097c65                sqlite3VdbeHalt
                0x0000000008096026                sqlite3VdbeChangeP4
                0x000000000809807f                sqlite3VdbeReset
                0x0000000008098257                sqlite3VdbeDeleteAuxData
                0x0000000008098dad                sqlite3VdbeDeleteUnpackedRecord
 *fill*         0x0000000008099477        0x1 90909090
 .text          0x0000000008099478     0x1b63 /opt/elektrobit/tal/lib/libBusMirror.a(vdbemem.o)
                0x000000000809a94b                sqlite3VdbeMemFromBtree
                0x0000000008099cab                sqlite3VdbeRealValue
                0x00000000080997da                sqlite3VdbeMemNulTerminate
                0x0000000008099bcc                sqlite3VdbeIntValue
                0x000000000809a4c3                sqlite3MemCompare
                0x0000000008099a1f                sqlite3VdbeMemReleaseExternal
                0x000000000809a210                sqlite3VdbeMemMove
                0x0000000008099f38                sqlite3VdbeMemSetZeroBlob
                0x000000000809a25a                sqlite3VdbeMemSetStr
                0x0000000008099e2f                sqlite3VdbeMemRealify
                0x000000000809a09f                sqlite3VdbeMemTooBig
                0x000000000809abcf                sqlite3ValueNew
                0x0000000008099ae8                sqlite3VdbeMemRelease
                0x000000000809af37                sqlite3ValueFree
                0x000000000809965e                sqlite3VdbeMemMakeWriteable
                0x00000000080994ca                sqlite3VdbeMemGrow
                0x0000000008099ed6                sqlite3VdbeMemSetNull
                0x000000000809af65                sqlite3ValueBytes
                0x000000000809aaaf                sqlite3ValueText
                0x0000000008099f81                sqlite3VdbeMemSetInt64
                0x0000000008099fbe                sqlite3VdbeMemSetDouble
                0x000000000809ac0f                sqlite3ValueFromExpr
                0x000000000809971c                sqlite3VdbeMemExpandBlob
                0x000000000809997a                sqlite3VdbeMemFinalize
                0x000000000809a0fd                sqlite3VdbeMemShallowCopy
                0x0000000008099478                sqlite3VdbeChangeEncoding
                0x0000000008099e64                sqlite3VdbeMemNumerify
                0x000000000809aefb                sqlite3ValueSetStr
                0x0000000008099880                sqlite3VdbeMemStringify
                0x000000000809a012                sqlite3VdbeMemSetRowSet
                0x0000000008099df8                sqlite3VdbeMemIntegerify
                0x0000000008099d74                sqlite3VdbeIntegerAffinity
                0x000000000809a181                sqlite3VdbeMemCopy
 *fill*         0x000000000809afdb        0x1 90909090
 .text          0x000000000809afdc     0x188f /opt/elektrobit/tal/lib/libBusMirror.a(vtab.o)
                0x000000000809c466                sqlite3VtabRollback
                0x000000000809b152                sqlite3_create_module_v2
                0x000000000809b1c4                sqlite3VtabUnlock
                0x000000000809b195                sqlite3GetVTable
                0x000000000809c577                sqlite3VtabOverloadFunction
                0x000000000809b8f7                sqlite3VtabArgInit
                0x000000000809c790                sqlite3VtabMakeWritable
                0x000000000809b181                sqlite3VtabLock
                0x000000000809b64e                sqlite3VtabFinishParse
                0x000000000809bf17                sqlite3VtabCallCreate
                0x000000000809bd19                sqlite3VtabCallConnect
                0x000000000809b449                sqlite3VtabBeginParse
                0x000000000809b2f2                sqlite3VtabClear
                0x000000000809c027                sqlite3_declare_vtab
                0x000000000809b2a0                sqlite3VtabUnlockList
                0x000000000809c4a6                sqlite3VtabBegin
                0x000000000809b924                sqlite3VtabArgExtend
                0x000000000809c235                sqlite3VtabCallDestroy
                0x000000000809c486                sqlite3VtabCommit
                0x000000000809b122                sqlite3_create_module
                0x000000000809c395                sqlite3VtabSync
 *fill*         0x000000000809c86b        0x1 90909090
 .text          0x000000000809c86c     0x6328 /opt/elektrobit/tal/lib/libBusMirror.a(where.o)
                0x00000000080a19f2                sqlite3WhereBegin
                0x00000000080a26f2                sqlite3WhereEnd
 .text          0x00000000080a2b94      0xe66 /opt/elektrobit/tal/lib/libBusMirror.a(analyze.o)
                0x00000000080a3629                sqlite3Analyze
                0x00000000080a38e5                sqlite3DeleteIndexSamples
                0x00000000080a38ea                sqlite3AnalysisLoad
 *fill*         0x00000000080a39fa        0x2 90909090
 .text          0x00000000080a39fc      0xdfc /opt/elektrobit/tal/lib/libBusMirror.a(attach.o)
                0x00000000080a464f                sqlite3FixExpr
                0x00000000080a441d                sqlite3FixInit
                0x00000000080a43de                sqlite3Attach
                0x00000000080a447d                sqlite3FixSrcList
                0x00000000080a459b                sqlite3FixSelect
                0x00000000080a476f                sqlite3FixTriggerStep
                0x00000000080a4709                sqlite3FixExprList
                0x00000000080a439d                sqlite3Detach
 .text          0x00000000080a47f8      0x3da /opt/elektrobit/tal/lib/libBusMirror.a(auth.o)
                0x00000000080a4a9e                sqlite3AuthCheck
                0x00000000080a4ba8                sqlite3AuthContextPop
                0x00000000080a4b80                sqlite3AuthContextPush
                0x00000000080a47f8                sqlite3_set_authorizer
                0x00000000080a4869                sqlite3AuthReadCol
                0x00000000080a495e                sqlite3AuthRead
 *fill*         0x00000000080a4bd2        0x2 90909090
 .text          0x00000000080a4bd4      0xe9b /opt/elektrobit/tal/lib/libBusMirror.a(backup.o)
                0x00000000080a4cfc                sqlite3_backup_init
                0x00000000080a59a8                sqlite3BackupRestart
                0x00000000080a59d1                sqlite3BtreeCopyFile
                0x00000000080a57d4                sqlite3_backup_finish
                0x00000000080a5936                sqlite3_backup_pagecount
                0x00000000080a5941                sqlite3BackupUpdate
                0x00000000080a5193                sqlite3_backup_step
                0x00000000080a592b                sqlite3_backup_remaining
 *fill*         0x00000000080a5a6f        0x1 90909090
 .text          0x00000000080a5a70      0x958 /opt/elektrobit/tal/lib/libBusMirror.a(bitvec.o)
                0x00000000080a6027                sqlite3BitvecDestroy
                0x00000000080a5bdb                sqlite3BitvecSet
                0x00000000080a5a98                sqlite3BitvecTest
                0x00000000080a5e7b                sqlite3BitvecClear
                0x00000000080a6079                sqlite3BitvecBuiltinTest
                0x00000000080a5a70                sqlite3BitvecCreate
                0x00000000080a606f                sqlite3BitvecSize
 .text          0x00000000080a63c8      0x42d /opt/elektrobit/tal/lib/libBusMirror.a(btmutex.o)
                0x00000000080a67a5                sqlite3BtreeMutexArrayLeave
                0x00000000080a6416                sqlite3BtreeEnter
                0x00000000080a6754                sqlite3BtreeMutexArrayEnter
                0x00000000080a6542                sqlite3BtreeEnterAll
                0x00000000080a652d                sqlite3BtreeLeaveCursor
                0x00000000080a64e1                sqlite3BtreeLeave
                0x00000000080a6518                sqlite3BtreeEnterCursor
                0x00000000080a6636                sqlite3BtreeLeaveAll
                0x00000000080a66a0                sqlite3BtreeMutexArrayInsert
 *fill*         0x00000000080a67f5        0x3 90909090
 .text          0x00000000080a67f8     0xb2a2 /opt/elektrobit/tal/lib/libBusMirror.a(btree.o)
                0x00000000080aa764                sqlite3BtreeCommit
                0x00000000080aa2f1                sqlite3BtreeIncrVacuum
                0x00000000080b18b8                sqlite3BtreeIsInReadTrans
                0x00000000080b188c                sqlite3BtreeIsInTrans
                0x00000000080af24b                sqlite3BtreeInsert
                0x00000000080a9289                sqlite3BtreeSetAutoVacuum
                0x00000000080ab9a7                sqlite3BtreeFirst
                0x00000000080b0312                sqlite3BtreeUpdateMeta
                0x00000000080aace0                sqlite3BtreeDataSize
                0x00000000080a9306                sqlite3BtreeGetAutoVacuum
                0x00000000080b19fa                sqlite3BtreePutData
                0x00000000080ac2cc                sqlite3BtreePrevious
                0x00000000080b1938                sqlite3BtreeSchemaLocked
                0x00000000080a86d9                sqlite3BtreeOpen
                0x00000000080a67f8                sqlite3_enable_shared_cache
                0x00000000080ab9fa                sqlite3BtreeLast
                0x00000000080a982a                sqlite3BtreeBeginTrans
                0x00000000080ab350                sqlite3BtreeData
                0x00000000080b13c6                sqlite3BtreeIntegrityCheck
                0x00000000080ac089                sqlite3BtreeNext
                0x00000000080aaab0                sqlite3BtreeCursor
                0x00000000080aff32                sqlite3BtreeClearTable
                0x00000000080b1874                sqlite3BtreeGetJournalname
                0x00000000080ac075                sqlite3BtreeEof
                0x00000000080aa6ed                sqlite3BtreeCommitPhaseTwo
                0x00000000080b185c                sqlite3BtreeGetFilename
                0x00000000080b038e                sqlite3BtreeCount
                0x00000000080aa83f                sqlite3BtreeRollback
                0x00000000080aaafb                sqlite3BtreeCursorSize
                0x00000000080a8f2a                sqlite3BtreeClose
                0x00000000080a91f8                sqlite3BtreeGetPageSize
                0x00000000080b18cc                sqlite3BtreeIsInBackup
                0x00000000080a90ca                sqlite3BtreeSyncDisabled
                0x00000000080b02c7                sqlite3BtreeGetMeta
                0x00000000080a6f47                sqlite3BtreeCursorHasMoved
                0x00000000080aa969                sqlite3BtreeSavepoint
                0x00000000080aab28                sqlite3BtreeSetCachedRowid
                0x00000000080a6d6f                sqlite3BtreeClearCursor
                0x00000000080aa5c7                sqlite3BtreeCommitPhaseOne
                0x00000000080a924e                sqlite3BtreeMaxPageCount
                0x00000000080a9104                sqlite3BtreeSetPageSize
                0x00000000080afce7                sqlite3BtreeCreateTable
                0x00000000080ab4a6                sqlite3BtreeKeyFetch
                0x00000000080aab86                sqlite3BtreeCloseCursor
                0x00000000080aa909                sqlite3BtreeBeginStmt
                0x00000000080aba78                sqlite3BtreeMovetoUnpacked
                0x00000000080aa7af                sqlite3BtreeTripAllCursors
                0x00000000080a9043                sqlite3BtreeSetCacheSize
                0x00000000080b18df                sqlite3BtreeSchema
                0x00000000080aab05                sqlite3BtreeCursorZero
                0x00000000080af5ce                sqlite3BtreeDelete
                0x00000000080ab320                sqlite3BtreeKey
                0x00000000080ab4e0                sqlite3BtreeDataFetch
                0x00000000080a9083                sqlite3BtreeSetSafetyLevel
                0x00000000080b1977                sqlite3BtreeLockTable
                0x00000000080b028a                sqlite3BtreeDropTable
                0x00000000080aab78                sqlite3BtreeGetCachedRowid
                0x00000000080b058f                sqlite3BtreePager
                0x00000000080b1a8e                sqlite3BtreeCacheOverflow
                0x00000000080aac51                sqlite3BtreeKeySize
                0x00000000080a920a                sqlite3BtreeGetReserve
 *fill*         0x00000000080b1a9a        0x2 90909090
 .text          0x00000000080b1a9c     0x60f4 /opt/elektrobit/tal/lib/libBusMirror.a(build.o)
                0x00000000080b68da                sqlite3ArrayAllocate
                0x00000000080b345a                sqlite3AffinityType
                0x00000000080b2b86                sqlite3CheckObjectName
                0x00000000080b28f6                sqlite3NameFromToken
                0x00000000080b2c03                sqlite3StartTable
                0x00000000080b3223                sqlite3AddColumn
                0x00000000080b293e                sqlite3OpenMasterTable
                0x00000000080b65f9                sqlite3DropIndex
                0x00000000080b471f                sqlite3ViewGetColumnNames
                0x00000000080b75d0                sqlite3BeginWriteOperation
                0x00000000080b733d                sqlite3Savepoint
                0x00000000080b1fee                sqlite3NestedParse
                0x00000000080b6f7d                sqlite3SrcListAppendFromTerm
                0x00000000080b3a9b                sqlite3LocateCollSeq
                0x00000000080b5824                sqlite3CreateIndex
                0x00000000080b214d                sqlite3FindTable
                0x00000000080b6ae9                sqlite3IdListIndex
                0x00000000080b7a8c                sqlite3IndexKeyinfo
                0x00000000080b764b                sqlite3MultiWrite
                0x00000000080b26b9                sqlite3CommitInternalChanges
                0x00000000080b6a7e                sqlite3IdListDelete
                0x00000000080b657d                sqlite3DefaultRowEst
                0x00000000080b35cf                sqlite3AddDefaultValue
                0x00000000080b72c7                sqlite3RollbackTransaction
                0x00000000080b6b4d                sqlite3SrcListEnlarge
                0x00000000080b6d04                sqlite3SrcListAppend
                0x00000000080b6e17                sqlite3SrcListAssignCursors
                0x00000000080b7113                sqlite3SrcListShiftJoinType
                0x00000000080b74d7                sqlite3CodeVerifySchema
                0x00000000080b7878                sqlite3Reindex
                0x00000000080b36d7                sqlite3AddPrimaryKey
                0x00000000080b69a6                sqlite3IdListAppend
                0x00000000080b4ba0                sqlite3DropTable
                0x00000000080b7684                sqlite3MayAbort
                0x00000000080b241c                sqlite3UnlinkAndDeleteIndex
                0x00000000080b39b9                sqlite3AddCollateType
                0x00000000080b29f4                sqlite3FindDbName
                0x00000000080b716c                sqlite3BeginTransaction
                0x00000000080b509d                sqlite3CreateForeignKey
                0x00000000080b6e8c                sqlite3SrcListDelete
                0x00000000080b2204                sqlite3LocateTable
                0x00000000080b2a72                sqlite3FindDb
                0x00000000080b279f                sqlite3DeleteTable
                0x00000000080b7251                sqlite3CommitTransaction
                0x00000000080b54b7                sqlite3DeferForeignKey
                0x00000000080b288c                sqlite3UnlinkAndDeleteTable
                0x00000000080b70a8                sqlite3SrcListIndexedBy
                0x00000000080b22c8                sqlite3FindIndex
                0x00000000080b1ca8                sqlite3FinishCoding
                0x00000000080b1abc                sqlite3TableLock
                0x00000000080b3b47                sqlite3ChangeCookie
                0x00000000080b3557                sqlite3AddColumnType
                0x00000000080b3411                sqlite3AddNotNull
                0x00000000080b73fd                sqlite3OpenTempDatabase
                0x00000000080b2ab9                sqlite3TwoPartName
                0x00000000080b76bd                sqlite3HaltConstraint
                0x00000000080b4999                sqlite3RootPageMoved
                0x00000000080b44cf                sqlite3CreateView
                0x00000000080b3951                sqlite3AddCheckConstraint
                0x00000000080b3f7d                sqlite3EndTable
                0x00000000080b1a9c                sqlite3BeginParse
                0x00000000080b24f4                sqlite3ResetInternalSchema
 .text          0x00000000080b7b90      0xa34 /opt/elektrobit/tal/lib/libBusMirror.a(callback.o)
                0x00000000080b8203                sqlite3FindFunction
                0x00000000080b7e00                sqlite3CheckCollSeq
                0x00000000080b7fc6                sqlite3FindCollSeq
                0x00000000080b7d42                sqlite3GetCollSeq
                0x00000000080b8426                sqlite3SchemaFree
                0x00000000080b812d                sqlite3FuncDefInsert
                0x00000000080b852b                sqlite3SchemaGet
 .text          0x00000000080b85c4      0xf68 /opt/elektrobit/tal/lib/libBusMirror.a(delete.o)
                0x00000000080b85c4                sqlite3SrcListLookup
                0x00000000080b864c                sqlite3IsReadOnly
                0x00000000080b8871                sqlite3DeleteFrom
                0x00000000080b8fcc                sqlite3GenerateRowDelete
                0x00000000080b871b                sqlite3MaterializeView
                0x00000000080b92e7                sqlite3GenerateRowIndexDelete
                0x00000000080b939a                sqlite3GenerateIndexKey
 .text          0x00000000080b952c     0x6260 /opt/elektrobit/tal/lib/libBusMirror.a(expr.o)
                0x00000000080bb0df                sqlite3ExprListSetSpan
                0x00000000080bf5b1                sqlite3ExprAnalyzeAggregates
                0x00000000080bb15b                sqlite3ExprListCheckLength
                0x00000000080b952c                sqlite3ExprAffinity
                0x00000000080bcac9                sqlite3ExprCacheAffinityChange
                0x00000000080bee26                sqlite3ExprCompare
                0x00000000080b9e12                sqlite3Expr
                0x00000000080b9f7b                sqlite3ExprAnd
                0x00000000080bcb78                sqlite3ExprCodeCopy
                0x00000000080ba896                sqlite3ExprListDup
                0x00000000080bf5df                sqlite3ExprAnalyzeAggList
                0x00000000080be30d                sqlite3ExprCodeConstants
                0x00000000080bf625                sqlite3GetTempReg
                0x00000000080be9df                sqlite3ExprIfFalse
                0x00000000080baf28                sqlite3ExprListAppend
                0x00000000080bc884                sqlite3ExprCachePop
                0x00000000080bb347                sqlite3ExprIsConstantOrFunction
                0x00000000080bb32c                sqlite3ExprIsConstantNotJoin
                0x00000000080bca7b                sqlite3ExprCacheClear
                0x00000000080b9a73                sqlite3ExprCheckHeight
                0x00000000080ba2cc                sqlite3ExprDelete
                0x00000000080bb502                sqlite3ExprNeedsNoAffinityChange
                0x00000000080b9fee                sqlite3ExprFunction
                0x00000000080bf679                sqlite3ReleaseTempReg
                0x00000000080bf74e                sqlite3ReleaseTempRange
                0x00000000080be07b                sqlite3ExprCodeAndCache
                0x00000000080bc6d3                sqlite3ExprCacheStore
                0x00000000080b988a                sqlite3IndexAffinityOk
                0x00000000080b9679                sqlite3ExprCollSeq
                0x00000000080b9f28                sqlite3PExpr
                0x00000000080bb198                sqlite3ExprListDelete
                0x00000000080bb4ca                sqlite3ExprCodeIsNullJump
                0x00000000080bc807                sqlite3ExprCacheRemove
                0x00000000080bac38                sqlite3IdListDup
                0x00000000080bb7c1                sqlite3FindInIndex
                0x00000000080b991d                sqlite3BinaryCompareCollSeq
                0x00000000080bcaea                sqlite3ExprCodeMove
                0x00000000080bbc13                sqlite3CodeSubselect
                0x00000000080bdfbc                sqlite3ExprCodeTemp
                0x00000000080bcbcb                sqlite3ExprHardCopy
                0x00000000080bb362                sqlite3ExprIsInteger
                0x00000000080ba86d                sqlite3ExprDup
                0x00000000080bc870                sqlite3ExprCachePush
                0x00000000080bcc3e                sqlite3ExprCodeTarget
                0x00000000080ba068                sqlite3ExprAssignVarNumber
                0x00000000080bf6e8                sqlite3GetTempRange
                0x00000000080be59a                sqlite3ExprIfTrue